Archive member included to satisfy reference by file (symbol)

.\CortexM3\ARM_GCC_541\Debug\Project3!_Copy_01.a(UART.o)
                              .\CortexM3\ARM_GCC_541\Debug\main.o (UART_Start)
.\CortexM3\ARM_GCC_541\Debug\Project3!_Copy_01.a(ADC_DelSig.o)
                              .\CortexM3\ARM_GCC_541\Debug\main.o (ADC_DelSig_Start)
.\CortexM3\ARM_GCC_541\Debug\Project3!_Copy_01.a(ADC_DelSig_INT.o)
                              .\CortexM3\ARM_GCC_541\Debug\Project3!_Copy_01.a(ADC_DelSig.o) (ADC_DelSig_ISR1)
.\CortexM3\ARM_GCC_541\Debug\Project3!_Copy_01.a(Timer.o)
                              .\CortexM3\ARM_GCC_541\Debug\Interrupt_Routines.o (Timer_ReadStatusRegister)
.\CortexM3\ARM_GCC_541\Debug\Project3!_Copy_01.a(isr_ADC.o)
                              .\CortexM3\ARM_GCC_541\Debug\main.o (isr_ADC_StartEx)
.\CortexM3\ARM_GCC_541\Debug\Project3!_Copy_01.a(AMux.o)
                              .\CortexM3\ARM_GCC_541\Debug\main.o (AMux_Start)
.\CortexM3\ARM_GCC_541\Debug\Project3!_Copy_01.a(UART_IntClock.o)
                              .\CortexM3\ARM_GCC_541\Debug\Project3!_Copy_01.a(UART.o) (UART_IntClock_Start)
.\CortexM3\ARM_GCC_541\Debug\Project3!_Copy_01.a(ADC_DelSig_AMux.o)
                              .\CortexM3\ARM_GCC_541\Debug\Project3!_Copy_01.a(ADC_DelSig.o) (ADC_DelSig_AMux_Select)
.\CortexM3\ARM_GCC_541\Debug\Project3!_Copy_01.a(ADC_DelSig_Ext_CP_Clk.o)
                              .\CortexM3\ARM_GCC_541\Debug\Project3!_Copy_01.a(ADC_DelSig.o) (ADC_DelSig_Ext_CP_Clk_SetModeRegister)
.\CortexM3\ARM_GCC_541\Debug\Project3!_Copy_01.a(ADC_DelSig_theACLK.o)
                              .\CortexM3\ARM_GCC_541\Debug\Project3!_Copy_01.a(ADC_DelSig.o) (ADC_DelSig_theACLK_SetModeRegister)
.\CortexM3\ARM_GCC_541\Debug\Project3!_Copy_01.a(CyLib.o)
                              .\CortexM3\ARM_GCC_541\Debug\Cm3Start.o (CyHalt)
.\CortexM3\ARM_GCC_541\Debug\Project3!_Copy_01.a(cyPm.o)
                              .\CortexM3\ARM_GCC_541\Debug\Project3!_Copy_01.a(CyLib.o) (CyPmReadStatus)
.\CortexM3\ARM_GCC_541\Debug\Project3!_Copy_01.a(UART_BT.o)
                              .\CortexM3\ARM_GCC_541\Debug\main.o (UART_BT_Start)
.\CortexM3\ARM_GCC_541\Debug\Project3!_Copy_01.a(UART_BT_IntClock.o)
                              .\CortexM3\ARM_GCC_541\Debug\Project3!_Copy_01.a(UART_BT.o) (UART_BT_IntClock_Start)
.\CortexM3\ARM_GCC_541\Debug\Project3!_Copy_01.a(CyBootAsmGnu.o)
                              .\CortexM3\ARM_GCC_541\Debug\cyfitter_cfg.o (CyDelayCycles)
.\CortexM3\ARM_GCC_541\Debug\Project3!_Copy_01.a(CyFlash.o)
                              .\CortexM3\ARM_GCC_541\Debug\Project3!_Copy_01.a(cyPm.o) (CyFlash_SetWaitCycles)
.\CortexM3\ARM_GCC_541\Debug\Project3!_Copy_01.a(CySpc.o)
                              .\CortexM3\ARM_GCC_541\Debug\Project3!_Copy_01.a(CyFlash.o) (CySpcStart)
c:/program files (x86)/cypress/psoc creator/4.4/psoc creator/import/gnu/arm/5.4.1/bin/../lib/gcc/arm-none-eabi/5.4.1/armv7-m\libgcc.a(_arm_addsubdf3.o)
                              .\CortexM3\ARM_GCC_541\Debug\Project3!_Copy_01.a(ADC_DelSig.o) (__aeabi_f2d)
c:/program files (x86)/cypress/psoc creator/4.4/psoc creator/import/gnu/arm/5.4.1/bin/../lib/gcc/arm-none-eabi/5.4.1/armv7-m\libgcc.a(_arm_cmpdf2.o)
                              .\CortexM3\ARM_GCC_541\Debug\Project3!_Copy_01.a(ADC_DelSig.o) (__aeabi_dcmpgt)
c:/program files (x86)/cypress/psoc creator/4.4/psoc creator/import/gnu/arm/5.4.1/bin/../lib/gcc/arm-none-eabi/5.4.1/armv7-m\libgcc.a(_arm_addsubsf3.o)
                              .\CortexM3\ARM_GCC_541\Debug\Project3!_Copy_01.a(ADC_DelSig.o) (__aeabi_ui2f)
c:/program files (x86)/cypress/psoc creator/4.4/psoc creator/import/gnu/arm/5.4.1/bin/../lib/gcc/arm-none-eabi/5.4.1/armv7-m\libgcc.a(_arm_muldivsf3.o)
                              .\CortexM3\ARM_GCC_541\Debug\Project3!_Copy_01.a(ADC_DelSig.o) (__aeabi_fmul)
c:/program files (x86)/cypress/psoc creator/4.4/psoc creator/import/gnu/arm/5.4.1/bin/../lib/gcc/arm-none-eabi/5.4.1/armv7-m\libgcc.a(_arm_fixunssfsi.o)
                              .\CortexM3\ARM_GCC_541\Debug\Project3!_Copy_01.a(ADC_DelSig.o) (__aeabi_f2uiz)
c:/program files (x86)/cypress/psoc creator/4.4/psoc creator/import/gnu/arm/5.4.1/bin/../lib/gcc/arm-none-eabi/5.4.1/../../../../arm-none-eabi/lib/armv7-m\libg_nano.a(lib_a-errno.o)
                              .\CortexM3\ARM_GCC_541\Debug\Cm3Start.o (__errno)
c:/program files (x86)/cypress/psoc creator/4.4/psoc creator/import/gnu/arm/5.4.1/bin/../lib/gcc/arm-none-eabi/5.4.1/../../../../arm-none-eabi/lib/armv7-m\libg_nano.a(lib_a-exit.o)
                              c:/program files (x86)/cypress/psoc creator/4.4/psoc creator/import/gnu/arm/5.4.1/bin/../lib/gcc/arm-none-eabi/5.4.1/../../../../arm-none-eabi/lib/armv7-m/crt0.o (exit)
c:/program files (x86)/cypress/psoc creator/4.4/psoc creator/import/gnu/arm/5.4.1/bin/../lib/gcc/arm-none-eabi/5.4.1/../../../../arm-none-eabi/lib/armv7-m\libg_nano.a(lib_a-impure.o)
[...]
Memory Configuration

Name             Origin             Length             Attributes
rom              0x00000000         0x00040000         xr
ram              0x1fff8000         0x00010000         xrw
*default*        0x00000000         0xffffffff

Linker script and memory map

LOAD c:/program files (x86)/cypress/psoc creator/4.4/psoc creator/import/gnu/arm/5.4.1/bin/../lib/gcc/arm-none-eabi/5.4.1/armv7-m/crti.o
LOAD c:/program files (x86)/cypress/psoc creator/4.4/psoc creator/import/gnu/arm/5.4.1/bin/../lib/gcc/arm-none-eabi/5.4.1/armv7-m/crtbegin.o
LOAD c:/program files (x86)/cypress/psoc creator/4.4/psoc creator/import/gnu/arm/5.4.1/bin/../lib/gcc/arm-none-eabi/5.4.1/../../../../arm-none-eabi/lib/armv7-m/crt0.o
START GROUP
LOAD .\CortexM3\ARM_GCC_541\Debug\main.o
LOAD .\CortexM3\ARM_GCC_541\Debug\Interrupt_Routines.o
LOAD .\CortexM3\ARM_GCC_541\Debug\cyfitter_cfg.o
LOAD .\CortexM3\ARM_GCC_541\Debug\cymetadata.o
LOAD .\CortexM3\ARM_GCC_541\Debug\Cm3Start.o
LOAD .\CortexM3\ARM_GCC_541\Debug\Project3!_Copy_01.a
LOAD C:\Program Files (x86)\Cypress\PSoC Creator\4.4\PSoC Creator\psoc\content\cycomponentlibrary\CyComponentLibrary.cylib\CortexM3\ARM_GCC_541\Debug\CyComponentLibrary.a
END GROUP
START GROUP
LOAD c:/program files (x86)/cypress/psoc creator/4.4/psoc creator/import/gnu/arm/5.4.1/bin/../lib/gcc/arm-none-eabi/5.4.1/armv7-m\libgcc.a
LOAD c:/program files (x86)/cypress/psoc creator/4.4/psoc creator/import/gnu/arm/5.4.1/bin/../lib/gcc/arm-none-eabi/5.4.1/../../../../arm-none-eabi/lib/armv7-m\libg_nano.a
LOAD c:/program files (x86)/cypress/psoc creator/4.4/psoc creator/import/gnu/arm/5.4.1/bin/../lib/gcc/arm-none-eabi/5.4.1/../../../../arm-none-eabi/lib/armv7-m\libc_nano.a
END GROUP
START GROUP
LOAD c:/program files (x86)/cypress/psoc creator/4.4/psoc creator/import/gnu/arm/5.4.1/bin/../lib/gcc/arm-none-eabi/5.4.1/armv7-m\libgcc.a
LOAD c:/program files (x86)/cypress/psoc creator/4.4/psoc creator/import/gnu/arm/5.4.1/bin/../lib/gcc/arm-none-eabi/5.4.1/../../../../arm-none-eabi/lib/armv7-m\libc_nano.a
END GROUP
LOAD c:/program files (x86)/cypress/psoc creator/4.4/psoc creator/import/gnu/arm/5.4.1/bin/../lib/gcc/arm-none-eabi/5.4.1/armv7-m/crtend.o
LOAD c:/program files (x86)/cypress/psoc creator/4.4/psoc creator/import/gnu/arm/5.4.1/bin/../lib/gcc/arm-none-eabi/5.4.1/armv7-m/crtn.o
START GROUP
LOAD c:/program files (x86)/cypress/psoc creator/4.4/psoc creator/import/gnu/arm/5.4.1/bin/../lib/gcc/arm-none-eabi/5.4.1/armv7-m\libgcc.a
LOAD c:/program files (x86)/cypress/psoc creator/4.4/psoc creator/import/gnu/arm/5.4.1/bin/../lib/gcc/arm-none-eabi/5.4.1/../../../../arm-none-eabi/lib/armv7-m\libc.a
LOAD c:/program files (x86)/cypress/psoc creator/4.4/psoc creator/import/gnu/arm/5.4.1/bin/../lib/gcc/arm-none-eabi/5.4.1/../../../../arm-none-eabi/lib/armv7-m\libnosys.a
END GROUP
                0x00000000                CY_APPL_ORIGIN = 0x0
                0x00000100                CY_FLASH_ROW_SIZE = 0x100
                0x00000020                CY_ECC_ROW_SIZE = 0x20
                0x00000000                CY_EE_IN_BTLDR = 0x0
                0x00000000                CY_APPL_LOADABLE = 0x0
                0x00000800                CY_EE_SIZE = 0x800
                0x00000001                CY_APPL_NUM = 0x1
                0x00000001                CY_APPL_MAX = 0x1
                0x00000040                CY_METADATA_SIZE = 0x40
                0x00000000                CY_APPL_LOADABLE = 0x0
                0x00000000                CY_CHECKSUM_EXCLUDE_SIZE = ALIGN (0x0, CY_FLASH_ROW_SIZE)
                [!provide]                PROVIDE (__cy_heap_start, _end)
                0x00000001                PROVIDE (__cy_region_num, ((__cy_regions_end - __cy_regions) / 0x10))
                0x20008000                PROVIDE (__cy_stack, (ORIGIN (ram) + LENGTH (ram)))
                [!provide]                PROVIDE (__cy_heap_end, (__cy_stack - 0x800))

.cybootloader   0x00000000        0x0
 *(.cybootloader)
                0x00000000                appl1_start = CY_APPL_ORIGIN?CY_APPL_ORIGIN:ALIGN (CY_FLASH_ROW_SIZE)
                0x0001ff00                appl2_start = (appl1_start + ALIGN ((((LENGTH (rom) - appl1_start) - (0x2 * CY_FLASH_ROW_SIZE)) / 0x2), CY_FLASH_ROW_SIZE))
                0x00000000                appl_start = (CY_APPL_NUM == 0x1)?appl1_start:appl2_start
                0x00000000                ecc_offset = ((appl_start / CY_FLASH_ROW_SIZE) * CY_ECC_ROW_SIZE)
                0x00000000                ee_offset = (CY_APPL_LOADABLE && ! (CY_EE_IN_BTLDR))?((CY_EE_SIZE / CY_APPL_MAX) * (CY_APPL_NUM - 0x1)):0x0
                0x00000800                ee_size = (CY_APPL_LOADABLE && ! (CY_EE_IN_BTLDR))?(CY_EE_SIZE / CY_APPL_MAX):CY_EE_SIZE
                [!provide]                PROVIDE (CY_ECC_OFFSET, ecc_offset)

.text           0x00000000     0x115e
 CREATE_OBJECT_SYMBOLS
                0x00000000                PROVIDE (__cy_interrupt_vector, RomVectors)
 *(.romvectors)
 .romvectors    0x00000000       0x10 .\CortexM3\ARM_GCC_541\Debug\Cm3Start.o
                0x00000000                RomVectors
                0x00000001                ASSERT ((. != __cy_interrupt_vector), No interrupt vector)
                0x00000001                ASSERT (CY_APPL_ORIGIN?(SIZEOF (.cybootloader) <= CY_APPL_ORIGIN):0x1, Wrong image location)
                0x00000010                PROVIDE (__cy_reset, Reset)
 *(.text.Reset)
 .text.Reset    0x00000010       0x18 .\CortexM3\ARM_GCC_541\Debug\Cm3Start.o
                0x00000010                Reset
                0x00000001                ASSERT ((. != __cy_reset), No reset code)
 *(.dma_init)
                0x00000001                ASSERT ((((appl_start + .) <= 0x10000) || 0x1), DMA Init must be within the first 64k of flash)
 *(.text .text.* .gnu.linkonce.t.*)
 .text          0x00000028       0x5c c:/program files (x86)/cypress/psoc creator/4.4/psoc creator/import/gnu/arm/5.4.1/bin/../lib/gcc/arm-none-eabi/5.4.1/armv7-m/crtbegin.o
 .text.main     0x00000084       0x9c .\CortexM3\ARM_GCC_541\Debug\main.o
                0x00000084                main
 .text.Custom_ISR_ADC
                0x00000120      0x158 .\CortexM3\ARM_GCC_541\Debug\Interrupt_Routines.o
                0x00000120                Custom_ISR_ADC
 .text.CyClockStartupError
                0x00000278        0x4 .\CortexM3\ARM_GCC_541\Debug\cyfitter_cfg.o
 .text.cfg_write_bytes32
                0x0000027c       0x34 .\CortexM3\ARM_GCC_541\Debug\cyfitter_cfg.o
 .text.AnalogSetDefault
                0x000002b0       0x38 .\CortexM3\ARM_GCC_541\Debug\cyfitter_cfg.o
 .text.CYMEMZERO
                0x000002e8        0xc .\CortexM3\ARM_GCC_541\Debug\cyfitter_cfg.o
 .text.CYCONFIGCPY
                0x000002f4        0x8 .\CortexM3\ARM_GCC_541\Debug\cyfitter_cfg.o
 .text.ClockSetup
                0x000002fc      0x10c .\CortexM3\ARM_GCC_541\Debug\cyfitter_cfg.o
 .text.AMux_Set
                0x00000408       0x38 .\CortexM3\ARM_GCC_541\Debug\cyfitter_cfg.o
                0x00000408                AMux_Set
 .text.AMux_Unset
                0x00000440       0x3c .\CortexM3\ARM_GCC_541\Debug\cyfitter_cfg.o
                0x00000440                AMux_Unset
 .text.ADC_DelSig_AMux_Set
                0x0000047c       0x20 .\CortexM3\ARM_GCC_541\Debug\cyfitter_cfg.o
                0x0000047c                ADC_DelSig_AMux_Set
 .text.ADC_DelSig_AMux_Unset
                0x0000049c       0x20 .\CortexM3\ARM_GCC_541\Debug\cyfitter_cfg.o
                0x0000049c                ADC_DelSig_AMux_Unset
 .text.cyfitter_cfg
                0x000004bc      0x12c .\CortexM3\ARM_GCC_541\Debug\cyfitter_cfg.o
                0x000004bc                cyfitter_cfg
 .text.IntDefaultHandler
                0x000005e8       0x10 .\CortexM3\ARM_GCC_541\Debug\Cm3Start.o
                0x000005e8                IntDefaultHandler
 .text.Start_c  0x000005f8       0x4c .\CortexM3\ARM_GCC_541\Debug\Cm3Start.o
                0x000005f8                Start_c
 .text.initialize_psoc
                0x00000644       0x68 .\CortexM3\ARM_GCC_541\Debug\Cm3Start.o
                0x00000644                initialize_psoc
 .text.UART_Init
                0x000006ac       0x18 .\CortexM3\ARM_GCC_541\Debug\Project3!_Copy_01.a(UART.o)
                0x000006ac                UART_Init
 .text.UART_Enable
                0x000006c4       0x24 .\CortexM3\ARM_GCC_541\Debug\Project3!_Copy_01.a(UART.o)
                0x000006c4                UART_Enable
 .text.UART_Start
                0x000006e8       0x1c .\CortexM3\ARM_GCC_541\Debug\Project3!_Copy_01.a(UART.o)
                0x000006e8                UART_Start
 .text.UART_PutChar
                0x00000704       0x18 .\CortexM3\ARM_GCC_541\Debug\Project3!_Copy_01.a(UART.o)
                0x00000704                UART_PutChar
 .text.UART_PutArray
                0x0000071c       0x28 .\CortexM3\ARM_GCC_541\Debug\Project3!_Copy_01.a(UART.o)
                0x0000071c                UART_PutArray
 .text.ADC_DelSig_GainCompensation
                0x00000744       0xdc .\CortexM3\ARM_GCC_541\Debug\Project3!_Copy_01.a(ADC_DelSig.o)
 .text.ADC_DelSig_SetDSMRef0Reg
                0x00000820       0x4c .\CortexM3\ARM_GCC_541\Debug\Project3!_Copy_01.a(ADC_DelSig.o)
 .text.ADC_DelSig_InitConfig
                0x0000086c       0xe0 .\CortexM3\ARM_GCC_541\Debug\Project3!_Copy_01.a(ADC_DelSig.o)
 .text.ADC_DelSig_Init
                0x0000094c       0xc4 .\CortexM3\ARM_GCC_541\Debug\Project3!_Copy_01.a(ADC_DelSig.o)
                0x0000094c                ADC_DelSig_Init
 .text.ADC_DelSig_Enable
                0x00000a10       0xd8 .\CortexM3\ARM_GCC_541\Debug\Project3!_Copy_01.a(ADC_DelSig.o)
                0x00000a10                ADC_DelSig_Enable
 .text.ADC_DelSig_Start
                0x00000ae8       0x28 .\CortexM3\ARM_GCC_541\Debug\Project3!_Copy_01.a(ADC_DelSig.o)
                0x00000ae8                ADC_DelSig_Start
 .text.ADC_DelSig_StartConvert
                0x00000b10       0x10 .\CortexM3\ARM_GCC_541\Debug\Project3!_Copy_01.a(ADC_DelSig.o)
                0x00000b10                ADC_DelSig_StartConvert
 .text.ADC_DelSig_StopConvert
                0x00000b20       0x10 .\CortexM3\ARM_GCC_541\Debug\Project3!_Copy_01.a(ADC_DelSig.o)
                0x00000b20                ADC_DelSig_StopConvert
 .text.ADC_DelSig_IsEndConversion
                0x00000b30       0x30 .\CortexM3\ARM_GCC_541\Debug\Project3!_Copy_01.a(ADC_DelSig.o)
                0x00000b30                ADC_DelSig_IsEndConversion
 .text.ADC_DelSig_GetResult32
                0x00000b60       0x6c .\CortexM3\ARM_GCC_541\Debug\Project3!_Copy_01.a(ADC_DelSig.o)
                0x00000b60                ADC_DelSig_GetResult32
 .text.ADC_DelSig_Read32
                0x00000bcc       0x28 .\CortexM3\ARM_GCC_541\Debug\Project3!_Copy_01.a(ADC_DelSig.o)
                0x00000bcc                ADC_DelSig_Read32
 .text.ADC_DelSig_ISR1
                0x00000bf4        0x4 .\CortexM3\ARM_GCC_541\Debug\Project3!_Copy_01.a(ADC_DelSig_INT.o)
                0x00000bf4                ADC_DelSig_ISR1
 .text.Timer_Enable
                0x00000bf8       0x28 .\CortexM3\ARM_GCC_541\Debug\Project3!_Copy_01.a(Timer.o)
                0x00000bf8                Timer_Enable
 .text.Timer_SetInterruptMode
                0x00000c20        0xc .\CortexM3\ARM_GCC_541\Debug\Project3!_Copy_01.a(Timer.o)
                0x00000c20                Timer_SetInterruptMode
 .text.Timer_ReadStatusRegister
                0x00000c2c        0xc .\CortexM3\ARM_GCC_541\Debug\Project3!_Copy_01.a(Timer.o)
                0x00000c2c                Timer_ReadStatusRegister
 .text.Timer_WritePeriod
                0x00000c38        0xc .\CortexM3\ARM_GCC_541\Debug\Project3!_Copy_01.a(Timer.o)
                0x00000c38                Timer_WritePeriod
 .text.Timer_WriteCounter
                0x00000c44        0xc .\CortexM3\ARM_GCC_541\Debug\Project3!_Copy_01.a(Timer.o)
                0x00000c44                Timer_WriteCounter
 .text.Timer_Init
                0x00000c50       0x64 .\CortexM3\ARM_GCC_541\Debug\Project3!_Copy_01.a(Timer.o)
                0x00000c50                Timer_Init
 .text.Timer_Start
                0x00000cb4       0x1c .\CortexM3\ARM_GCC_541\Debug\Project3!_Copy_01.a(Timer.o)
                0x00000cb4                Timer_Start
 .text.isr_ADC_SetVector
                0x00000cd0        0xc .\CortexM3\ARM_GCC_541\Debug\Project3!_Copy_01.a(isr_ADC.o)
                0x00000cd0                isr_ADC_SetVector
 .text.isr_ADC_SetPriority
                0x00000cdc       0x10 .\CortexM3\ARM_GCC_541\Debug\Project3!_Copy_01.a(isr_ADC.o)
                0x00000cdc                isr_ADC_SetPriority
 .text.isr_ADC_Enable
                0x00000cec        0xc .\CortexM3\ARM_GCC_541\Debug\Project3!_Copy_01.a(isr_ADC.o)
                0x00000cec                isr_ADC_Enable
 .text.isr_ADC_Disable
                0x00000cf8        0xc .\CortexM3\ARM_GCC_541\Debug\Project3!_Copy_01.a(isr_ADC.o)
                0x00000cf8                isr_ADC_Disable
 .text.isr_ADC_StartEx
                0x00000d04       0x1c .\CortexM3\ARM_GCC_541\Debug\Project3!_Copy_01.a(isr_ADC.o)
                0x00000d04                isr_ADC_StartEx
 .text.AMux_Start
                0x00000d20       0x20 .\CortexM3\ARM_GCC_541\Debug\Project3!_Copy_01.a(AMux.o)
                0x00000d20                AMux_Start
 .text.AMux_Select
                0x00000d40       0x18 .\CortexM3\ARM_GCC_541\Debug\Project3!_Copy_01.a(AMux.o)
                0x00000d40                AMux_Select
 .text.UART_IntClock_Start
                0x00000d58       0x1c .\CortexM3\ARM_GCC_541\Debug\Project3!_Copy_01.a(UART_IntClock.o)
                0x00000d58                UART_IntClock_Start
 .text.ADC_DelSig_AMux_Start
                0x00000d74       0x20 .\CortexM3\ARM_GCC_541\Debug\Project3!_Copy_01.a(ADC_DelSig_AMux.o)
                0x00000d74                ADC_DelSig_AMux_Start
 .text.ADC_DelSig_AMux_Select
                0x00000d94       0x18 .\CortexM3\ARM_GCC_541\Debug\Project3!_Copy_01.a(ADC_DelSig_AMux.o)
                0x00000d94                ADC_DelSig_AMux_Select
 .text.ADC_DelSig_Ext_CP_Clk_GetDividerRegister
                0x00000dac        0xc .\CortexM3\ARM_GCC_541\Debug\Project3!_Copy_01.a(ADC_DelSig_Ext_CP_Clk.o)
                0x00000dac                ADC_DelSig_Ext_CP_Clk_GetDividerRegister
 .text.ADC_DelSig_Ext_CP_Clk_SetModeRegister
                0x00000db8       0x14 .\CortexM3\ARM_GCC_541\Debug\Project3!_Copy_01.a(ADC_DelSig_Ext_CP_Clk.o)
                0x00000db8                ADC_DelSig_Ext_CP_Clk_SetModeRegister
 .text.ADC_DelSig_Ext_CP_Clk_GetSourceRegister
                0x00000dcc       0x10 .\CortexM3\ARM_GCC_541\Debug\Project3!_Copy_01.a(ADC_DelSig_Ext_CP_Clk.o)
                0x00000dcc                ADC_DelSig_Ext_CP_Clk_GetSourceRegister
 .text.ADC_DelSig_Ext_CP_Clk_SetDividerRegister
                0x00000ddc       0xd8 .\CortexM3\ARM_GCC_541\Debug\Project3!_Copy_01.a(ADC_DelSig_Ext_CP_Clk.o)
                0x00000ddc                ADC_DelSig_Ext_CP_Clk_SetDividerRegister
 .text.ADC_DelSig_theACLK_GetDividerRegister
                0x00000eb4        0xc .\CortexM3\ARM_GCC_541\Debug\Project3!_Copy_01.a(ADC_DelSig_theACLK.o)
                0x00000eb4                ADC_DelSig_theACLK_GetDividerRegister
 .text.ADC_DelSig_theACLK_SetModeRegister
                0x00000ec0       0x14 .\CortexM3\ARM_GCC_541\Debug\Project3!_Copy_01.a(ADC_DelSig_theACLK.o)
                0x00000ec0                ADC_DelSig_theACLK_SetModeRegister
 .text.ADC_DelSig_theACLK_GetSourceRegister
                0x00000ed4       0x10 .\CortexM3\ARM_GCC_541\Debug\Project3!_Copy_01.a(ADC_DelSig_theACLK.o)
                0x00000ed4                ADC_DelSig_theACLK_GetSourceRegister
 .text.ADC_DelSig_theACLK_SetDividerRegister
                0x00000ee4       0xd8 .\CortexM3\ARM_GCC_541\Debug\Project3!_Copy_01.a(ADC_DelSig_theACLK.o)
                0x00000ee4                ADC_DelSig_theACLK_SetDividerRegister
 .text.CyHalt   0x00000fbc        0x4 .\CortexM3\ARM_GCC_541\Debug\Project3!_Copy_01.a(CyLib.o)
                0x00000fbc                CyHalt
 .text.CyDelayUs
                0x00000fc0       0x14 .\CortexM3\ARM_GCC_541\Debug\Project3!_Copy_01.a(CyLib.o)
                0x00000fc0                CyDelayUs
 .text.CyIntSetVector
                0x00000fd4       0x28 .\CortexM3\ARM_GCC_541\Debug\Project3!_Copy_01.a(CyLib.o)
                0x00000fd4                CyIntSetVector
 .text.CyIntSetPriority
                0x00000ffc       0x30 .\CortexM3\ARM_GCC_541\Debug\Project3!_Copy_01.a(CyLib.o)
                0x00000ffc                CyIntSetPriority
 .text.UART_BT_Init
                0x0000102c       0x24 .\CortexM3\ARM_GCC_541\Debug\Project3!_Copy_01.a(UART_BT.o)
                0x0000102c                UART_BT_Init
 .text.UART_BT_Enable
                0x00001050       0x38 .\CortexM3\ARM_GCC_541\Debug\Project3!_Copy_01.a(UART_BT.o)
                0x00001050                UART_BT_Enable
 .text.UART_BT_Start
                0x00001088       0x1c .\CortexM3\ARM_GCC_541\Debug\Project3!_Copy_01.a(UART_BT.o)
                0x00001088                UART_BT_Start
 .text.UART_BT_IntClock_Start
                0x000010a4       0x1c .\CortexM3\ARM_GCC_541\Debug\Project3!_Copy_01.a(UART_BT_IntClock.o)
                0x000010a4                UART_BT_IntClock_Start
 .text          0x000010c0       0x20 .\CortexM3\ARM_GCC_541\Debug\Project3!_Copy_01.a(CyBootAsmGnu.o)
                0x000010c0                CyDelayCycles
                0x000010d0                CyEnterCriticalSection
                0x000010d8                CyExitCriticalSection
 .text.__errno  0x000010e0        0xc c:/program files (x86)/cypress/psoc creator/4.4/psoc creator/import/gnu/arm/5.4.1/bin/../lib/gcc/arm-none-eabi/5.4.1/../../../../arm-none-eabi/lib/armv7-m\libg_nano.a(lib_a-errno.o)
                0x000010e0                __errno
 .text.__libc_init_array
                0x000010ec       0x4c c:/program files (x86)/cypress/psoc creator/4.4/psoc creator/import/gnu/arm/5.4.1/bin/../lib/gcc/arm-none-eabi/5.4.1/../../../../arm-none-eabi/lib/armv7-m\libg_nano.a(lib_a-init.o)
                0x000010ec                __libc_init_array
 .text.memcpy   0x00001138       0x16 c:/program files (x86)/cypress/psoc creator/4.4/psoc creator/import/gnu/arm/5.4.1/bin/../lib/gcc/arm-none-eabi/5.4.1/../../../../arm-none-eabi/lib/armv7-m\libg_nano.a(lib_a-memcpy-stub.o)
                0x00001138                memcpy
 .text.memset   0x0000114e       0x10 c:/program files (x86)/cypress/psoc creator/4.4/psoc creator/import/gnu/arm/5.4.1/bin/../lib/gcc/arm-none-eabi/5.4.1/../../../../arm-none-eabi/lib/armv7-m\libg_nano.a(lib_a-memset.o)
                0x0000114e                memset
 *(.plt)
 *(.gnu.warning)
 *(.glue_7t)
 .glue_7t       0x0000115e        0x0 linker stubs
 *(.glue_7)
 .glue_7        0x0000115e        0x0 linker stubs
 *(.vfp11_veneer)
 .vfp11_veneer  0x0000115e        0x0 linker stubs
 *(.bootloader)
 *(.ARM.extab* .gnu.linkonce.armextab.*)
 *(.gcc_except_table)

.v4_bx          0x00001160        0x0
 .v4_bx         0x00001160        0x0 linker stubs

.iplt           0x00001160        0x0
 .iplt          0x00001160        0x0 c:/program files (x86)/cypress/psoc creator/4.4/psoc creator/import/gnu/arm/5.4.1/bin/../lib/gcc/arm-none-eabi/5.4.1/armv7-m/crtbegin.o

.eh_frame_hdr
 *(.eh_frame_hdr)

.eh_frame       0x00001160        0x4
 *(.eh_frame)
 .eh_frame      0x00001160        0x0 c:/program files (x86)/cypress/psoc creator/4.4/psoc creator/import/gnu/arm/5.4.1/bin/../lib/gcc/arm-none-eabi/5.4.1/armv7-m/crtbegin.o
 .eh_frame      0x00001160        0x4 c:/program files (x86)/cypress/psoc creator/4.4/psoc creator/import/gnu/arm/5.4.1/bin/../lib/gcc/arm-none-eabi/5.4.1/armv7-m/crtend.o
                [!provide]                PROVIDE (__exidx_start, .)

.ARM.exidx
 *(.ARM.exidx* .gnu.linkonce.armexidx.*)
                0x00001164                __exidx_end = .

.rodata         0x00001164       0xbc
 *(.rodata .rodata.* .gnu.linkonce.r.*)
 .rodata        0x00001164       0x82 .\CortexM3\ARM_GCC_541\Debug\cyfitter_cfg.o
                0x00001164                AMux__addrTable
                0x0000118c                AMux__maskTable
                0x00001198                ADC_DelSig_AMux__addrTable
                0x000011a0                ADC_DelSig_AMux__maskTable
 .rodata.str1.1
                0x000011e6        0x2 c:/program files (x86)/cypress/psoc creator/4.4/psoc creator/import/gnu/arm/5.4.1/bin/../lib/gcc/arm-none-eabi/5.4.1/../../../../arm-none-eabi/lib/armv7-m\libg_nano.a(lib_a-impure.o)
                0x000011e8                . = ALIGN (0x4)
 *(.init)
 .init          0x000011e8        0x4 c:/program files (x86)/cypress/psoc creator/4.4/psoc creator/import/gnu/arm/5.4.1/bin/../lib/gcc/arm-none-eabi/5.4.1/armv7-m/crti.o
                0x000011e8                _init
 .init          0x000011ec        0x8 c:/program files (x86)/cypress/psoc creator/4.4/psoc creator/import/gnu/arm/5.4.1/bin/../lib/gcc/arm-none-eabi/5.4.1/armv7-m/crtn.o
                0x000011f4                . = ALIGN (0x4)
                0x000011f4                __preinit_array_start = .
 *(.preinit_array)
                0x000011f4                __preinit_array_end = .
                0x000011f4                . = ALIGN (0x4)
                0x000011f4                __init_array_start = .
 *(SORT(.init_array.*))
 *(.init_array)
 .init_array    0x000011f4        0x4 c:/program files (x86)/cypress/psoc creator/4.4/psoc creator/import/gnu/arm/5.4.1/bin/../lib/gcc/arm-none-eabi/5.4.1/armv7-m/crtbegin.o
 .init_array    0x000011f8        0x4 .\CortexM3\ARM_GCC_541\Debug\Cm3Start.o
                0x000011fc                __init_array_end = .
                0x000011fc                . = ALIGN (0x4)
 *(.fini)
 .fini          0x000011fc        0x4 c:/program files (x86)/cypress/psoc creator/4.4/psoc creator/import/gnu/arm/5.4.1/bin/../lib/gcc/arm-none-eabi/5.4.1/armv7-m/crti.o
                0x000011fc                _fini
 .fini          0x00001200        0x8 c:/program files (x86)/cypress/psoc creator/4.4/psoc creator/import/gnu/arm/5.4.1/bin/../lib/gcc/arm-none-eabi/5.4.1/armv7-m/crtn.o
                0x00001208                . = ALIGN (0x4)
                0x00001208                __fini_array_start = .
 *(.fini_array)
 .fini_array    0x00001208        0x4 c:/program files (x86)/cypress/psoc creator/4.4/psoc creator/import/gnu/arm/5.4.1/bin/../lib/gcc/arm-none-eabi/5.4.1/armv7-m/crtbegin.o
 *(SORT(.fini_array.*))
                0x0000120c                __fini_array_end = .
                0x0000120c                . = ALIGN (0x4)
 *crtbegin.o(.ctors)
 *(EXCLUDE_FILE(*crtend.o) .ctors)
 *(SORT(.ctors.*))
 *crtend.o(.ctors)
                0x0000120c                . = ALIGN (0x4)
 *crtbegin.o(.dtors)
 *(EXCLUDE_FILE(*crtend.o) .dtors)
 *(SORT(.dtors.*))
 *crtend.o(.dtors)
                0x0000120c                . = ALIGN (0x4)
                0x0000120c                __cy_regions = .
                0x0000120c        0x4 LONG 0x1220 __cy_region_init_ram
                0x00001210        0x4 LONG 0x1fff80c8 __cy_region_start_data
                0x00001214        0x4 LONG 0x80 __cy_region_init_size_ram
                0x00001218        0x4 LONG 0x78 __cy_region_zero_size_ram
                0x0000121c                __cy_regions_end = .
                0x00001220                . = ALIGN (0x8)
 *fill*         0x0000121c        0x4 
                0x00001220                _etext = .

.cy_checksum_exclude
                0x00001220        0x0
 *(.cy_checksum_exclude)

.ramvectors     0x1fff8000       0xc0
                0x1fff8000                __cy_region_start_ram = .
 *(.ramvectors)
 .ramvectors    0x1fff8000       0xc0 .\CortexM3\ARM_GCC_541\Debug\Cm3Start.o
                0x1fff8000                CyRamVectors

.noinit         0x1fff80c0        0x1
 *(.noinit)
 .noinit        0x1fff80c0        0x1 .\CortexM3\ARM_GCC_541\Debug\Project3!_Copy_01.a(CyLib.o)
                0x1fff80c0                CyResetStatus

.data           0x1fff80c8       0x80 load address 0x00001220
                0x1fff80c8                __cy_region_start_data = .
 *(.jcr)
 .jcr           0x1fff80c8        0x0 c:/program files (x86)/cypress/psoc creator/4.4/psoc creator/import/gnu/arm/5.4.1/bin/../lib/gcc/arm-none-eabi/5.4.1/armv7-m/crtbegin.o
 .jcr           0x1fff80c8        0x4 c:/program files (x86)/cypress/psoc creator/4.4/psoc creator/import/gnu/arm/5.4.1/bin/../lib/gcc/arm-none-eabi/5.4.1/armv7-m/crtend.o
 *(.got.plt)
 *(.got)
 *(.shdata)
 *(.data .data.* .gnu.linkonce.d.*)
 .data          0x1fff80cc        0x1 .\CortexM3\ARM_GCC_541\Debug\Project3!_Copy_01.a(ADC_DelSig.o)
                0x1fff80cc                ADC_DelSig_Config
 .data          0x1fff80cd        0x1 .\CortexM3\ARM_GCC_541\Debug\Project3!_Copy_01.a(AMux.o)
 .data          0x1fff80ce        0x1 .\CortexM3\ARM_GCC_541\Debug\Project3!_Copy_01.a(ADC_DelSig_AMux.o)
 *fill*         0x1fff80cf        0x1 
 .data          0x1fff80d0       0x10 .\CortexM3\ARM_GCC_541\Debug\Project3!_Copy_01.a(CyLib.o)
                0x1fff80d0                cydelay_32k_ms
                0x1fff80d4                cydelay_freq_khz
                0x1fff80d8                cydelay_freq_mhz
                0x1fff80dc                cydelay_freq_hz
 .data.impure_data
                0x1fff80e0       0x60 c:/program files (x86)/cypress/psoc creator/4.4/psoc creator/import/gnu/arm/5.4.1/bin/../lib/gcc/arm-none-eabi/5.4.1/../../../../arm-none-eabi/lib/armv7-m\libg_nano.a(lib_a-impure.o)
 .data._impure_ptr
                0x1fff8140        0x4 c:/program files (x86)/cypress/psoc creator/4.4/psoc creator/import/gnu/arm/5.4.1/bin/../lib/gcc/arm-none-eabi/5.4.1/../../../../arm-none-eabi/lib/armv7-m\libg_nano.a(lib_a-impure.o)
                0x1fff8140                _impure_ptr
                0x1fff8148                . = ALIGN (0x8)
 *fill*         0x1fff8144        0x4 
 *(.ram)
                0x1fff8148                _edata = .

.igot.plt       0x1fff8148        0x0 load address 0x000012a0
 .igot.plt      0x1fff8148        0x0 c:/program files (x86)/cypress/psoc creator/4.4/psoc creator/import/gnu/arm/5.4.1/bin/../lib/gcc/arm-none-eabi/5.4.1/armv7-m/crtbegin.o

.bss            0x1fff8148       0x78 load address 0x000012a0
                0x1fff8148                PROVIDE (__bss_start__, .)
 *(.shbss)
 *(.bss .bss.* .gnu.linkonce.b.*)
 .bss           0x1fff8148       0x1c c:/program files (x86)/cypress/psoc creator/4.4/psoc creator/import/gnu/arm/5.4.1/bin/../lib/gcc/arm-none-eabi/5.4.1/armv7-m/crtbegin.o
 .bss           0x1fff8164        0x7 .\CortexM3\ARM_GCC_541\Debug\Interrupt_Routines.o
                0x1fff8164                count
                0x1fff8168                j
                0x1fff8169                i
                0x1fff816a                k
 .bss           0x1fff816b        0x2 .\CortexM3\ARM_GCC_541\Debug\Project3!_Copy_01.a(UART.o)
                0x1fff816b                UART_initVar
 *fill*         0x1fff816d        0x3 
 .bss           0x1fff8170        0xc .\CortexM3\ARM_GCC_541\Debug\Project3!_Copy_01.a(ADC_DelSig.o)
                0x1fff8174                ADC_DelSig_stopConversion
                0x1fff8175                ADC_DelSig_convDone
                0x1fff8176                ADC_DelSig_initVar
                0x1fff8177                ADC_DelSig_started
                0x1fff8178                ADC_DelSig_Offset
 .bss           0x1fff817c        0x1 .\CortexM3\ARM_GCC_541\Debug\Project3!_Copy_01.a(Timer.o)
                0x1fff817c                Timer_initVar
 .bss           0x1fff817d        0x2 .\CortexM3\ARM_GCC_541\Debug\Project3!_Copy_01.a(UART_BT.o)
                0x1fff817d                UART_BT_initVar
 *(COMMON)
 *fill*         0x1fff817f        0x1 
 COMMON         0x1fff8180       0x1a .\CortexM3\ARM_GCC_541\Debug\main.o
                0x1fff8180                PacketReadyFlag1
                0x1fff8184                DataBuffer
                0x1fff818e                led_status
                0x1fff818f                PacketReadyFlag
                0x1fff8190                DataBuffer1
 *fill*         0x1fff819a        0x2 
 COMMON         0x1fff819c       0x20 .\CortexM3\ARM_GCC_541\Debug\Interrupt_Routines.o
                0x1fff819c                value_read1
                0x1fff81a0                value_read
                0x1fff81b0                value_digit
                0x1fff81b4                value_digit1
                0x1fff81b8                codifica
 COMMON         0x1fff81bc        0x4 .\CortexM3\ARM_GCC_541\Debug\Project3!_Copy_01.a(ADC_DelSig.o)
                0x1fff81bc                ADC_DelSig_CountsPerVolt
                0x1fff81c0                . = ALIGN (0x8)
 *(.ram.b)
                0x1fff81c0                _end = .
                0x1fff81c0                __end = .
                0x1fff81c0                PROVIDE (end, .)
                0x1fff81c0                PROVIDE (__bss_end__, .)
                0x00001220                __cy_region_init_ram = LOADADDR (.data)
                0x00000080                __cy_region_init_size_ram = (_edata - ADDR (.data))
                0x00000078                __cy_region_zero_size_ram = (_end - _edata)

.heap           0x1fff81c0       0x80 load address 0x000012a0
                0x1fff81c0                . = _end
                0x1fff8240                . = (. + 0x80)
 *fill*         0x1fff81c0       0x80 
                0x1fff8240                __cy_heap_limit = .

.stack          0x20007800      0x800
                0x20007800                __cy_stack_limit = .
                0x20008000                . = (. + 0x800)
 *fill*         0x20007800      0x800 
                0x00000001                ASSERT ((__cy_stack_limit >= __cy_heap_limit), region RAM overflowed with stack)
                0x00000000                cy_checksum_exclude_size = (CY_APPL_LOADABLE == 0x1)?SIZEOF (.cy_checksum_exclude):0x0
                0x00000001                ASSERT ((cy_checksum_exclude_size <= CY_CHECKSUM_EXCLUDE_SIZE), CY_BOOT: Section .cy_checksum_exclude size exceedes specified limit.)

.cyloadermeta
 *(.cyloadermeta)

.cyloadablemeta
 *(.cyloadablemeta)

.cyconfigecc    0x80000000      0x500
 *(.cyconfigecc)
 .cyconfigecc   0x80000000      0x500 .\CortexM3\ARM_GCC_541\Debug\cymetadata.o
                0x80000000                cy_meta_configecc

.cycustnvl      0x90000000        0x4
 *(.cycustnvl)
 .cycustnvl     0x90000000        0x4 .\CortexM3\ARM_GCC_541\Debug\cymetadata.o
                0x90000000                cy_meta_custnvl

.cywolatch      0x90100000        0x4
 *(.cywolatch)
 .cywolatch     0x90100000        0x4 .\CortexM3\ARM_GCC_541\Debug\cymetadata.o
                0x90100000                cy_meta_wonvl

.cyeeprom       0x90200000        0x0
 *(.cyeeprom)
                0x00000001                ASSERT ((. <= ((0x90200000 + ee_offset) + ee_size)), .cyeeprom data will not fit in EEPROM)

.cyflashprotect
                0x90400000      0x100
 *(.cyflashprotect)
 .cyflashprotect
                0x90400000      0x100 .\CortexM3\ARM_GCC_541\Debug\cymetadata.o
                0x90400000                cy_meta_flashprotect

.cymeta         0x90500000        0xc
 *(.cymeta)
 .cymeta        0x90500000        0xc .\CortexM3\ARM_GCC_541\Debug\cymetadata.o
                0x90500000                cy_metadata

.rel.dyn        0x000012a0        0x0 load address 0x9050000c
 .rel.iplt      0x000012a0        0x0 c:/program files (x86)/cypress/psoc creator/4.4/psoc creator/import/gnu/arm/5.4.1/bin/../lib/gcc/arm-none-eabi/5.4.1/armv7-m/crtbegin.o

.stab
 *(.stab)

.stabstr
 *(.stabstr)

.debug
 *(.debug)

.line
 *(.line)

.debug_srcinfo
 *(.debug_srcinfo)

.debug_sfnames
 *(.debug_sfnames)

.debug_aranges  0x00000000      0xb60
 *(.debug_aranges)
 .debug_aranges
                0x00000000       0x20 .\CortexM3\ARM_GCC_541\Debug\main.o
 .debug_aranges
                0x00000020       0x20 .\CortexM3\ARM_GCC_541\Debug\Interrupt_Routines.o
 .debug_aranges
                0x00000040       0x78 .\CortexM3\ARM_GCC_541\Debug\cyfitter_cfg.o
 .debug_aranges
                0x000000b8       0x18 .\CortexM3\ARM_GCC_541\Debug\cymetadata.o
 .debug_aranges
                0x000000d0       0x48 .\CortexM3\ARM_GCC_541\Debug\Cm3Start.o
 .debug_aranges
                0x00000118       0xa0 .\CortexM3\ARM_GCC_541\Debug\Project3!_Copy_01.a(UART.o)
 .debug_aranges
                0x000001b8       0xe8 .\CortexM3\ARM_GCC_541\Debug\Project3!_Copy_01.a(ADC_DelSig.o)
 .debug_aranges
                0x000002a0       0x38 .\CortexM3\ARM_GCC_541\Debug\Project3!_Copy_01.a(ADC_DelSig_INT.o)
 .debug_aranges
                0x000002d8       0x88 .\CortexM3\ARM_GCC_541\Debug\Project3!_Copy_01.a(Timer.o)
 .debug_aranges
                0x00000360       0x80 .\CortexM3\ARM_GCC_541\Debug\Project3!_Copy_01.a(isr_ADC.o)
 .debug_aranges
                0x000003e0       0x30 .\CortexM3\ARM_GCC_541\Debug\Project3!_Copy_01.a(AMux.o)
 .debug_aranges
                0x00000410       0x70 .\CortexM3\ARM_GCC_541\Debug\Project3!_Copy_01.a(UART_IntClock.o)
 .debug_aranges
                0x00000480       0x30 .\CortexM3\ARM_GCC_541\Debug\Project3!_Copy_01.a(ADC_DelSig_AMux.o)
 .debug_aranges
                0x000004b0       0x70 .\CortexM3\ARM_GCC_541\Debug\Project3!_Copy_01.a(ADC_DelSig_Ext_CP_Clk.o)
 .debug_aranges
                0x00000520       0x80 .\CortexM3\ARM_GCC_541\Debug\Project3!_Copy_01.a(ADC_DelSig_theACLK.o)
 .debug_aranges
                0x000005a0      0x2a0 .\CortexM3\ARM_GCC_541\Debug\Project3!_Copy_01.a(CyLib.o)
 .debug_aranges
                0x00000840       0x98 .\CortexM3\ARM_GCC_541\Debug\Project3!_Copy_01.a(cyPm.o)
 .debug_aranges
                0x000008d8       0xf0 .\CortexM3\ARM_GCC_541\Debug\Project3!_Copy_01.a(UART_BT.o)
 .debug_aranges
                0x000009c8       0x70 .\CortexM3\ARM_GCC_541\Debug\Project3!_Copy_01.a(UART_BT_IntClock.o)
 .debug_aranges
                0x00000a38       0x20 .\CortexM3\ARM_GCC_541\Debug\Project3!_Copy_01.a(CyBootAsmGnu.o)
 .debug_aranges
                0x00000a58       0x88 .\CortexM3\ARM_GCC_541\Debug\Project3!_Copy_01.a(CyFlash.o)
 .debug_aranges
                0x00000ae0       0x80 .\CortexM3\ARM_GCC_541\Debug\Project3!_Copy_01.a(CySpc.o)

.debug_pubnames
 *(.debug_pubnames)

.debug_info     0x00000000     0x62d7
 *(.debug_info .gnu.linkonce.wi.*)
 .debug_info    0x00000000      0x25c .\CortexM3\ARM_GCC_541\Debug\main.o
 .debug_info    0x0000025c      0x291 .\CortexM3\ARM_GCC_541\Debug\Interrupt_Routines.o
 .debug_info    0x000004ed      0x729 .\CortexM3\ARM_GCC_541\Debug\cyfitter_cfg.o
 .debug_info    0x00000c16      0x136 .\CortexM3\ARM_GCC_541\Debug\cymetadata.o
 .debug_info    0x00000d4c      0x3bb .\CortexM3\ARM_GCC_541\Debug\Cm3Start.o
 .debug_info    0x00001107      0x45c .\CortexM3\ARM_GCC_541\Debug\Project3!_Copy_01.a(UART.o)
 .debug_info    0x00001563      0xa19 .\CortexM3\ARM_GCC_541\Debug\Project3!_Copy_01.a(ADC_DelSig.o)
 .debug_info    0x00001f7c       0xd3 .\CortexM3\ARM_GCC_541\Debug\Project3!_Copy_01.a(ADC_DelSig_INT.o)
 .debug_info    0x0000204f      0x293 .\CortexM3\ARM_GCC_541\Debug\Project3!_Copy_01.a(Timer.o)
 .debug_info    0x000022e2      0x2d2 .\CortexM3\ARM_GCC_541\Debug\Project3!_Copy_01.a(isr_ADC.o)
 .debug_info    0x000025b4      0x165 .\CortexM3\ARM_GCC_541\Debug\Project3!_Copy_01.a(AMux.o)
 .debug_info    0x00002719      0x283 .\CortexM3\ARM_GCC_541\Debug\Project3!_Copy_01.a(UART_IntClock.o)
 .debug_info    0x0000299c      0x165 .\CortexM3\ARM_GCC_541\Debug\Project3!_Copy_01.a(ADC_DelSig_AMux.o)
 .debug_info    0x00002b01      0x283 .\CortexM3\ARM_GCC_541\Debug\Project3!_Copy_01.a(ADC_DelSig_Ext_CP_Clk.o)
 .debug_info    0x00002d84      0x2c4 .\CortexM3\ARM_GCC_541\Debug\Project3!_Copy_01.a(ADC_DelSig_theACLK.o)
 .debug_info    0x00003048     0x1374 .\CortexM3\ARM_GCC_541\Debug\Project3!_Copy_01.a(CyLib.o)
 .debug_info    0x000043bc      0xa2a .\CortexM3\ARM_GCC_541\Debug\Project3!_Copy_01.a(cyPm.o)
 .debug_info    0x00004de6      0x60c .\CortexM3\ARM_GCC_541\Debug\Project3!_Copy_01.a(UART_BT.o)
 .debug_info    0x000053f2      0x283 .\CortexM3\ARM_GCC_541\Debug\Project3!_Copy_01.a(UART_BT_IntClock.o)
 .debug_info    0x00005675       0xc5 .\CortexM3\ARM_GCC_541\Debug\Project3!_Copy_01.a(CyBootAsmGnu.o)
 .debug_info    0x0000573a      0x64d .\CortexM3\ARM_GCC_541\Debug\Project3!_Copy_01.a(CyFlash.o)
 .debug_info    0x00005d87      0x550 .\CortexM3\ARM_GCC_541\Debug\Project3!_Copy_01.a(CySpc.o)

.debug_abbrev   0x00000000     0x1b74
 *(.debug_abbrev)
 .debug_abbrev  0x00000000       0xe9 .\CortexM3\ARM_GCC_541\Debug\main.o
 .debug_abbrev  0x000000e9       0xdf .\CortexM3\ARM_GCC_541\Debug\Interrupt_Routines.o
 .debug_abbrev  0x000001c8      0x22d .\CortexM3\ARM_GCC_541\Debug\cyfitter_cfg.o
 .debug_abbrev  0x000003f5       0x77 .\CortexM3\ARM_GCC_541\Debug\cymetadata.o
 .debug_abbrev  0x0000046c      0x1e8 .\CortexM3\ARM_GCC_541\Debug\Cm3Start.o
 .debug_abbrev  0x00000654      0x175 .\CortexM3\ARM_GCC_541\Debug\Project3!_Copy_01.a(UART.o)
 .debug_abbrev  0x000007c9      0x1eb .\CortexM3\ARM_GCC_541\Debug\Project3!_Copy_01.a(ADC_DelSig.o)
 .debug_abbrev  0x000009b4       0x42 .\CortexM3\ARM_GCC_541\Debug\Project3!_Copy_01.a(ADC_DelSig_INT.o)
 .debug_abbrev  0x000009f6      0x11a .\CortexM3\ARM_GCC_541\Debug\Project3!_Copy_01.a(Timer.o)
 .debug_abbrev  0x00000b10      0x173 .\CortexM3\ARM_GCC_541\Debug\Project3!_Copy_01.a(isr_ADC.o)
 .debug_abbrev  0x00000c83       0xb1 .\CortexM3\ARM_GCC_541\Debug\Project3!_Copy_01.a(AMux.o)
 .debug_abbrev  0x00000d34      0x139 .\CortexM3\ARM_GCC_541\Debug\Project3!_Copy_01.a(UART_IntClock.o)
 .debug_abbrev  0x00000e6d       0xb1 .\CortexM3\ARM_GCC_541\Debug\Project3!_Copy_01.a(ADC_DelSig_AMux.o)
 .debug_abbrev  0x00000f1e      0x139 .\CortexM3\ARM_GCC_541\Debug\Project3!_Copy_01.a(ADC_DelSig_Ext_CP_Clk.o)
 .debug_abbrev  0x00001057      0x121 .\CortexM3\ARM_GCC_541\Debug\Project3!_Copy_01.a(ADC_DelSig_theACLK.o)
 .debug_abbrev  0x00001178      0x254 .\CortexM3\ARM_GCC_541\Debug\Project3!_Copy_01.a(CyLib.o)
 .debug_abbrev  0x000013cc      0x1ab .\CortexM3\ARM_GCC_541\Debug\Project3!_Copy_01.a(cyPm.o)
 .debug_abbrev  0x00001577      0x175 .\CortexM3\ARM_GCC_541\Debug\Project3!_Copy_01.a(UART_BT.o)
 .debug_abbrev  0x000016ec      0x139 .\CortexM3\ARM_GCC_541\Debug\Project3!_Copy_01.a(UART_BT_IntClock.o)
 .debug_abbrev  0x00001825       0x14 .\CortexM3\ARM_GCC_541\Debug\Project3!_Copy_01.a(CyBootAsmGnu.o)
 .debug_abbrev  0x00001839      0x1a7 .\CortexM3\ARM_GCC_541\Debug\Project3!_Copy_01.a(CyFlash.o)
 .debug_abbrev  0x000019e0      0x194 .\CortexM3\ARM_GCC_541\Debug\Project3!_Copy_01.a(CySpc.o)

.debug_line     0x00000000     0x2cf2
 *(.debug_line)
 .debug_line    0x00000000      0x1ed .\CortexM3\ARM_GCC_541\Debug\main.o
 .debug_line    0x000001ed      0x22f .\CortexM3\ARM_GCC_541\Debug\Interrupt_Routines.o
 .debug_line    0x0000041c      0x253 .\CortexM3\ARM_GCC_541\Debug\cyfitter_cfg.o
 .debug_line    0x0000066f      0x141 .\CortexM3\ARM_GCC_541\Debug\cymetadata.o
 .debug_line    0x000007b0      0x234 .\CortexM3\ARM_GCC_541\Debug\Cm3Start.o
 .debug_line    0x000009e4      0x1f0 .\CortexM3\ARM_GCC_541\Debug\Project3!_Copy_01.a(UART.o)
 .debug_line    0x00000bd4      0x373 .\CortexM3\ARM_GCC_541\Debug\Project3!_Copy_01.a(ADC_DelSig.o)
 .debug_line    0x00000f47       0x87 .\CortexM3\ARM_GCC_541\Debug\Project3!_Copy_01.a(ADC_DelSig_INT.o)
 .debug_line    0x00000fce      0x153 .\CortexM3\ARM_GCC_541\Debug\Project3!_Copy_01.a(Timer.o)
 .debug_line    0x00001121      0x134 .\CortexM3\ARM_GCC_541\Debug\Project3!_Copy_01.a(isr_ADC.o)
 .debug_line    0x00001255       0xa8 .\CortexM3\ARM_GCC_541\Debug\Project3!_Copy_01.a(AMux.o)
 .debug_line    0x000012fd      0x17c .\CortexM3\ARM_GCC_541\Debug\Project3!_Copy_01.a(UART_IntClock.o)
 .debug_line    0x00001479       0xb3 .\CortexM3\ARM_GCC_541\Debug\Project3!_Copy_01.a(ADC_DelSig_AMux.o)
 .debug_line    0x0000152c      0x184 .\CortexM3\ARM_GCC_541\Debug\Project3!_Copy_01.a(ADC_DelSig_Ext_CP_Clk.o)
 .debug_line    0x000016b0      0x1a4 .\CortexM3\ARM_GCC_541\Debug\Project3!_Copy_01.a(ADC_DelSig_theACLK.o)
 .debug_line    0x00001854      0x816 .\CortexM3\ARM_GCC_541\Debug\Project3!_Copy_01.a(CyLib.o)
 .debug_line    0x0000206a      0x367 .\CortexM3\ARM_GCC_541\Debug\Project3!_Copy_01.a(cyPm.o)
 .debug_line    0x000023d1      0x2c2 .\CortexM3\ARM_GCC_541\Debug\Project3!_Copy_01.a(UART_BT.o)
 .debug_line    0x00002693      0x17f .\CortexM3\ARM_GCC_541\Debug\Project3!_Copy_01.a(UART_BT_IntClock.o)
 .debug_line    0x00002812       0x66 .\CortexM3\ARM_GCC_541\Debug\Project3!_Copy_01.a(CyBootAsmGnu.o)
 .debug_line    0x00002878      0x21a .\CortexM3\ARM_GCC_541\Debug\Project3!_Copy_01.a(CyFlash.o)
 .debug_line    0x00002a92      0x260 .\CortexM3\ARM_GCC_541\Debug\Project3!_Copy_01.a(CySpc.o)

.debug_frame    0x00000000     0x1c7c
 *(.debug_frame)
 .debug_frame   0x00000000       0x2c .\CortexM3\ARM_GCC_541\Debug\main.o
 .debug_frame   0x0000002c       0x2c .\CortexM3\ARM_GCC_541\Debug\Interrupt_Routines.o
 .debug_frame   0x00000058      0x13c .\CortexM3\ARM_GCC_541\Debug\cyfitter_cfg.o
 .debug_frame   0x00000194       0xb8 .\CortexM3\ARM_GCC_541\Debug\Cm3Start.o
 .debug_frame   0x0000024c      0x198 .\CortexM3\ARM_GCC_541\Debug\Project3!_Copy_01.a(UART.o)
 .debug_frame   0x000003e4      0x284 .\CortexM3\ARM_GCC_541\Debug\Project3!_Copy_01.a(ADC_DelSig.o)
 .debug_frame   0x00000668       0x50 .\CortexM3\ARM_GCC_541\Debug\Project3!_Copy_01.a(ADC_DelSig_INT.o)
 .debug_frame   0x000006b8      0x108 .\CortexM3\ARM_GCC_541\Debug\Project3!_Copy_01.a(Timer.o)
 .debug_frame   0x000007c0      0x104 .\CortexM3\ARM_GCC_541\Debug\Project3!_Copy_01.a(isr_ADC.o)
 .debug_frame   0x000008c4       0x64 .\CortexM3\ARM_GCC_541\Debug\Project3!_Copy_01.a(AMux.o)
 .debug_frame   0x00000928       0xe0 .\CortexM3\ARM_GCC_541\Debug\Project3!_Copy_01.a(UART_IntClock.o)
 .debug_frame   0x00000a08       0x64 .\CortexM3\ARM_GCC_541\Debug\Project3!_Copy_01.a(ADC_DelSig_AMux.o)
 .debug_frame   0x00000a6c       0xe0 .\CortexM3\ARM_GCC_541\Debug\Project3!_Copy_01.a(ADC_DelSig_Ext_CP_Clk.o)
 .debug_frame   0x00000b4c      0x100 .\CortexM3\ARM_GCC_541\Debug\Project3!_Copy_01.a(ADC_DelSig_theACLK.o)
 .debug_frame   0x00000c4c      0x738 .\CortexM3\ARM_GCC_541\Debug\Project3!_Copy_01.a(CyLib.o)
 .debug_frame   0x00001384      0x1f8 .\CortexM3\ARM_GCC_541\Debug\Project3!_Copy_01.a(cyPm.o)
 .debug_frame   0x0000157c      0x250 .\CortexM3\ARM_GCC_541\Debug\Project3!_Copy_01.a(UART_BT.o)
 .debug_frame   0x000017cc       0xe0 .\CortexM3\ARM_GCC_541\Debug\Project3!_Copy_01.a(UART_BT_IntClock.o)
 .debug_frame   0x000018ac      0x194 .\CortexM3\ARM_GCC_541\Debug\Project3!_Copy_01.a(CyFlash.o)
 .debug_frame   0x00001a40      0x180 .\CortexM3\ARM_GCC_541\Debug\Project3!_Copy_01.a(CySpc.o)
 .debug_frame   0x00001bc0       0x20 c:/program files (x86)/cypress/psoc creator/4.4/psoc creator/import/gnu/arm/5.4.1/bin/../lib/gcc/arm-none-eabi/5.4.1/../../../../arm-none-eabi/lib/armv7-m\libg_nano.a(lib_a-errno.o)
 .debug_frame   0x00001be0       0x28 c:/program files (x86)/cypress/psoc creator/4.4/psoc creator/import/gnu/arm/5.4.1/bin/../lib/gcc/arm-none-eabi/5.4.1/../../../../arm-none-eabi/lib/armv7-m\libg_nano.a(lib_a-exit.o)
 .debug_frame   0x00001c08       0x2c c:/program files (x86)/cypress/psoc creator/4.4/psoc creator/import/gnu/arm/5.4.1/bin/../lib/gcc/arm-none-eabi/5.4.1/../../../../arm-none-eabi/lib/armv7-m\libg_nano.a(lib_a-init.o)
 .debug_frame   0x00001c34       0x28 c:/program files (x86)/cypress/psoc creator/4.4/psoc creator/import/gnu/arm/5.4.1/bin/../lib/gcc/arm-none-eabi/5.4.1/../../../../arm-none-eabi/lib/armv7-m\libg_nano.a(lib_a-memcpy-stub.o)
 .debug_frame   0x00001c5c       0x20 c:/program files (x86)/cypress/psoc creator/4.4/psoc creator/import/gnu/arm/5.4.1/bin/../lib/gcc/arm-none-eabi/5.4.1/../../../../arm-none-eabi/lib/armv7-m\libg_nano.a(lib_a-memset.o)

.debug_str      0x00000000     0x2691
 *(.debug_str)
 .debug_str     0x00000000      0x25b .\CortexM3\ARM_GCC_541\Debug\main.o
                                0x2bb (size before relaxing)
 .debug_str     0x0000025b       0x9c .\CortexM3\ARM_GCC_541\Debug\Interrupt_Routines.o
                                0x2dd (size before relaxing)
 .debug_str     0x000002f7      0x218 .\CortexM3\ARM_GCC_541\Debug\cyfitter_cfg.o
                                0x415 (size before relaxing)
 .debug_str     0x0000050f       0x75 .\CortexM3\ARM_GCC_541\Debug\cymetadata.o
                                0x219 (size before relaxing)
 .debug_str     0x00000584      0x144 .\CortexM3\ARM_GCC_541\Debug\Cm3Start.o
                                0x33f (size before relaxing)
 .debug_str     0x000006c8      0x1f3 .\CortexM3\ARM_GCC_541\Debug\Project3!_Copy_01.a(UART.o)
                                0x3d3 (size before relaxing)
 .debug_str     0x000008bb      0x47b .\CortexM3\ARM_GCC_541\Debug\Project3!_Copy_01.a(ADC_DelSig.o)
                                0x71d (size before relaxing)
 .debug_str     0x00000d36       0x68 .\CortexM3\ARM_GCC_541\Debug\Project3!_Copy_01.a(ADC_DelSig_INT.o)
                                0x218 (size before relaxing)
 .debug_str     0x00000d9e      0x135 .\CortexM3\ARM_GCC_541\Debug\Project3!_Copy_01.a(Timer.o)
                                0x32a (size before relaxing)
 .debug_str     0x00000ed3      0x10a .\CortexM3\ARM_GCC_541\Debug\Project3!_Copy_01.a(isr_ADC.o)
                                0x2f7 (size before relaxing)
 .debug_str     0x00000fdd       0x23 .\CortexM3\ARM_GCC_541\Debug\Project3!_Copy_01.a(AMux.o)
                                0x218 (size before relaxing)
 .debug_str     0x00001000      0x181 .\CortexM3\ARM_GCC_541\Debug\Project3!_Copy_01.a(UART_IntClock.o)
                                0x36b (size before relaxing)
 .debug_str     0x00001181       0x76 .\CortexM3\ARM_GCC_541\Debug\Project3!_Copy_01.a(ADC_DelSig_AMux.o)
                                0x265 (size before relaxing)
 .debug_str     0x000011f7      0x170 .\CortexM3\ARM_GCC_541\Debug\Project3!_Copy_01.a(ADC_DelSig_Ext_CP_Clk.o)
                                0x3cb (size before relaxing)
 .debug_str     0x00001367      0x1a3 .\CortexM3\ARM_GCC_541\Debug\Project3!_Copy_01.a(ADC_DelSig_theACLK.o)
                                0x3f8 (size before relaxing)
 .debug_str     0x0000150a      0x7df .\CortexM3\ARM_GCC_541\Debug\Project3!_Copy_01.a(CyLib.o)
                                0xa7c (size before relaxing)
 .debug_str     0x00001ce9      0x365 .\CortexM3\ARM_GCC_541\Debug\Project3!_Copy_01.a(cyPm.o)
                                0x768 (size before relaxing)
 .debug_str     0x0000204e      0x286 .\CortexM3\ARM_GCC_541\Debug\Project3!_Copy_01.a(UART_BT.o)
                                0x507 (size before relaxing)
 .debug_str     0x000022d4      0x156 .\CortexM3\ARM_GCC_541\Debug\Project3!_Copy_01.a(UART_BT_IntClock.o)
                                0x38f (size before relaxing)
 .debug_str     0x0000242a      0x1bb .\CortexM3\ARM_GCC_541\Debug\Project3!_Copy_01.a(CyFlash.o)
                                0x3f5 (size before relaxing)
 .debug_str     0x000025e5       0xac .\CortexM3\ARM_GCC_541\Debug\Project3!_Copy_01.a(CySpc.o)
                                0x36d (size before relaxing)

.debug_loc      0x00000000     0x2c34
 *(.debug_loc)
 .debug_loc     0x00000000       0x29 .\CortexM3\ARM_GCC_541\Debug\main.o
 .debug_loc     0x00000029      0x349 .\CortexM3\ARM_GCC_541\Debug\cyfitter_cfg.o
 .debug_loc     0x00000372      0x144 .\CortexM3\ARM_GCC_541\Debug\Cm3Start.o
 .debug_loc     0x000004b6      0x1f7 .\CortexM3\ARM_GCC_541\Debug\Project3!_Copy_01.a(UART.o)
 .debug_loc     0x000006ad      0x68c .\CortexM3\ARM_GCC_541\Debug\Project3!_Copy_01.a(ADC_DelSig.o)
 .debug_loc     0x00000d39       0x56 .\CortexM3\ARM_GCC_541\Debug\Project3!_Copy_01.a(isr_ADC.o)
 .debug_loc     0x00000d8f       0x6c .\CortexM3\ARM_GCC_541\Debug\Project3!_Copy_01.a(AMux.o)
 .debug_loc     0x00000dfb      0x128 .\CortexM3\ARM_GCC_541\Debug\Project3!_Copy_01.a(UART_IntClock.o)
 .debug_loc     0x00000f23       0x6c .\CortexM3\ARM_GCC_541\Debug\Project3!_Copy_01.a(ADC_DelSig_AMux.o)
 .debug_loc     0x00000f8f      0x12c .\CortexM3\ARM_GCC_541\Debug\Project3!_Copy_01.a(ADC_DelSig_Ext_CP_Clk.o)
 .debug_loc     0x000010bb      0x14d .\CortexM3\ARM_GCC_541\Debug\Project3!_Copy_01.a(ADC_DelSig_theACLK.o)
 .debug_loc     0x00001208      0xa11 .\CortexM3\ARM_GCC_541\Debug\Project3!_Copy_01.a(CyLib.o)
 .debug_loc     0x00001c19      0x1e4 .\CortexM3\ARM_GCC_541\Debug\Project3!_Copy_01.a(cyPm.o)
 .debug_loc     0x00001dfd      0x258 .\CortexM3\ARM_GCC_541\Debug\Project3!_Copy_01.a(UART_BT.o)
 .debug_loc     0x00002055      0x128 .\CortexM3\ARM_GCC_541\Debug\Project3!_Copy_01.a(UART_BT_IntClock.o)
 .debug_loc     0x0000217d      0x3b2 .\CortexM3\ARM_GCC_541\Debug\Project3!_Copy_01.a(CyFlash.o)
 .debug_loc     0x0000252f      0x705 .\CortexM3\ARM_GCC_541\Debug\Project3!_Copy_01.a(CySpc.o)

.debug_macinfo
 *(.debug_macinfo)

.debug_ranges   0x00000000      0xa00
 *(.debug_ranges)
 .debug_ranges  0x00000000       0x28 .\CortexM3\ARM_GCC_541\Debug\main.o
 .debug_ranges  0x00000028       0x10 .\CortexM3\ARM_GCC_541\Debug\Interrupt_Routines.o
 .debug_ranges  0x00000038       0x68 .\CortexM3\ARM_GCC_541\Debug\cyfitter_cfg.o
 .debug_ranges  0x000000a0       0x38 .\CortexM3\ARM_GCC_541\Debug\Cm3Start.o
 .debug_ranges  0x000000d8       0x90 .\CortexM3\ARM_GCC_541\Debug\Project3!_Copy_01.a(UART.o)
 .debug_ranges  0x00000168       0xd8 .\CortexM3\ARM_GCC_541\Debug\Project3!_Copy_01.a(ADC_DelSig.o)
 .debug_ranges  0x00000240       0x28 .\CortexM3\ARM_GCC_541\Debug\Project3!_Copy_01.a(ADC_DelSig_INT.o)
 .debug_ranges  0x00000268       0x78 .\CortexM3\ARM_GCC_541\Debug\Project3!_Copy_01.a(Timer.o)
 .debug_ranges  0x000002e0       0x70 .\CortexM3\ARM_GCC_541\Debug\Project3!_Copy_01.a(isr_ADC.o)
 .debug_ranges  0x00000350       0x20 .\CortexM3\ARM_GCC_541\Debug\Project3!_Copy_01.a(AMux.o)
 .debug_ranges  0x00000370       0x60 .\CortexM3\ARM_GCC_541\Debug\Project3!_Copy_01.a(UART_IntClock.o)
 .debug_ranges  0x000003d0       0x20 .\CortexM3\ARM_GCC_541\Debug\Project3!_Copy_01.a(ADC_DelSig_AMux.o)
 .debug_ranges  0x000003f0       0x60 .\CortexM3\ARM_GCC_541\Debug\Project3!_Copy_01.a(ADC_DelSig_Ext_CP_Clk.o)
 .debug_ranges  0x00000450       0x70 .\CortexM3\ARM_GCC_541\Debug\Project3!_Copy_01.a(ADC_DelSig_theACLK.o)
 .debug_ranges  0x000004c0      0x290 .\CortexM3\ARM_GCC_541\Debug\Project3!_Copy_01.a(CyLib.o)
 .debug_ranges  0x00000750       0x88 .\CortexM3\ARM_GCC_541\Debug\Project3!_Copy_01.a(cyPm.o)
 .debug_ranges  0x000007d8       0xe0 .\CortexM3\ARM_GCC_541\Debug\Project3!_Copy_01.a(UART_BT.o)
 .debug_ranges  0x000008b8       0x60 .\CortexM3\ARM_GCC_541\Debug\Project3!_Copy_01.a(UART_BT_IntClock.o)
 .debug_ranges  0x00000918       0x78 .\CortexM3\ARM_GCC_541\Debug\Project3!_Copy_01.a(CyFlash.o)
 .debug_ranges  0x00000990       0x70 .\CortexM3\ARM_GCC_541\Debug\Project3!_Copy_01.a(CySpc.o)

.comment        0x00000000       0x6e
 .comment       0x00000000       0x6e .\CortexM3\ARM_GCC_541\Debug\main.o
                                 0x6f (size before relaxing)
 .comment       0x0000006e       0x6f .\CortexM3\ARM_GCC_541\Debug\Interrupt_Routines.o
 .comment       0x0000006e       0x6f .\CortexM3\ARM_GCC_541\Debug\cyfitter_cfg.o
 .comment       0x0000006e       0x6f .\CortexM3\ARM_GCC_541\Debug\cymetadata.o
 .comment       0x0000006e       0x6f .\CortexM3\ARM_GCC_541\Debug\Cm3Start.o
 .comment       0x0000006e       0x6f .\CortexM3\ARM_GCC_541\Debug\Project3!_Copy_01.a(UART.o)
 .comment       0x0000006e       0x6f .\CortexM3\ARM_GCC_541\Debug\Project3!_Copy_01.a(ADC_DelSig.o)
 .comment       0x0000006e       0x6f .\CortexM3\ARM_GCC_541\Debug\Project3!_Copy_01.a(ADC_DelSig_INT.o)
 .comment       0x0000006e       0x6f .\CortexM3\ARM_GCC_541\Debug\Project3!_Copy_01.a(Timer.o)
 .comment       0x0000006e       0x6f .\CortexM3\ARM_GCC_541\Debug\Project3!_Copy_01.a(isr_ADC.o)
 .comment       0x0000006e       0x6f .\CortexM3\ARM_GCC_541\Debug\Project3!_Copy_01.a(AMux.o)
 .comment       0x0000006e       0x6f .\CortexM3\ARM_GCC_541\Debug\Project3!_Copy_01.a(UART_IntClock.o)
 .comment       0x0000006e       0x6f .\CortexM3\ARM_GCC_541\Debug\Project3!_Copy_01.a(ADC_DelSig_AMux.o)
 .comment       0x0000006e       0x6f .\CortexM3\ARM_GCC_541\Debug\Project3!_Copy_01.a(ADC_DelSig_Ext_CP_Clk.o)
 .comment       0x0000006e       0x6f .\CortexM3\ARM_GCC_541\Debug\Project3!_Copy_01.a(ADC_DelSig_theACLK.o)
 .comment       0x0000006e       0x6f .\CortexM3\ARM_GCC_541\Debug\Project3!_Copy_01.a(CyLib.o)
 .comment       0x0000006e       0x6f .\CortexM3\ARM_GCC_541\Debug\Project3!_Copy_01.a(cyPm.o)
 .comment       0x0000006e       0x6f .\CortexM3\ARM_GCC_541\Debug\Project3!_Copy_01.a(UART_BT.o)
 .comment       0x0000006e       0x6f .\CortexM3\ARM_GCC_541\Debug\Project3!_Copy_01.a(UART_BT_IntClock.o)
 .comment       0x0000006e       0x6f .\CortexM3\ARM_GCC_541\Debug\Project3!_Copy_01.a(CyFlash.o)
 .comment       0x0000006e       0x6f .\CortexM3\ARM_GCC_541\Debug\Project3!_Copy_01.a(CySpc.o)

.debug_weaknames
 *(.debug_weaknames)

.debug_funcnames
 *(.debug_funcnames)

.debug_typenames
 *(.debug_typenames)

.debug_varnames
 *(.debug_varnames)

.note.gnu.arm.ident
 *(.note.gnu.arm.ident)

.ARM.attributes
                0x00000000       0x29
 *(.ARM.attributes)
 .ARM.attributes
                0x00000000       0x1d c:/program files (x86)/cypress/psoc creator/4.4/psoc creator/import/gnu/arm/5.4.1/bin/../lib/gcc/arm-none-eabi/5.4.1/armv7-m/crti.o
 .ARM.attributes
                0x0000001d       0x2d c:/program files (x86)/cypress/psoc creator/4.4/psoc creator/import/gnu/arm/5.4.1/bin/../lib/gcc/arm-none-eabi/5.4.1/armv7-m/crtbegin.o
 .ARM.attributes
                0x0000004a       0x1b c:/program files (x86)/cypress/psoc creator/4.4/psoc creator/import/gnu/arm/5.4.1/bin/../lib/gcc/arm-none-eabi/5.4.1/../../../../arm-none-eabi/lib/armv7-m/crt0.o
 .ARM.attributes
                0x00000065       0x33 .\CortexM3\ARM_GCC_541\Debug\main.o
 .ARM.attributes
                0x00000098       0x33 .\CortexM3\ARM_GCC_541\Debug\Interrupt_Routines.o
 .ARM.attributes
                0x000000cb       0x33 .\CortexM3\ARM_GCC_541\Debug\cyfitter_cfg.o
 .ARM.attributes
                0x000000fe       0x33 .\CortexM3\ARM_GCC_541\Debug\cymetadata.o
 .ARM.attributes
                0x00000131       0x33 .\CortexM3\ARM_GCC_541\Debug\Cm3Start.o
 .ARM.attributes
                0x00000164       0x33 .\CortexM3\ARM_GCC_541\Debug\Project3!_Copy_01.a(UART.o)
 .ARM.attributes
                0x00000197       0x33 .\CortexM3\ARM_GCC_541\Debug\Project3!_Copy_01.a(ADC_DelSig.o)
 .ARM.attributes
                0x000001ca       0x33 .\CortexM3\ARM_GCC_541\Debug\Project3!_Copy_01.a(ADC_DelSig_INT.o)
 .ARM.attributes
                0x000001fd       0x33 .\CortexM3\ARM_GCC_541\Debug\Project3!_Copy_01.a(Timer.o)
 .ARM.attributes
                0x00000230       0x33 .\CortexM3\ARM_GCC_541\Debug\Project3!_Copy_01.a(isr_ADC.o)
 .ARM.attributes
                0x00000263       0x33 .\CortexM3\ARM_GCC_541\Debug\Project3!_Copy_01.a(AMux.o)
 .ARM.attributes
                0x00000296       0x33 .\CortexM3\ARM_GCC_541\Debug\Project3!_Copy_01.a(UART_IntClock.o)
 .ARM.attributes
                0x000002c9       0x33 .\CortexM3\ARM_GCC_541\Debug\Project3!_Copy_01.a(ADC_DelSig_AMux.o)
 .ARM.attributes
                0x000002fc       0x33 .\CortexM3\ARM_GCC_541\Debug\Project3!_Copy_01.a(ADC_DelSig_Ext_CP_Clk.o)
 .ARM.attributes
                0x0000032f       0x33 .\CortexM3\ARM_GCC_541\Debug\Project3!_Copy_01.a(ADC_DelSig_theACLK.o)
 .ARM.attributes
                0x00000362       0x33 .\CortexM3\ARM_GCC_541\Debug\Project3!_Copy_01.a(CyLib.o)
 .ARM.attributes
                0x00000395       0x33 .\CortexM3\ARM_GCC_541\Debug\Project3!_Copy_01.a(cyPm.o)
 .ARM.attributes
                0x000003c8       0x33 .\CortexM3\ARM_GCC_541\Debug\Project3!_Copy_01.a(UART_BT.o)
 .ARM.attributes
                0x000003fb       0x33 .\CortexM3\ARM_GCC_541\Debug\Project3!_Copy_01.a(UART_BT_IntClock.o)
 .ARM.attributes
                0x0000042e       0x21 .\CortexM3\ARM_GCC_541\Debug\Project3!_Copy_01.a(CyBootAsmGnu.o)
 .ARM.attributes
                0x0000044f       0x33 .\CortexM3\ARM_GCC_541\Debug\Project3!_Copy_01.a(CyFlash.o)
 .ARM.attributes
                0x00000482       0x33 .\CortexM3\ARM_GCC_541\Debug\Project3!_Copy_01.a(CySpc.o)
 .ARM.attributes
                0x000004b5       0x1d c:/program files (x86)/cypress/psoc creator/4.4/psoc creator/import/gnu/arm/5.4.1/bin/../lib/gcc/arm-none-eabi/5.4.1/armv7-m\libgcc.a(_arm_addsubdf3.o)
 .ARM.attributes
                0x000004d2       0x1d c:/program files (x86)/cypress/psoc creator/4.4/psoc creator/import/gnu/arm/5.4.1/bin/../lib/gcc/arm-none-eabi/5.4.1/armv7-m\libgcc.a(_arm_cmpdf2.o)
 .ARM.attributes
                0x000004ef       0x1d c:/program files (x86)/cypress/psoc creator/4.4/psoc creator/import/gnu/arm/5.4.1/bin/../lib/gcc/arm-none-eabi/5.4.1/armv7-m\libgcc.a(_arm_addsubsf3.o)
 .ARM.attributes
                0x0000050c       0x1d c:/program files (x86)/cypress/psoc creator/4.4/psoc creator/import/gnu/arm/5.4.1/bin/../lib/gcc/arm-none-eabi/5.4.1/armv7-m\libgcc.a(_arm_muldivsf3.o)
 .ARM.attributes
                0x00000529       0x1d c:/program files (x86)/cypress/psoc creator/4.4/psoc creator/import/gnu/arm/5.4.1/bin/../lib/gcc/arm-none-eabi/5.4.1/armv7-m\libgcc.a(_arm_fixunssfsi.o)
 .ARM.attributes
                0x00000546       0x2d c:/program files (x86)/cypress/psoc creator/4.4/psoc creator/import/gnu/arm/5.4.1/bin/../lib/gcc/arm-none-eabi/5.4.1/../../../../arm-none-eabi/lib/armv7-m\libg_nano.a(lib_a-errno.o)
 .ARM.attributes
                0x00000573       0x2d c:/program files (x86)/cypress/psoc creator/4.4/psoc creator/import/gnu/arm/5.4.1/bin/../lib/gcc/arm-none-eabi/5.4.1/../../../../arm-none-eabi/lib/armv7-m\libg_nano.a(lib_a-exit.o)
 .ARM.attributes
                0x000005a0       0x2d c:/program files (x86)/cypress/psoc creator/4.4/psoc creator/import/gnu/arm/5.4.1/bin/../lib/gcc/arm-none-eabi/5.4.1/../../../../arm-none-eabi/lib/armv7-m\libg_nano.a(lib_a-impure.o)
 .ARM.attributes
                0x000005cd       0x2d c:/program files (x86)/cypress/psoc creator/4.4/psoc creator/import/gnu/arm/5.4.1/bin/../lib/gcc/arm-none-eabi/5.4.1/../../../../arm-none-eabi/lib/armv7-m\libg_nano.a(lib_a-init.o)
 .ARM.attributes
                0x000005fa       0x2d c:/program files (x86)/cypress/psoc creator/4.4/psoc creator/import/gnu/arm/5.4.1/bin/../lib/gcc/arm-none-eabi/5.4.1/../../../../arm-none-eabi/lib/armv7-m\libg_nano.a(lib_a-memcpy-stub.o)
 .ARM.attributes
                0x00000627       0x2d c:/program files (x86)/cypress/psoc creator/4.4/psoc creator/import/gnu/arm/5.4.1/bin/../lib/gcc/arm-none-eabi/5.4.1/../../../../arm-none-eabi/lib/armv7-m\libg_nano.a(lib_a-memset.o)
 .ARM.attributes
                0x00000654       0x2d c:/program files (x86)/cypress/psoc creator/4.4/psoc creator/import/gnu/arm/5.4.1/bin/../lib/gcc/arm-none-eabi/5.4.1/armv7-m/crtend.o
 .ARM.attributes
                0x00000681       0x1d c:/program files (x86)/cypress/psoc creator/4.4/psoc creator/import/gnu/arm/5.4.1/bin/../lib/gcc/arm-none-eabi/5.4.1/armv7-m/crtn.o

/DISCARD/
 *(.note.GNU-stack)
OUTPUT(C:\Users\madda\Desktop\Maddalena\POLITECNICO\SECONDO ANNO\LAB\PROGETTO\AY2223_I_Project-3\PSOC\Project3!_Copy_01.cydsn\CortexM3\ARM_GCC_541\Debug\Project3!_Copy_01.elf elf32-littlearm)
