Archive member included to satisfy reference by file (symbol)

.\CortexM3\ARM_GCC_541\Debug\Project3!.a(UART.o)
                              .\CortexM3\ARM_GCC_541\Debug\main.o (UART_Start)
.\CortexM3\ARM_GCC_541\Debug\Project3!.a(ADC_DelSig.o)
                              .\CortexM3\ARM_GCC_541\Debug\main.o (ADC_DelSig_Start)
.\CortexM3\ARM_GCC_541\Debug\Project3!.a(ADC_DelSig_INT.o)
                              .\CortexM3\ARM_GCC_541\Debug\Project3!.a(ADC_DelSig.o) (ADC_DelSig_ISR1)
.\CortexM3\ARM_GCC_541\Debug\Project3!.a(Timer.o)
                              .\CortexM3\ARM_GCC_541\Debug\Interrupt_Routines.o (Timer_ReadStatusRegister)
.\CortexM3\ARM_GCC_541\Debug\Project3!.a(isr_ADC.o)
                              .\CortexM3\ARM_GCC_541\Debug\main.o (isr_ADC_StartEx)
.\CortexM3\ARM_GCC_541\Debug\Project3!.a(AMux.o)
                              .\CortexM3\ARM_GCC_541\Debug\main.o (AMux_Start)
.\CortexM3\ARM_GCC_541\Debug\Project3!.a(UART_IntClock.o)
                              .\CortexM3\ARM_GCC_541\Debug\Project3!.a(UART.o) (UART_IntClock_Start)
.\CortexM3\ARM_GCC_541\Debug\Project3!.a(ADC_DelSig_AMux.o)
                              .\CortexM3\ARM_GCC_541\Debug\Project3!.a(ADC_DelSig.o) (ADC_DelSig_AMux_Select)
.\CortexM3\ARM_GCC_541\Debug\Project3!.a(ADC_DelSig_Ext_CP_Clk.o)
                              .\CortexM3\ARM_GCC_541\Debug\Project3!.a(ADC_DelSig.o) (ADC_DelSig_Ext_CP_Clk_SetModeRegister)
.\CortexM3\ARM_GCC_541\Debug\Project3!.a(ADC_DelSig_theACLK.o)
                              .\CortexM3\ARM_GCC_541\Debug\Project3!.a(ADC_DelSig.o) (ADC_DelSig_theACLK_SetModeRegister)
.\CortexM3\ARM_GCC_541\Debug\Project3!.a(CyLib.o)
                              .\CortexM3\ARM_GCC_541\Debug\Cm3Start.o (CyHalt)
.\CortexM3\ARM_GCC_541\Debug\Project3!.a(cyPm.o)
                              .\CortexM3\ARM_GCC_541\Debug\Project3!.a(CyLib.o) (CyPmReadStatus)
.\CortexM3\ARM_GCC_541\Debug\Project3!.a(CyBootAsmGnu.o)
                              .\CortexM3\ARM_GCC_541\Debug\cyfitter_cfg.o (CyDelayCycles)
.\CortexM3\ARM_GCC_541\Debug\Project3!.a(CyFlash.o)
                              .\CortexM3\ARM_GCC_541\Debug\Project3!.a(cyPm.o) (CyFlash_SetWaitCycles)
.\CortexM3\ARM_GCC_541\Debug\Project3!.a(CySpc.o)
                              .\CortexM3\ARM_GCC_541\Debug\Project3!.a(CyFlash.o) (CySpcStart)
c:/program files (x86)/cypress/psoc creator/4.4/psoc creator/import/gnu/arm/5.4.1/bin/../lib/gcc/arm-none-eabi/5.4.1/armv7-m\libgcc.a(_arm_addsubdf3.o)
                              .\CortexM3\ARM_GCC_541\Debug\Project3!.a(ADC_DelSig.o) (__aeabi_f2d)
c:/program files (x86)/cypress/psoc creator/4.4/psoc creator/import/gnu/arm/5.4.1/bin/../lib/gcc/arm-none-eabi/5.4.1/armv7-m\libgcc.a(_arm_cmpdf2.o)
                              .\CortexM3\ARM_GCC_541\Debug\Project3!.a(ADC_DelSig.o) (__aeabi_dcmpgt)
c:/program files (x86)/cypress/psoc creator/4.4/psoc creator/import/gnu/arm/5.4.1/bin/../lib/gcc/arm-none-eabi/5.4.1/armv7-m\libgcc.a(_arm_addsubsf3.o)
                              .\CortexM3\ARM_GCC_541\Debug\Project3!.a(ADC_DelSig.o) (__aeabi_ui2f)
c:/program files (x86)/cypress/psoc creator/4.4/psoc creator/import/gnu/arm/5.4.1/bin/../lib/gcc/arm-none-eabi/5.4.1/armv7-m\libgcc.a(_arm_muldivsf3.o)
                              .\CortexM3\ARM_GCC_541\Debug\Project3!.a(ADC_DelSig.o) (__aeabi_fmul)
c:/program files (x86)/cypress/psoc creator/4.4/psoc creator/import/gnu/arm/5.4.1/bin/../lib/gcc/arm-none-eabi/5.4.1/armv7-m\libgcc.a(_arm_fixunssfsi.o)
                              .\CortexM3\ARM_GCC_541\Debug\Project3!.a(ADC_DelSig.o) (__aeabi_f2uiz)
c:/program files (x86)/cypress/psoc creator/4.4/psoc creator/import/gnu/arm/5.4.1/bin/../lib/gcc/arm-none-eabi/5.4.1/../../../../arm-none-eabi/lib/armv7-m\libg_nano.a(lib_a-errno.o)
                              .\CortexM3\ARM_GCC_541\Debug\Cm3Start.o (__errno)
c:/program files (x86)/cypress/psoc creator/4.4/psoc creator/import/gnu/arm/5.4.1/bin/../lib/gcc/arm-none-eabi/5.4.1/../../../../arm-none-eabi/lib/armv7-m\libg_nano.a(lib_a-exit.o)
                              c:/program files (x86)/cypress/psoc creator/4.4/psoc creator/import/gnu/arm/5.4.1/bin/../lib/gcc/arm-none-eabi/5.4.1/../../../../arm-none-eabi/lib/armv7-m/crt0.o (exit)
c:/program files (x86)/cypress/psoc creator/4.4/psoc creator/import/gnu/arm/5.4.1/bin/../lib/gcc/arm-none-eabi/5.4.1/../../../../arm-none-eabi/lib/armv7-m\libg_nano.a(lib_a-impure.o)
                              c:/program files (x86)/cypress/psoc creator/4.4/psoc creator/import/gnu/arm/5.4.1/bin/../lib/gcc/arm-none-eabi/5.4.1/../../../../arm-none-eabi/lib/armv7-m\libg_nano.a(lib_a-exit.o) (_global_impure_ptr)
c:/program files (x86)/cypress/psoc creator/4.4/psoc creator/import/gnu/arm/5.4.1/bin/../lib/gcc/arm-none-eabi/5.4.1/../../../../arm-none-eabi/lib/armv7-m\libg_nano.a(lib_a-init.o)
                              c:/program files (x86)/cypress/psoc creator/4.4/psoc creator/import/gnu/arm/5.4.1/bin/../lib/gcc/arm-none-eabi/5.4.1/../../../../arm-none-eabi/lib/armv7-m/crt0.o (__libc_init_array)
c:/program files (x86)/cypress/psoc creator/4.4/psoc creator/import/gnu/arm/5.4.1/bin/../lib/gcc/arm-none-eabi/5.4.1/../../../../arm-none-eabi/lib/armv7-m\libg_nano.a(lib_a-memcpy-stub.o)
                              .\CortexM3\ARM_GCC_541\Debug\cyfitter_cfg.o (memcpy)
c:/program files (x86)/cypress/psoc creator/4.4/psoc creator/import/gnu/arm/5.4.1/bin/../lib/gcc/arm-none-eabi/5.4.1/../../../../arm-none-eabi/lib/armv7-m\libg_nano.a(lib_a-memset.o)
                              c:/program files (x86)/cypress/psoc creator/4.4/psoc creator/import/gnu/arm/5.4.1/bin/../lib/gcc/arm-none-eabi/5.4.1/../../../../arm-none-eabi/lib/armv7-m/crt0.o (memset)

Allocating common symbols
Common symbol       size              file

ADC_DelSig_CountsPerVolt
                    0x4               .\CortexM3\ARM_GCC_541\Debug\Project3!.a(ADC_DelSig.o)
value_read          0x10              .\CortexM3\ARM_GCC_541\Debug\Interrupt_Routines.o
value_digit         0x4               .\CortexM3\ARM_GCC_541\Debug\Interrupt_Routines.o
DataBuffer          0xa               .\CortexM3\ARM_GCC_541\Debug\main.o
codifica            0x4               .\CortexM3\ARM_GCC_541\Debug\Interrupt_Routines.o
PacketReadyFlag     0x1               .\CortexM3\ARM_GCC_541\Debug\main.o
dieTemperature      0x2               .\CortexM3\ARM_GCC_541\Debug\Project3!.a(CyFlash.o)

Discarded input sections

 .text          0x00000000        0x0 c:/program files (x86)/cypress/psoc creator/4.4/psoc creator/import/gnu/arm/5.4.1/bin/../lib/gcc/arm-none-eabi/5.4.1/armv7-m/crti.o
 .data          0x00000000        0x0 c:/program files (x86)/cypress/psoc creator/4.4/psoc creator/import/gnu/arm/5.4.1/bin/../lib/gcc/arm-none-eabi/5.4.1/armv7-m/crti.o
 .bss           0x00000000        0x0 c:/program files (x86)/cypress/psoc creator/4.4/psoc creator/import/gnu/arm/5.4.1/bin/../lib/gcc/arm-none-eabi/5.4.1/armv7-m/crti.o
 .data          0x00000000        0x4 c:/program files (x86)/cypress/psoc creator/4.4/psoc creator/import/gnu/arm/5.4.1/bin/../lib/gcc/arm-none-eabi/5.4.1/armv7-m/crtbegin.o
 .text          0x00000000       0x74 c:/program files (x86)/cypress/psoc creator/4.4/psoc creator/import/gnu/arm/5.4.1/bin/../lib/gcc/arm-none-eabi/5.4.1/../../../../arm-none-eabi/lib/armv7-m/crt0.o
 .data          0x00000000        0x0 c:/program files (x86)/cypress/psoc creator/4.4/psoc creator/import/gnu/arm/5.4.1/bin/../lib/gcc/arm-none-eabi/5.4.1/../../../../arm-none-eabi/lib/armv7-m/crt0.o
 .bss           0x00000000        0x0 c:/program files (x86)/cypress/psoc creator/4.4/psoc creator/import/gnu/arm/5.4.1/bin/../lib/gcc/arm-none-eabi/5.4.1/../../../../arm-none-eabi/lib/armv7-m/crt0.o
 .ARM.extab     0x00000000        0x0 c:/program files (x86)/cypress/psoc creator/4.4/psoc creator/import/gnu/arm/5.4.1/bin/../lib/gcc/arm-none-eabi/5.4.1/../../../../arm-none-eabi/lib/armv7-m/crt0.o
 .ARM.exidx     0x00000000        0x8 c:/program files (x86)/cypress/psoc creator/4.4/psoc creator/import/gnu/arm/5.4.1/bin/../lib/gcc/arm-none-eabi/5.4.1/../../../../arm-none-eabi/lib/armv7-m/crt0.o
 .text          0x00000000        0x0 .\CortexM3\ARM_GCC_541\Debug\main.o
 .data          0x00000000        0x0 .\CortexM3\ARM_GCC_541\Debug\main.o
 .bss           0x00000000        0x0 .\CortexM3\ARM_GCC_541\Debug\main.o
 .text          0x00000000        0x0 .\CortexM3\ARM_GCC_541\Debug\Interrupt_Routines.o
 .data          0x00000000       0x10 .\CortexM3\ARM_GCC_541\Debug\Interrupt_Routines.o
 .text          0x00000000        0x0 .\CortexM3\ARM_GCC_541\Debug\cyfitter_cfg.o
 .data          0x00000000        0x0 .\CortexM3\ARM_GCC_541\Debug\cyfitter_cfg.o
 .bss           0x00000000        0x0 .\CortexM3\ARM_GCC_541\Debug\cyfitter_cfg.o
 .text.SetAnalogRoutingPumps
                0x00000000       0x1c .\CortexM3\ARM_GCC_541\Debug\cyfitter_cfg.o
 .text          0x00000000        0x0 .\CortexM3\ARM_GCC_541\Debug\cymetadata.o
 .data          0x00000000        0x0 .\CortexM3\ARM_GCC_541\Debug\cymetadata.o
 .bss           0x00000000        0x0 .\CortexM3\ARM_GCC_541\Debug\cymetadata.o
 .text          0x00000000        0x0 .\CortexM3\ARM_GCC_541\Debug\Cm3Start.o
 .data          0x00000000        0x4 .\CortexM3\ARM_GCC_541\Debug\Cm3Start.o
 .bss           0x00000000        0x0 .\CortexM3\ARM_GCC_541\Debug\Cm3Start.o
 .text._exit    0x00000000        0xc .\CortexM3\ARM_GCC_541\Debug\Cm3Start.o
 .text._sbrk    0x00000000       0x30 .\CortexM3\ARM_GCC_541\Debug\Cm3Start.o
 .text          0x00000000        0x0 .\CortexM3\ARM_GCC_541\Debug\Project3!.a(UART.o)
 .data          0x00000000        0x0 .\CortexM3\ARM_GCC_541\Debug\Project3!.a(UART.o)
 .text.UART_Stop
                0x00000000       0x24 .\CortexM3\ARM_GCC_541\Debug\Project3!.a(UART.o)
 .text.UART_ReadControlRegister
                0x00000000        0x4 .\CortexM3\ARM_GCC_541\Debug\Project3!.a(UART.o)
 .text.UART_WriteControlRegister
                0x00000000        0x4 .\CortexM3\ARM_GCC_541\Debug\Project3!.a(UART.o)
 .text.UART_SetTxInterruptMode
                0x00000000        0xc .\CortexM3\ARM_GCC_541\Debug\Project3!.a(UART.o)
 .text.UART_WriteTxData
                0x00000000       0x14 .\CortexM3\ARM_GCC_541\Debug\Project3!.a(UART.o)
 .text.UART_ReadTxStatus
                0x00000000        0xc .\CortexM3\ARM_GCC_541\Debug\Project3!.a(UART.o)
 .text.UART_PutString
                0x00000000       0x24 .\CortexM3\ARM_GCC_541\Debug\Project3!.a(UART.o)
 .text.UART_PutCRLF
                0x00000000       0x20 .\CortexM3\ARM_GCC_541\Debug\Project3!.a(UART.o)
 .text.UART_GetTxBufferSize
                0x00000000       0x24 .\CortexM3\ARM_GCC_541\Debug\Project3!.a(UART.o)
 .text.UART_ClearTxBuffer
                0x00000000       0x24 .\CortexM3\ARM_GCC_541\Debug\Project3!.a(UART.o)
 .text.UART_SendBreak
                0x00000000       0x58 .\CortexM3\ARM_GCC_541\Debug\Project3!.a(UART.o)
 .text.UART_SetTxAddressMode
                0x00000000        0x4 .\CortexM3\ARM_GCC_541\Debug\Project3!.a(UART.o)
 .text          0x00000000        0x0 .\CortexM3\ARM_GCC_541\Debug\Project3!.a(ADC_DelSig.o)
 .text.ADC_DelSig_Stop
                0x00000000       0xe4 .\CortexM3\ARM_GCC_541\Debug\Project3!.a(ADC_DelSig.o)
 .text.ADC_DelSig_SetBufferGain
                0x00000000       0x18 .\CortexM3\ARM_GCC_541\Debug\Project3!.a(ADC_DelSig.o)
 .text.ADC_DelSig_SetCoherency
                0x00000000       0x18 .\CortexM3\ARM_GCC_541\Debug\Project3!.a(ADC_DelSig.o)
 .text.ADC_DelSig_SetGCOR
                0x00000000       0x74 .\CortexM3\ARM_GCC_541\Debug\Project3!.a(ADC_DelSig.o)
 .text.ADC_DelSig_ReadGCOR
                0x00000000       0x24 .\CortexM3\ARM_GCC_541\Debug\Project3!.a(ADC_DelSig.o)
 .text.ADC_DelSig_GetResult8
                0x00000000       0x48 .\CortexM3\ARM_GCC_541\Debug\Project3!.a(ADC_DelSig.o)
 .text.ADC_DelSig_GetResult16
                0x00000000       0x50 .\CortexM3\ARM_GCC_541\Debug\Project3!.a(ADC_DelSig.o)
 .text.ADC_DelSig_SetOffset
                0x00000000        0xc .\CortexM3\ARM_GCC_541\Debug\Project3!.a(ADC_DelSig.o)
 .text.ADC_DelSig_SetGain
                0x00000000        0xc .\CortexM3\ARM_GCC_541\Debug\Project3!.a(ADC_DelSig.o)
 .text.ADC_DelSig_CountsTo_mVolts
                0x00000000       0x24 .\CortexM3\ARM_GCC_541\Debug\Project3!.a(ADC_DelSig.o)
 .text.ADC_DelSig_CountsTo_Volts
                0x00000000       0x28 .\CortexM3\ARM_GCC_541\Debug\Project3!.a(ADC_DelSig.o)
 .text.ADC_DelSig_CountsTo_uVolts
                0x00000000       0x4c .\CortexM3\ARM_GCC_541\Debug\Project3!.a(ADC_DelSig.o)
 .text.ADC_DelSig_SelectConfiguration
                0x00000000       0x60 .\CortexM3\ARM_GCC_541\Debug\Project3!.a(ADC_DelSig.o)
 .text.ADC_DelSig_Read8
                0x00000000       0x28 .\CortexM3\ARM_GCC_541\Debug\Project3!.a(ADC_DelSig.o)
 .text.ADC_DelSig_Read16
                0x00000000       0x28 .\CortexM3\ARM_GCC_541\Debug\Project3!.a(ADC_DelSig.o)
 .text          0x00000000        0x0 .\CortexM3\ARM_GCC_541\Debug\Project3!.a(ADC_DelSig_INT.o)
 .data          0x00000000        0x0 .\CortexM3\ARM_GCC_541\Debug\Project3!.a(ADC_DelSig_INT.o)
 .bss           0x00000000        0x0 .\CortexM3\ARM_GCC_541\Debug\Project3!.a(ADC_DelSig_INT.o)
 .text.ADC_DelSig_ISR2
                0x00000000        0x4 .\CortexM3\ARM_GCC_541\Debug\Project3!.a(ADC_DelSig_INT.o)
 .text.ADC_DelSig_ISR3
                0x00000000        0x4 .\CortexM3\ARM_GCC_541\Debug\Project3!.a(ADC_DelSig_INT.o)
 .text.ADC_DelSig_ISR4
                0x00000000        0x4 .\CortexM3\ARM_GCC_541\Debug\Project3!.a(ADC_DelSig_INT.o)
 .text          0x00000000        0x0 .\CortexM3\ARM_GCC_541\Debug\Project3!.a(Timer.o)
 .data          0x00000000        0x0 .\CortexM3\ARM_GCC_541\Debug\Project3!.a(Timer.o)
 .text.Timer_Stop
                0x00000000       0x28 .\CortexM3\ARM_GCC_541\Debug\Project3!.a(Timer.o)
 .text.Timer_SoftwareCapture
                0x00000000        0xc .\CortexM3\ARM_GCC_541\Debug\Project3!.a(Timer.o)
 .text.Timer_ReadControlRegister
                0x00000000        0xc .\CortexM3\ARM_GCC_541\Debug\Project3!.a(Timer.o)
 .text.Timer_WriteControlRegister
                0x00000000        0xc .\CortexM3\ARM_GCC_541\Debug\Project3!.a(Timer.o)
 .text.Timer_ReadPeriod
                0x00000000        0xc .\CortexM3\ARM_GCC_541\Debug\Project3!.a(Timer.o)
 .text.Timer_ReadCapture
                0x00000000        0xc .\CortexM3\ARM_GCC_541\Debug\Project3!.a(Timer.o)
 .text.Timer_ReadCounter
                0x00000000       0x14 .\CortexM3\ARM_GCC_541\Debug\Project3!.a(Timer.o)
 .text          0x00000000        0x0 .\CortexM3\ARM_GCC_541\Debug\Project3!.a(isr_ADC.o)
 .data          0x00000000        0x0 .\CortexM3\ARM_GCC_541\Debug\Project3!.a(isr_ADC.o)
 .bss           0x00000000        0x0 .\CortexM3\ARM_GCC_541\Debug\Project3!.a(isr_ADC.o)
 .text.isr_ADC_Interrupt
                0x00000000        0x4 .\CortexM3\ARM_GCC_541\Debug\Project3!.a(isr_ADC.o)
 .text.isr_ADC_GetVector
                0x00000000        0xc .\CortexM3\ARM_GCC_541\Debug\Project3!.a(isr_ADC.o)
 .text.isr_ADC_GetPriority
                0x00000000        0xc .\CortexM3\ARM_GCC_541\Debug\Project3!.a(isr_ADC.o)
 .text.isr_ADC_GetState
                0x00000000       0x10 .\CortexM3\ARM_GCC_541\Debug\Project3!.a(isr_ADC.o)
 .text.isr_ADC_Start
                0x00000000       0x1c .\CortexM3\ARM_GCC_541\Debug\Project3!.a(isr_ADC.o)
 .text.isr_ADC_Stop
                0x00000000       0x14 .\CortexM3\ARM_GCC_541\Debug\Project3!.a(isr_ADC.o)
 .text.isr_ADC_SetPending
                0x00000000        0xc .\CortexM3\ARM_GCC_541\Debug\Project3!.a(isr_ADC.o)
 .text.isr_ADC_ClearPending
                0x00000000        0xc .\CortexM3\ARM_GCC_541\Debug\Project3!.a(isr_ADC.o)
 .text          0x00000000        0x0 .\CortexM3\ARM_GCC_541\Debug\Project3!.a(AMux.o)
 .bss           0x00000000        0x0 .\CortexM3\ARM_GCC_541\Debug\Project3!.a(AMux.o)
 .text.AMux_FastSelect
                0x00000000       0x20 .\CortexM3\ARM_GCC_541\Debug\Project3!.a(AMux.o)
 .text          0x00000000        0x0 .\CortexM3\ARM_GCC_541\Debug\Project3!.a(UART_IntClock.o)
 .data          0x00000000        0x0 .\CortexM3\ARM_GCC_541\Debug\Project3!.a(UART_IntClock.o)
 .bss           0x00000000        0x0 .\CortexM3\ARM_GCC_541\Debug\Project3!.a(UART_IntClock.o)
 .text.UART_IntClock_Stop
                0x00000000       0x1c .\CortexM3\ARM_GCC_541\Debug\Project3!.a(UART_IntClock.o)
 .text.UART_IntClock_StopBlock
                0x00000000       0x6c .\CortexM3\ARM_GCC_541\Debug\Project3!.a(UART_IntClock.o)
 .text.UART_IntClock_StandbyPower
                0x00000000       0x20 .\CortexM3\ARM_GCC_541\Debug\Project3!.a(UART_IntClock.o)
 .text.UART_IntClock_GetDividerRegister
                0x00000000        0xc .\CortexM3\ARM_GCC_541\Debug\Project3!.a(UART_IntClock.o)
 .text.UART_IntClock_SetModeRegister
                0x00000000       0x14 .\CortexM3\ARM_GCC_541\Debug\Project3!.a(UART_IntClock.o)
 .text.UART_IntClock_ClearModeRegister
                0x00000000       0x18 .\CortexM3\ARM_GCC_541\Debug\Project3!.a(UART_IntClock.o)
 .text.UART_IntClock_GetModeRegister
                0x00000000       0x10 .\CortexM3\ARM_GCC_541\Debug\Project3!.a(UART_IntClock.o)
 .text.UART_IntClock_GetSourceRegister
                0x00000000       0x10 .\CortexM3\ARM_GCC_541\Debug\Project3!.a(UART_IntClock.o)
 .text.UART_IntClock_SetDividerRegister
                0x00000000       0xdc .\CortexM3\ARM_GCC_541\Debug\Project3!.a(UART_IntClock.o)
 .text.UART_IntClock_SetSourceRegister
                0x00000000       0x5c .\CortexM3\ARM_GCC_541\Debug\Project3!.a(UART_IntClock.o)
 .text          0x00000000        0x0 .\CortexM3\ARM_GCC_541\Debug\Project3!.a(ADC_DelSig_AMux.o)
 .bss           0x00000000        0x0 .\CortexM3\ARM_GCC_541\Debug\Project3!.a(ADC_DelSig_AMux.o)
 .text.ADC_DelSig_AMux_FastSelect
                0x00000000       0x20 .\CortexM3\ARM_GCC_541\Debug\Project3!.a(ADC_DelSig_AMux.o)
 .text          0x00000000        0x0 .\CortexM3\ARM_GCC_541\Debug\Project3!.a(ADC_DelSig_Ext_CP_Clk.o)
 .data          0x00000000        0x0 .\CortexM3\ARM_GCC_541\Debug\Project3!.a(ADC_DelSig_Ext_CP_Clk.o)
 .bss           0x00000000        0x0 .\CortexM3\ARM_GCC_541\Debug\Project3!.a(ADC_DelSig_Ext_CP_Clk.o)
 .text.ADC_DelSig_Ext_CP_Clk_Start
                0x00000000       0x1c .\CortexM3\ARM_GCC_541\Debug\Project3!.a(ADC_DelSig_Ext_CP_Clk.o)
 .text.ADC_DelSig_Ext_CP_Clk_Stop
                0x00000000       0x1c .\CortexM3\ARM_GCC_541\Debug\Project3!.a(ADC_DelSig_Ext_CP_Clk.o)
 .text.ADC_DelSig_Ext_CP_Clk_StopBlock
                0x00000000       0x6c .\CortexM3\ARM_GCC_541\Debug\Project3!.a(ADC_DelSig_Ext_CP_Clk.o)
 .text.ADC_DelSig_Ext_CP_Clk_StandbyPower
                0x00000000       0x20 .\CortexM3\ARM_GCC_541\Debug\Project3!.a(ADC_DelSig_Ext_CP_Clk.o)
 .text.ADC_DelSig_Ext_CP_Clk_ClearModeRegister
                0x00000000       0x18 .\CortexM3\ARM_GCC_541\Debug\Project3!.a(ADC_DelSig_Ext_CP_Clk.o)
 .text.ADC_DelSig_Ext_CP_Clk_GetModeRegister
                0x00000000       0x10 .\CortexM3\ARM_GCC_541\Debug\Project3!.a(ADC_DelSig_Ext_CP_Clk.o)
 .text.ADC_DelSig_Ext_CP_Clk_SetSourceRegister
                0x00000000       0x5c .\CortexM3\ARM_GCC_541\Debug\Project3!.a(ADC_DelSig_Ext_CP_Clk.o)
 .text          0x00000000        0x0 .\CortexM3\ARM_GCC_541\Debug\Project3!.a(ADC_DelSig_theACLK.o)
 .data          0x00000000        0x0 .\CortexM3\ARM_GCC_541\Debug\Project3!.a(ADC_DelSig_theACLK.o)
 .bss           0x00000000        0x0 .\CortexM3\ARM_GCC_541\Debug\Project3!.a(ADC_DelSig_theACLK.o)
 .text.ADC_DelSig_theACLK_Start
                0x00000000       0x1c .\CortexM3\ARM_GCC_541\Debug\Project3!.a(ADC_DelSig_theACLK.o)
 .text.ADC_DelSig_theACLK_Stop
                0x00000000       0x1c .\CortexM3\ARM_GCC_541\Debug\Project3!.a(ADC_DelSig_theACLK.o)
 .text.ADC_DelSig_theACLK_StopBlock
                0x00000000       0x6c .\CortexM3\ARM_GCC_541\Debug\Project3!.a(ADC_DelSig_theACLK.o)
 .text.ADC_DelSig_theACLK_StandbyPower
                0x00000000       0x20 .\CortexM3\ARM_GCC_541\Debug\Project3!.a(ADC_DelSig_theACLK.o)
 .text.ADC_DelSig_theACLK_ClearModeRegister
                0x00000000       0x18 .\CortexM3\ARM_GCC_541\Debug\Project3!.a(ADC_DelSig_theACLK.o)
 .text.ADC_DelSig_theACLK_GetModeRegister
                0x00000000       0x10 .\CortexM3\ARM_GCC_541\Debug\Project3!.a(ADC_DelSig_theACLK.o)
 .text.ADC_DelSig_theACLK_SetSourceRegister
                0x00000000       0x5c .\CortexM3\ARM_GCC_541\Debug\Project3!.a(ADC_DelSig_theACLK.o)
 .text.ADC_DelSig_theACLK_SetPhaseRegister
                0x00000000       0x10 .\CortexM3\ARM_GCC_541\Debug\Project3!.a(ADC_DelSig_theACLK.o)
 .text.ADC_DelSig_theACLK_GetPhaseRegister
                0x00000000       0x10 .\CortexM3\ARM_GCC_541\Debug\Project3!.a(ADC_DelSig_theACLK.o)
 .text          0x00000000        0x0 .\CortexM3\ARM_GCC_541\Debug\Project3!.a(CyLib.o)
 .bss           0x00000000       0x1c .\CortexM3\ARM_GCC_541\Debug\Project3!.a(CyLib.o)
 .text.CyUSB_PowerOnCheck
                0x00000000       0x48 .\CortexM3\ARM_GCC_541\Debug\Project3!.a(CyLib.o)
 .text.CyBusClk_Internal_SetDivider
                0x00000000       0x48 .\CortexM3\ARM_GCC_541\Debug\Project3!.a(CyLib.o)
 .text.CyPLL_OUT_Stop
                0x00000000       0x10 .\CortexM3\ARM_GCC_541\Debug\Project3!.a(CyLib.o)
 .text.CyIMO_Stop
                0x00000000       0x1c .\CortexM3\ARM_GCC_541\Debug\Project3!.a(CyLib.o)
 .text.CyIMO_EnableDoubler
                0x00000000       0x10 .\CortexM3\ARM_GCC_541\Debug\Project3!.a(CyLib.o)
 .text.CyIMO_DisableDoubler
                0x00000000       0x10 .\CortexM3\ARM_GCC_541\Debug\Project3!.a(CyLib.o)
 .text.CyMasterClk_SetSource
                0x00000000       0x18 .\CortexM3\ARM_GCC_541\Debug\Project3!.a(CyLib.o)
 .text.CyMasterClk_SetDivider
                0x00000000        0xc .\CortexM3\ARM_GCC_541\Debug\Project3!.a(CyLib.o)
 .text.CyBusClk_SetDivider
                0x00000000       0x70 .\CortexM3\ARM_GCC_541\Debug\Project3!.a(CyLib.o)
 .text.CyUsbClk_SetSource
                0x00000000       0x18 .\CortexM3\ARM_GCC_541\Debug\Project3!.a(CyLib.o)
 .text.CyILO_Start1K
                0x00000000       0x10 .\CortexM3\ARM_GCC_541\Debug\Project3!.a(CyLib.o)
 .text.CyILO_Stop1K
                0x00000000       0x10 .\CortexM3\ARM_GCC_541\Debug\Project3!.a(CyLib.o)
 .text.CyILO_Start100K
                0x00000000       0x10 .\CortexM3\ARM_GCC_541\Debug\Project3!.a(CyLib.o)
 .text.CyILO_Stop100K
                0x00000000       0x10 .\CortexM3\ARM_GCC_541\Debug\Project3!.a(CyLib.o)
 .text.CyPLL_OUT_Start
                0x00000000       0x78 .\CortexM3\ARM_GCC_541\Debug\Project3!.a(CyLib.o)
 .text.CyIMO_Start
                0x00000000       0x60 .\CortexM3\ARM_GCC_541\Debug\Project3!.a(CyLib.o)
 .text.CyILO_Enable33K
                0x00000000       0x10 .\CortexM3\ARM_GCC_541\Debug\Project3!.a(CyLib.o)
 .text.CyILO_Disable33K
                0x00000000       0x10 .\CortexM3\ARM_GCC_541\Debug\Project3!.a(CyLib.o)
 .text.CyILO_SetSource
                0x00000000       0x18 .\CortexM3\ARM_GCC_541\Debug\Project3!.a(CyLib.o)
 .text.CyILO_SetPowerMode
                0x00000000       0x24 .\CortexM3\ARM_GCC_541\Debug\Project3!.a(CyLib.o)
 .text.CyXTAL_32KHZ_Stop
                0x00000000       0x30 .\CortexM3\ARM_GCC_541\Debug\Project3!.a(CyLib.o)
 .text.CyXTAL_32KHZ_ReadStatus
                0x00000000       0x10 .\CortexM3\ARM_GCC_541\Debug\Project3!.a(CyLib.o)
 .text.CyXTAL_Start
                0x00000000       0xac .\CortexM3\ARM_GCC_541\Debug\Project3!.a(CyLib.o)
 .text.CyXTAL_Stop
                0x00000000       0x10 .\CortexM3\ARM_GCC_541\Debug\Project3!.a(CyLib.o)
 .text.CyXTAL_EnableErrStatus
                0x00000000       0x10 .\CortexM3\ARM_GCC_541\Debug\Project3!.a(CyLib.o)
 .text.CyXTAL_DisableErrStatus
                0x00000000       0x10 .\CortexM3\ARM_GCC_541\Debug\Project3!.a(CyLib.o)
 .text.CyXTAL_ReadStatus
                0x00000000       0x18 .\CortexM3\ARM_GCC_541\Debug\Project3!.a(CyLib.o)
 .text.CyXTAL_EnableFaultRecovery
                0x00000000       0x10 .\CortexM3\ARM_GCC_541\Debug\Project3!.a(CyLib.o)
 .text.CyXTAL_DisableFaultRecovery
                0x00000000       0x10 .\CortexM3\ARM_GCC_541\Debug\Project3!.a(CyLib.o)
 .text.CyXTAL_SetStartup
                0x00000000       0x18 .\CortexM3\ARM_GCC_541\Debug\Project3!.a(CyLib.o)
 .text.CyXTAL_SetFbVoltage
                0x00000000       0x18 .\CortexM3\ARM_GCC_541\Debug\Project3!.a(CyLib.o)
 .text.CyXTAL_SetWdVoltage
                0x00000000       0x18 .\CortexM3\ARM_GCC_541\Debug\Project3!.a(CyLib.o)
 .text.CyPLL_OUT_SetPQ
                0x00000000       0x60 .\CortexM3\ARM_GCC_541\Debug\Project3!.a(CyLib.o)
 .text.CyPLL_OUT_SetSource
                0x00000000       0x34 .\CortexM3\ARM_GCC_541\Debug\Project3!.a(CyLib.o)
 .text.CyIMO_SetTrimValue
                0x00000000       0xcc .\CortexM3\ARM_GCC_541\Debug\Project3!.a(CyLib.o)
 .text.CyIMO_SetFreq
                0x00000000       0xf4 .\CortexM3\ARM_GCC_541\Debug\Project3!.a(CyLib.o)
 .text.CyIMO_SetSource
                0x00000000       0x58 .\CortexM3\ARM_GCC_541\Debug\Project3!.a(CyLib.o)
 .text.CySoftwareReset
                0x00000000       0x10 .\CortexM3\ARM_GCC_541\Debug\Project3!.a(CyLib.o)
 .text.CyDelay  0x00000000       0x2c .\CortexM3\ARM_GCC_541\Debug\Project3!.a(CyLib.o)
 .text.CyXTAL_32KHZ_SetPowerMode
                0x00000000       0x84 .\CortexM3\ARM_GCC_541\Debug\Project3!.a(CyLib.o)
 .text.CyXTAL_32KHZ_Start
                0x00000000       0x74 .\CortexM3\ARM_GCC_541\Debug\Project3!.a(CyLib.o)
 .text.CyDelayFreq
                0x00000000       0x4c .\CortexM3\ARM_GCC_541\Debug\Project3!.a(CyLib.o)
 .text.CyWdtStart
                0x00000000       0x40 .\CortexM3\ARM_GCC_541\Debug\Project3!.a(CyLib.o)
 .text.CyWdtClear
                0x00000000        0xc .\CortexM3\ARM_GCC_541\Debug\Project3!.a(CyLib.o)
 .text.CyVdStickyStatus
                0x00000000       0x2c .\CortexM3\ARM_GCC_541\Debug\Project3!.a(CyLib.o)
 .text.CyVdLvDigitEnable
                0x00000000       0x84 .\CortexM3\ARM_GCC_541\Debug\Project3!.a(CyLib.o)
 .text.CyVdLvAnalogEnable
                0x00000000       0x80 .\CortexM3\ARM_GCC_541\Debug\Project3!.a(CyLib.o)
 .text.CyVdLvDigitDisable
                0x00000000       0x30 .\CortexM3\ARM_GCC_541\Debug\Project3!.a(CyLib.o)
 .text.CyVdLvAnalogDisable
                0x00000000       0x28 .\CortexM3\ARM_GCC_541\Debug\Project3!.a(CyLib.o)
 .text.CyVdHvAnalogEnable
                0x00000000       0x54 .\CortexM3\ARM_GCC_541\Debug\Project3!.a(CyLib.o)
 .text.CyVdHvAnalogDisable
                0x00000000       0x20 .\CortexM3\ARM_GCC_541\Debug\Project3!.a(CyLib.o)
 .text.CyVdRealTimeStatus
                0x00000000       0x1c .\CortexM3\ARM_GCC_541\Debug\Project3!.a(CyLib.o)
 .text.CyDisableInts
                0x00000000       0x1c .\CortexM3\ARM_GCC_541\Debug\Project3!.a(CyLib.o)
 .text.CyEnableInts
                0x00000000       0x18 .\CortexM3\ARM_GCC_541\Debug\Project3!.a(CyLib.o)
 .text.CyFlushCache
                0x00000000       0x44 .\CortexM3\ARM_GCC_541\Debug\Project3!.a(CyLib.o)
 .text.CyIntSetSysVector
                0x00000000       0x28 .\CortexM3\ARM_GCC_541\Debug\Project3!.a(CyLib.o)
 .text.CyIntGetSysVector
                0x00000000       0x20 .\CortexM3\ARM_GCC_541\Debug\Project3!.a(CyLib.o)
 .text.CyIntGetVector
                0x00000000       0x24 .\CortexM3\ARM_GCC_541\Debug\Project3!.a(CyLib.o)
 .text.CyIntGetPriority
                0x00000000       0x20 .\CortexM3\ARM_GCC_541\Debug\Project3!.a(CyLib.o)
 .text.CyIntGetState
                0x00000000       0x24 .\CortexM3\ARM_GCC_541\Debug\Project3!.a(CyLib.o)
 .text.CySysTickStop
                0x00000000       0x10 .\CortexM3\ARM_GCC_541\Debug\Project3!.a(CyLib.o)
 .text.CySysTickEnableInterrupt
                0x00000000       0x10 .\CortexM3\ARM_GCC_541\Debug\Project3!.a(CyLib.o)
 .text.CySysTickEnable
                0x00000000       0x18 .\CortexM3\ARM_GCC_541\Debug\Project3!.a(CyLib.o)
 .text.CySysTickDisableInterrupt
                0x00000000       0x10 .\CortexM3\ARM_GCC_541\Debug\Project3!.a(CyLib.o)
 .text.CySysTickSetReload
                0x00000000       0x10 .\CortexM3\ARM_GCC_541\Debug\Project3!.a(CyLib.o)
 .text.CySysTickGetReload
                0x00000000       0x10 .\CortexM3\ARM_GCC_541\Debug\Project3!.a(CyLib.o)
 .text.CySysTickGetValue
                0x00000000       0x10 .\CortexM3\ARM_GCC_541\Debug\Project3!.a(CyLib.o)
 .text.CySysTickSetClockSource
                0x00000000       0x20 .\CortexM3\ARM_GCC_541\Debug\Project3!.a(CyLib.o)
 .text.CySysTickGetClockSource
                0x00000000       0x10 .\CortexM3\ARM_GCC_541\Debug\Project3!.a(CyLib.o)
 .text.CySysTickGetCountFlag
                0x00000000       0x10 .\CortexM3\ARM_GCC_541\Debug\Project3!.a(CyLib.o)
 .text.CySysTickServiceCallbacks
                0x00000000       0x28 .\CortexM3\ARM_GCC_541\Debug\Project3!.a(CyLib.o)
 .text.CySysTickClear
                0x00000000        0xc .\CortexM3\ARM_GCC_541\Debug\Project3!.a(CyLib.o)
 .text.CySysTickInit
                0x00000000       0x58 .\CortexM3\ARM_GCC_541\Debug\Project3!.a(CyLib.o)
 .text.CySysTickStart
                0x00000000       0x1c .\CortexM3\ARM_GCC_541\Debug\Project3!.a(CyLib.o)
 .text.CySysTickSetCallback
                0x00000000       0x10 .\CortexM3\ARM_GCC_541\Debug\Project3!.a(CyLib.o)
 .text.CySysTickGetCallback
                0x00000000       0x10 .\CortexM3\ARM_GCC_541\Debug\Project3!.a(CyLib.o)
 .text.CyGetUniqueId
                0x00000000       0x70 .\CortexM3\ARM_GCC_541\Debug\Project3!.a(CyLib.o)
 .text          0x00000000        0x0 .\CortexM3\ARM_GCC_541\Debug\Project3!.a(cyPm.o)
 .data          0x00000000        0x0 .\CortexM3\ARM_GCC_541\Debug\Project3!.a(cyPm.o)
 .bss           0x00000000       0x43 .\CortexM3\ARM_GCC_541\Debug\Project3!.a(cyPm.o)
 .text.CyPmHibSlpSaveSet
                0x00000000      0x1dc .\CortexM3\ARM_GCC_541\Debug\Project3!.a(cyPm.o)
 .text.CyPmHibSlpRestore
                0x00000000       0xd8 .\CortexM3\ARM_GCC_541\Debug\Project3!.a(cyPm.o)
 .text.CyPmHviLviSaveDisable
                0x00000000       0xa0 .\CortexM3\ARM_GCC_541\Debug\Project3!.a(cyPm.o)
 .text.CyPmHibSaveSet
                0x00000000       0x98 .\CortexM3\ARM_GCC_541\Debug\Project3!.a(cyPm.o)
 .text.CyPmHviLviRestore
                0x00000000       0x48 .\CortexM3\ARM_GCC_541\Debug\Project3!.a(cyPm.o)
 .text.CyPmHibRestore
                0x00000000       0x60 .\CortexM3\ARM_GCC_541\Debug\Project3!.a(cyPm.o)
 .text.CyPmSaveClocks
                0x00000000      0x218 .\CortexM3\ARM_GCC_541\Debug\Project3!.a(cyPm.o)
 .text.CyPmRestoreClocks
                0x00000000      0x24c .\CortexM3\ARM_GCC_541\Debug\Project3!.a(cyPm.o)
 .text.CyPmAltAct
                0x00000000       0x6c .\CortexM3\ARM_GCC_541\Debug\Project3!.a(cyPm.o)
 .text.CyPmSleep
                0x00000000       0xf4 .\CortexM3\ARM_GCC_541\Debug\Project3!.a(cyPm.o)
 .text.CyPmHibernateEx
                0x00000000       0xf4 .\CortexM3\ARM_GCC_541\Debug\Project3!.a(cyPm.o)
 .text.CyPmHibernate
                0x00000000        0xc .\CortexM3\ARM_GCC_541\Debug\Project3!.a(cyPm.o)
 .text.CyPmReadStatus
                0x00000000       0x30 .\CortexM3\ARM_GCC_541\Debug\Project3!.a(cyPm.o)
 .text.CyPmCtwSetInterval
                0x00000000       0x5c .\CortexM3\ARM_GCC_541\Debug\Project3!.a(cyPm.o)
 .text.CyPmOppsSet
                0x00000000       0x2c .\CortexM3\ARM_GCC_541\Debug\Project3!.a(cyPm.o)
 .text.CyPmFtwSetInterval
                0x00000000       0x5c .\CortexM3\ARM_GCC_541\Debug\Project3!.a(cyPm.o)
 .rodata        0x00000000        0xf .\CortexM3\ARM_GCC_541\Debug\Project3!.a(cyPm.o)
 .data          0x00000000        0x0 .\CortexM3\ARM_GCC_541\Debug\Project3!.a(CyBootAsmGnu.o)
 .bss           0x00000000        0x0 .\CortexM3\ARM_GCC_541\Debug\Project3!.a(CyBootAsmGnu.o)
 .text          0x00000000        0x0 .\CortexM3\ARM_GCC_541\Debug\Project3!.a(CyFlash.o)
 .data          0x00000000        0x0 .\CortexM3\ARM_GCC_541\Debug\Project3!.a(CyFlash.o)
 .bss           0x00000000        0x0 .\CortexM3\ARM_GCC_541\Debug\Project3!.a(CyFlash.o)
 .text.CySetTempInt
                0x00000000       0x60 .\CortexM3\ARM_GCC_541\Debug\Project3!.a(CyFlash.o)
 .text.CyFlash_Start
                0x00000000       0x54 .\CortexM3\ARM_GCC_541\Debug\Project3!.a(CyFlash.o)
 .text.CyFlash_Stop
                0x00000000       0x24 .\CortexM3\ARM_GCC_541\Debug\Project3!.a(CyFlash.o)
 .text.CyFlash_EraseRow
                0x00000000       0x78 .\CortexM3\ARM_GCC_541\Debug\Project3!.a(CyFlash.o)
 .text.CyFlashGetSpcAlgorithm
                0x00000000       0x4c .\CortexM3\ARM_GCC_541\Debug\Project3!.a(CyFlash.o)
 .text.CySetTemp
                0x00000000       0x14 .\CortexM3\ARM_GCC_541\Debug\Project3!.a(CyFlash.o)
 .text.CySetFlashEEBuffer
                0x00000000       0x20 .\CortexM3\ARM_GCC_541\Debug\Project3!.a(CyFlash.o)
 .text.CyWriteRowFull
                0x00000000       0xf8 .\CortexM3\ARM_GCC_541\Debug\Project3!.a(CyFlash.o)
 .text.CyWriteRowData
                0x00000000       0x14 .\CortexM3\ARM_GCC_541\Debug\Project3!.a(CyFlash.o)
 .text.CyFlash_SetWaitCycles
                0x00000000       0x7c .\CortexM3\ARM_GCC_541\Debug\Project3!.a(CyFlash.o)
 .text.CyEEPROM_Start
                0x00000000       0x54 .\CortexM3\ARM_GCC_541\Debug\Project3!.a(CyFlash.o)
 .text.CyEEPROM_Stop
                0x00000000       0x24 .\CortexM3\ARM_GCC_541\Debug\Project3!.a(CyFlash.o)
 .text.CyEEPROM_ReadReserve
                0x00000000       0x1c .\CortexM3\ARM_GCC_541\Debug\Project3!.a(CyFlash.o)
 .text.CyEEPROM_ReadRelease
                0x00000000       0x10 .\CortexM3\ARM_GCC_541\Debug\Project3!.a(CyFlash.o)
 COMMON         0x00000000        0x2 .\CortexM3\ARM_GCC_541\Debug\Project3!.a(CyFlash.o)
 .text          0x00000000        0x0 .\CortexM3\ARM_GCC_541\Debug\Project3!.a(CySpc.o)
 .data          0x00000000        0x0 .\CortexM3\ARM_GCC_541\Debug\Project3!.a(CySpc.o)
 .bss           0x00000000        0x8 .\CortexM3\ARM_GCC_541\Debug\Project3!.a(CySpc.o)
 .text.CySpcStart
                0x00000000       0x24 .\CortexM3\ARM_GCC_541\Debug\Project3!.a(CySpc.o)
 .text.CySpcStop
                0x00000000       0x24 .\CortexM3\ARM_GCC_541\Debug\Project3!.a(CySpc.o)
 .text.CySpcReadData
                0x00000000       0x34 .\CortexM3\ARM_GCC_541\Debug\Project3!.a(CySpc.o)
 .text.CySpcLoadMultiByte
                0x00000000       0x78 .\CortexM3\ARM_GCC_541\Debug\Project3!.a(CySpc.o)
 .text.CySpcLoadRow
                0x00000000       0x50 .\CortexM3\ARM_GCC_541\Debug\Project3!.a(CySpc.o)
 .text.CySpcLoadRowFull
                0x00000000       0x80 .\CortexM3\ARM_GCC_541\Debug\Project3!.a(CySpc.o)
 .text.CySpcWriteRow
                0x00000000       0x4c .\CortexM3\ARM_GCC_541\Debug\Project3!.a(CySpc.o)
 .text.CySpcEraseSector
                0x00000000       0x3c .\CortexM3\ARM_GCC_541\Debug\Project3!.a(CySpc.o)
 .text.CySpcEraseRow
                0x00000000       0x4c .\CortexM3\ARM_GCC_541\Debug\Project3!.a(CySpc.o)
 .text.CySpcGetTemp
                0x00000000       0x3c .\CortexM3\ARM_GCC_541\Debug\Project3!.a(CySpc.o)
 .text.CySpcLock
                0x00000000       0x4c .\CortexM3\ARM_GCC_541\Debug\Project3!.a(CySpc.o)
 .text.CySpcUnlock
                0x00000000       0x38 .\CortexM3\ARM_GCC_541\Debug\Project3!.a(CySpc.o)
 .text.CySpcGetAlgorithm
                0x00000000       0x28 .\CortexM3\ARM_GCC_541\Debug\Project3!.a(CySpc.o)
 .text          0x00000000      0x370 c:/program files (x86)/cypress/psoc creator/4.4/psoc creator/import/gnu/arm/5.4.1/bin/../lib/gcc/arm-none-eabi/5.4.1/armv7-m\libgcc.a(_arm_addsubdf3.o)
 .data          0x00000000        0x0 c:/program files (x86)/cypress/psoc creator/4.4/psoc creator/import/gnu/arm/5.4.1/bin/../lib/gcc/arm-none-eabi/5.4.1/armv7-m\libgcc.a(_arm_addsubdf3.o)
 .bss           0x00000000        0x0 c:/program files (x86)/cypress/psoc creator/4.4/psoc creator/import/gnu/arm/5.4.1/bin/../lib/gcc/arm-none-eabi/5.4.1/armv7-m\libgcc.a(_arm_addsubdf3.o)
 .text          0x00000000      0x110 c:/program files (x86)/cypress/psoc creator/4.4/psoc creator/import/gnu/arm/5.4.1/bin/../lib/gcc/arm-none-eabi/5.4.1/armv7-m\libgcc.a(_arm_cmpdf2.o)
 .data          0x00000000        0x0 c:/program files (x86)/cypress/psoc creator/4.4/psoc creator/import/gnu/arm/5.4.1/bin/../lib/gcc/arm-none-eabi/5.4.1/armv7-m\libgcc.a(_arm_cmpdf2.o)
 .bss           0x00000000        0x0 c:/program files (x86)/cypress/psoc creator/4.4/psoc creator/import/gnu/arm/5.4.1/bin/../lib/gcc/arm-none-eabi/5.4.1/armv7-m\libgcc.a(_arm_cmpdf2.o)
 .text          0x00000000      0x21c c:/program files (x86)/cypress/psoc creator/4.4/psoc creator/import/gnu/arm/5.4.1/bin/../lib/gcc/arm-none-eabi/5.4.1/armv7-m\libgcc.a(_arm_addsubsf3.o)
 .data          0x00000000        0x0 c:/program files (x86)/cypress/psoc creator/4.4/psoc creator/import/gnu/arm/5.4.1/bin/../lib/gcc/arm-none-eabi/5.4.1/armv7-m\libgcc.a(_arm_addsubsf3.o)
 .bss           0x00000000        0x0 c:/program files (x86)/cypress/psoc creator/4.4/psoc creator/import/gnu/arm/5.4.1/bin/../lib/gcc/arm-none-eabi/5.4.1/armv7-m\libgcc.a(_arm_addsubsf3.o)
 .text          0x00000000      0x2a0 c:/program files (x86)/cypress/psoc creator/4.4/psoc creator/import/gnu/arm/5.4.1/bin/../lib/gcc/arm-none-eabi/5.4.1/armv7-m\libgcc.a(_arm_muldivsf3.o)
 .data          0x00000000        0x0 c:/program files (x86)/cypress/psoc creator/4.4/psoc creator/import/gnu/arm/5.4.1/bin/../lib/gcc/arm-none-eabi/5.4.1/armv7-m\libgcc.a(_arm_muldivsf3.o)
 .bss           0x00000000        0x0 c:/program files (x86)/cypress/psoc creator/4.4/psoc creator/import/gnu/arm/5.4.1/bin/../lib/gcc/arm-none-eabi/5.4.1/armv7-m\libgcc.a(_arm_muldivsf3.o)
 .text          0x00000000       0x40 c:/program files (x86)/cypress/psoc creator/4.4/psoc creator/import/gnu/arm/5.4.1/bin/../lib/gcc/arm-none-eabi/5.4.1/armv7-m\libgcc.a(_arm_fixunssfsi.o)
 .data          0x00000000        0x0 c:/program files (x86)/cypress/psoc creator/4.4/psoc creator/import/gnu/arm/5.4.1/bin/../lib/gcc/arm-none-eabi/5.4.1/armv7-m\libgcc.a(_arm_fixunssfsi.o)
 .bss           0x00000000        0x0 c:/program files (x86)/cypress/psoc creator/4.4/psoc creator/import/gnu/arm/5.4.1/bin/../lib/gcc/arm-none-eabi/5.4.1/armv7-m\libgcc.a(_arm_fixunssfsi.o)
 .text          0x00000000        0x0 c:/program files (x86)/cypress/psoc creator/4.4/psoc creator/import/gnu/arm/5.4.1/bin/../lib/gcc/arm-none-eabi/5.4.1/../../../../arm-none-eabi/lib/armv7-m\libg_nano.a(lib_a-errno.o)
 .data          0x00000000        0x0 c:/program files (x86)/cypress/psoc creator/4.4/psoc creator/import/gnu/arm/5.4.1/bin/../lib/gcc/arm-none-eabi/5.4.1/../../../../arm-none-eabi/lib/armv7-m\libg_nano.a(lib_a-errno.o)
 .bss           0x00000000        0x0 c:/program files (x86)/cypress/psoc creator/4.4/psoc creator/import/gnu/arm/5.4.1/bin/../lib/gcc/arm-none-eabi/5.4.1/../../../../arm-none-eabi/lib/armv7-m\libg_nano.a(lib_a-errno.o)
 .text          0x00000000        0x0 c:/program files (x86)/cypress/psoc creator/4.4/psoc creator/import/gnu/arm/5.4.1/bin/../lib/gcc/arm-none-eabi/5.4.1/../../../../arm-none-eabi/lib/armv7-m\libg_nano.a(lib_a-exit.o)
 .data          0x00000000        0x0 c:/program files (x86)/cypress/psoc creator/4.4/psoc creator/import/gnu/arm/5.4.1/bin/../lib/gcc/arm-none-eabi/5.4.1/../../../../arm-none-eabi/lib/armv7-m\libg_nano.a(lib_a-exit.o)
 .bss           0x00000000        0x0 c:/program files (x86)/cypress/psoc creator/4.4/psoc creator/import/gnu/arm/5.4.1/bin/../lib/gcc/arm-none-eabi/5.4.1/../../../../arm-none-eabi/lib/armv7-m\libg_nano.a(lib_a-exit.o)
 .text.exit     0x00000000       0x28 c:/program files (x86)/cypress/psoc creator/4.4/psoc creator/import/gnu/arm/5.4.1/bin/../lib/gcc/arm-none-eabi/5.4.1/../../../../arm-none-eabi/lib/armv7-m\libg_nano.a(lib_a-exit.o)
 .text          0x00000000        0x0 c:/program files (x86)/cypress/psoc creator/4.4/psoc creator/import/gnu/arm/5.4.1/bin/../lib/gcc/arm-none-eabi/5.4.1/../../../../arm-none-eabi/lib/armv7-m\libg_nano.a(lib_a-impure.o)
 .data          0x00000000        0x0 c:/program files (x86)/cypress/psoc creator/4.4/psoc creator/import/gnu/arm/5.4.1/bin/../lib/gcc/arm-none-eabi/5.4.1/../../../../arm-none-eabi/lib/armv7-m\libg_nano.a(lib_a-impure.o)
 .bss           0x00000000        0x0 c:/program files (x86)/cypress/psoc creator/4.4/psoc creator/import/gnu/arm/5.4.1/bin/../lib/gcc/arm-none-eabi/5.4.1/../../../../arm-none-eabi/lib/armv7-m\libg_nano.a(lib_a-impure.o)
 .rodata._global_impure_ptr
                0x00000000        0x4 c:/program files (x86)/cypress/psoc creator/4.4/psoc creator/import/gnu/arm/5.4.1/bin/../lib/gcc/arm-none-eabi/5.4.1/../../../../arm-none-eabi/lib/armv7-m\libg_nano.a(lib_a-impure.o)
 .text          0x00000000        0x0 c:/program files (x86)/cypress/psoc creator/4.4/psoc creator/import/gnu/arm/5.4.1/bin/../lib/gcc/arm-none-eabi/5.4.1/../../../../arm-none-eabi/lib/armv7-m\libg_nano.a(lib_a-init.o)
 .data          0x00000000        0x0 c:/program files (x86)/cypress/psoc creator/4.4/psoc creator/import/gnu/arm/5.4.1/bin/../lib/gcc/arm-none-eabi/5.4.1/../../../../arm-none-eabi/lib/armv7-m\libg_nano.a(lib_a-init.o)
 .bss           0x00000000        0x0 c:/program files (x86)/cypress/psoc creator/4.4/psoc creator/import/gnu/arm/5.4.1/bin/../lib/gcc/arm-none-eabi/5.4.1/../../../../arm-none-eabi/lib/armv7-m\libg_nano.a(lib_a-init.o)
 .text          0x00000000        0x0 c:/program files (x86)/cypress/psoc creator/4.4/psoc creator/import/gnu/arm/5.4.1/bin/../lib/gcc/arm-none-eabi/5.4.1/../../../../arm-none-eabi/lib/armv7-m\libg_nano.a(lib_a-memcpy-stub.o)
 .data          0x00000000        0x0 c:/program files (x86)/cypress/psoc creator/4.4/psoc creator/import/gnu/arm/5.4.1/bin/../lib/gcc/arm-none-eabi/5.4.1/../../../../arm-none-eabi/lib/armv7-m\libg_nano.a(lib_a-memcpy-stub.o)
 .bss           0x00000000        0x0 c:/program files (x86)/cypress/psoc creator/4.4/psoc creator/import/gnu/arm/5.4.1/bin/../lib/gcc/arm-none-eabi/5.4.1/../../../../arm-none-eabi/lib/armv7-m\libg_nano.a(lib_a-memcpy-stub.o)
 .text          0x00000000        0x0 c:/program files (x86)/cypress/psoc creator/4.4/psoc creator/import/gnu/arm/5.4.1/bin/../lib/gcc/arm-none-eabi/5.4.1/../../../../arm-none-eabi/lib/armv7-m\libg_nano.a(lib_a-memset.o)
 .data          0x00000000        0x0 c:/program files (x86)/cypress/psoc creator/4.4/psoc creator/import/gnu/arm/5.4.1/bin/../lib/gcc/arm-none-eabi/5.4.1/../../../../arm-none-eabi/lib/armv7-m\libg_nano.a(lib_a-memset.o)
 .bss           0x00000000        0x0 c:/program files (x86)/cypress/psoc creator/4.4/psoc creator/import/gnu/arm/5.4.1/bin/../lib/gcc/arm-none-eabi/5.4.1/../../../../arm-none-eabi/lib/armv7-m\libg_nano.a(lib_a-memset.o)
 .text          0x00000000        0x0 c:/program files (x86)/cypress/psoc creator/4.4/psoc creator/import/gnu/arm/5.4.1/bin/../lib/gcc/arm-none-eabi/5.4.1/armv7-m/crtend.o
 .data          0x00000000        0x0 c:/program files (x86)/cypress/psoc creator/4.4/psoc creator/import/gnu/arm/5.4.1/bin/../lib/gcc/arm-none-eabi/5.4.1/armv7-m/crtend.o
 .bss           0x00000000        0x0 c:/program files (x86)/cypress/psoc creator/4.4/psoc creator/import/gnu/arm/5.4.1/bin/../lib/gcc/arm-none-eabi/5.4.1/armv7-m/crtend.o
 .text          0x00000000        0x0 c:/program files (x86)/cypress/psoc creator/4.4/psoc creator/import/gnu/arm/5.4.1/bin/../lib/gcc/arm-none-eabi/5.4.1/armv7-m/crtn.o
 .data          0x00000000        0x0 c:/program files (x86)/cypress/psoc creator/4.4/psoc creator/import/gnu/arm/5.4.1/bin/../lib/gcc/arm-none-eabi/5.4.1/armv7-m/crtn.o
 .bss           0x00000000        0x0 c:/program files (x86)/cypress/psoc creator/4.4/psoc creator/import/gnu/arm/5.4.1/bin/../lib/gcc/arm-none-eabi/5.4.1/armv7-m/crtn.o

Memory Configuration

Name             Origin             Length             Attributes
rom              0x00000000         0x00040000         xr
ram              0x1fff8000         0x00010000         xrw
*default*        0x00000000         0xffffffff

Linker script and memory map

LOAD c:/program files (x86)/cypress/psoc creator/4.4/psoc creator/import/gnu/arm/5.4.1/bin/../lib/gcc/arm-none-eabi/5.4.1/armv7-m/crti.o
LOAD c:/program files (x86)/cypress/psoc creator/4.4/psoc creator/import/gnu/arm/5.4.1/bin/../lib/gcc/arm-none-eabi/5.4.1/armv7-m/crtbegin.o
LOAD c:/program files (x86)/cypress/psoc creator/4.4/psoc creator/import/gnu/arm/5.4.1/bin/../lib/gcc/arm-none-eabi/5.4.1/../../../../arm-none-eabi/lib/armv7-m/crt0.o
START GROUP
LOAD .\CortexM3\ARM_GCC_541\Debug\main.o
LOAD .\CortexM3\ARM_GCC_541\Debug\Interrupt_Routines.o
LOAD .\CortexM3\ARM_GCC_541\Debug\cyfitter_cfg.o
LOAD .\CortexM3\ARM_GCC_541\Debug\cymetadata.o
LOAD .\CortexM3\ARM_GCC_541\Debug\Cm3Start.o
LOAD .\CortexM3\ARM_GCC_541\Debug\Project3!.a
LOAD C:\Program Files (x86)\Cypress\PSoC Creator\4.4\PSoC Creator\psoc\content\cycomponentlibrary\CyComponentLibrary.cylib\CortexM3\ARM_GCC_541\Debug\CyComponentLibrary.a
END GROUP
START GROUP
LOAD c:/program files (x86)/cypress/psoc creator/4.4/psoc creator/import/gnu/arm/5.4.1/bin/../lib/gcc/arm-none-eabi/5.4.1/armv7-m\libgcc.a
LOAD c:/program files (x86)/cypress/psoc creator/4.4/psoc creator/import/gnu/arm/5.4.1/bin/../lib/gcc/arm-none-eabi/5.4.1/../../../../arm-none-eabi/lib/armv7-m\libg_nano.a
LOAD c:/program files (x86)/cypress/psoc creator/4.4/psoc creator/import/gnu/arm/5.4.1/bin/../lib/gcc/arm-none-eabi/5.4.1/../../../../arm-none-eabi/lib/armv7-m\libc_nano.a
END GROUP
START GROUP
LOAD c:/program files (x86)/cypress/psoc creator/4.4/psoc creator/import/gnu/arm/5.4.1/bin/../lib/gcc/arm-none-eabi/5.4.1/armv7-m\libgcc.a
LOAD c:/program files (x86)/cypress/psoc creator/4.4/psoc creator/import/gnu/arm/5.4.1/bin/../lib/gcc/arm-none-eabi/5.4.1/../../../../arm-none-eabi/lib/armv7-m\libc_nano.a
END GROUP
LOAD c:/program files (x86)/cypress/psoc creator/4.4/psoc creator/import/gnu/arm/5.4.1/bin/../lib/gcc/arm-none-eabi/5.4.1/armv7-m/crtend.o
LOAD c:/program files (x86)/cypress/psoc creator/4.4/psoc creator/import/gnu/arm/5.4.1/bin/../lib/gcc/arm-none-eabi/5.4.1/armv7-m/crtn.o
START GROUP
LOAD c:/program files (x86)/cypress/psoc creator/4.4/psoc creator/import/gnu/arm/5.4.1/bin/../lib/gcc/arm-none-eabi/5.4.1/armv7-m\libgcc.a
LOAD c:/program files (x86)/cypress/psoc creator/4.4/psoc creator/import/gnu/arm/5.4.1/bin/../lib/gcc/arm-none-eabi/5.4.1/../../../../arm-none-eabi/lib/armv7-m\libc.a
LOAD c:/program files (x86)/cypress/psoc creator/4.4/psoc creator/import/gnu/arm/5.4.1/bin/../lib/gcc/arm-none-eabi/5.4.1/../../../../arm-none-eabi/lib/armv7-m\libnosys.a
END GROUP
                0x00000000                CY_APPL_ORIGIN = 0x0
                0x00000100                CY_FLASH_ROW_SIZE = 0x100
                0x00000020                CY_ECC_ROW_SIZE = 0x20
                0x00000000                CY_EE_IN_BTLDR = 0x0
                0x00000000                CY_APPL_LOADABLE = 0x0
                0x00000800                CY_EE_SIZE = 0x800
                0x00000001                CY_APPL_NUM = 0x1
                0x00000001                CY_APPL_MAX = 0x1
                0x00000040                CY_METADATA_SIZE = 0x40
                0x00000000                CY_APPL_LOADABLE = 0x0
                0x00000000                CY_CHECKSUM_EXCLUDE_SIZE = ALIGN (0x0, CY_FLASH_ROW_SIZE)
                [!provide]                PROVIDE (__cy_heap_start, _end)
                0x00000001                PROVIDE (__cy_region_num, ((__cy_regions_end - __cy_regions) / 0x10))
                0x20008000                PROVIDE (__cy_stack, (ORIGIN (ram) + LENGTH (ram)))
                [!provide]                PROVIDE (__cy_heap_end, (__cy_stack - 0x800))

.cybootloader   0x00000000        0x0
 *(.cybootloader)
                0x00000000                appl1_start = CY_APPL_ORIGIN?CY_APPL_ORIGIN:ALIGN (CY_FLASH_ROW_SIZE)
                0x0001ff00                appl2_start = (appl1_start + ALIGN ((((LENGTH (rom) - appl1_start) - (0x2 * CY_FLASH_ROW_SIZE)) / 0x2), CY_FLASH_ROW_SIZE))
                0x00000000                appl_start = (CY_APPL_NUM == 0x1)?appl1_start:appl2_start
                0x00000000                ecc_offset = ((appl_start / CY_FLASH_ROW_SIZE) * CY_ECC_ROW_SIZE)
                0x00000000                ee_offset = (CY_APPL_LOADABLE && ! (CY_EE_IN_BTLDR))?((CY_EE_SIZE / CY_APPL_MAX) * (CY_APPL_NUM - 0x1)):0x0
                0x00000800                ee_size = (CY_APPL_LOADABLE && ! (CY_EE_IN_BTLDR))?(CY_EE_SIZE / CY_APPL_MAX):CY_EE_SIZE
                [!provide]                PROVIDE (CY_ECC_OFFSET, ecc_offset)

.text           0x00000000      0xfd6
 CREATE_OBJECT_SYMBOLS
                0x00000000                PROVIDE (__cy_interrupt_vector, RomVectors)
 *(.romvectors)
 .romvectors    0x00000000       0x10 .\CortexM3\ARM_GCC_541\Debug\Cm3Start.o
                0x00000000                RomVectors
                0x00000001                ASSERT ((. != __cy_interrupt_vector), No interrupt vector)
                0x00000001                ASSERT (CY_APPL_ORIGIN?(SIZEOF (.cybootloader) <= CY_APPL_ORIGIN):0x1, Wrong image location)
                0x00000010                PROVIDE (__cy_reset, Reset)
 *(.text.Reset)
 .text.Reset    0x00000010       0x18 .\CortexM3\ARM_GCC_541\Debug\Cm3Start.o
                0x00000010                Reset
                0x00000001                ASSERT ((. != __cy_reset), No reset code)
 *(.dma_init)
                0x00000001                ASSERT ((((appl_start + .) <= 0x10000) || 0x1), DMA Init must be within the first 64k of flash)
 *(.text .text.* .gnu.linkonce.t.*)
 .text          0x00000028       0x5c c:/program files (x86)/cypress/psoc creator/4.4/psoc creator/import/gnu/arm/5.4.1/bin/../lib/gcc/arm-none-eabi/5.4.1/armv7-m/crtbegin.o
 .text.main     0x00000084       0x64 .\CortexM3\ARM_GCC_541\Debug\main.o
                0x00000084                main
 .text.Custom_ISR_ADC
                0x000000e8       0xd0 .\CortexM3\ARM_GCC_541\Debug\Interrupt_Routines.o
                0x000000e8                Custom_ISR_ADC
 .text.CyClockStartupError
                0x000001b8        0x4 .\CortexM3\ARM_GCC_541\Debug\cyfitter_cfg.o
 .text.cfg_write_bytes32
                0x000001bc       0x34 .\CortexM3\ARM_GCC_541\Debug\cyfitter_cfg.o
 .text.AnalogSetDefault
                0x000001f0       0x28 .\CortexM3\ARM_GCC_541\Debug\cyfitter_cfg.o
 .text.CYMEMZERO
                0x00000218        0xc .\CortexM3\ARM_GCC_541\Debug\cyfitter_cfg.o
 .text.CYCONFIGCPY
                0x00000224        0x8 .\CortexM3\ARM_GCC_541\Debug\cyfitter_cfg.o
 .text.ClockSetup
                0x0000022c      0x100 .\CortexM3\ARM_GCC_541\Debug\cyfitter_cfg.o
 .text.AMux_Set
                0x0000032c       0x38 .\CortexM3\ARM_GCC_541\Debug\cyfitter_cfg.o
                0x0000032c                AMux_Set
 .text.AMux_Unset
                0x00000364       0x3c .\CortexM3\ARM_GCC_541\Debug\cyfitter_cfg.o
                0x00000364                AMux_Unset
 .text.ADC_DelSig_AMux_Set
                0x000003a0       0x20 .\CortexM3\ARM_GCC_541\Debug\cyfitter_cfg.o
                0x000003a0                ADC_DelSig_AMux_Set
 .text.ADC_DelSig_AMux_Unset
                0x000003c0       0x20 .\CortexM3\ARM_GCC_541\Debug\cyfitter_cfg.o
                0x000003c0                ADC_DelSig_AMux_Unset
 .text.cyfitter_cfg
                0x000003e0      0x114 .\CortexM3\ARM_GCC_541\Debug\cyfitter_cfg.o
                0x000003e0                cyfitter_cfg
 .text.IntDefaultHandler
                0x000004f4       0x10 .\CortexM3\ARM_GCC_541\Debug\Cm3Start.o
                0x000004f4                IntDefaultHandler
 .text.Start_c  0x00000504       0x4c .\CortexM3\ARM_GCC_541\Debug\Cm3Start.o
                0x00000504                Start_c
 .text.initialize_psoc
                0x00000550       0x68 .\CortexM3\ARM_GCC_541\Debug\Cm3Start.o
                0x00000550                initialize_psoc
 .text.UART_Init
                0x000005b8       0x18 .\CortexM3\ARM_GCC_541\Debug\Project3!.a(UART.o)
                0x000005b8                UART_Init
 .text.UART_Enable
                0x000005d0       0x24 .\CortexM3\ARM_GCC_541\Debug\Project3!.a(UART.o)
                0x000005d0                UART_Enable
 .text.UART_Start
                0x000005f4       0x1c .\CortexM3\ARM_GCC_541\Debug\Project3!.a(UART.o)
                0x000005f4                UART_Start
 .text.UART_PutChar
                0x00000610       0x18 .\CortexM3\ARM_GCC_541\Debug\Project3!.a(UART.o)
                0x00000610                UART_PutChar
 .text.UART_PutArray
                0x00000628       0x28 .\CortexM3\ARM_GCC_541\Debug\Project3!.a(UART.o)
                0x00000628                UART_PutArray
 .text.ADC_DelSig_GainCompensation
                0x00000650       0xdc .\CortexM3\ARM_GCC_541\Debug\Project3!.a(ADC_DelSig.o)
 .text.ADC_DelSig_SetDSMRef0Reg
                0x0000072c       0x4c .\CortexM3\ARM_GCC_541\Debug\Project3!.a(ADC_DelSig.o)
 .text.ADC_DelSig_InitConfig
                0x00000778       0xe0 .\CortexM3\ARM_GCC_541\Debug\Project3!.a(ADC_DelSig.o)
 .text.ADC_DelSig_Init
                0x00000858       0xc4 .\CortexM3\ARM_GCC_541\Debug\Project3!.a(ADC_DelSig.o)
                0x00000858                ADC_DelSig_Init
 .text.ADC_DelSig_Enable
                0x0000091c       0xd8 .\CortexM3\ARM_GCC_541\Debug\Project3!.a(ADC_DelSig.o)
                0x0000091c                ADC_DelSig_Enable
 .text.ADC_DelSig_Start
                0x000009f4       0x28 .\CortexM3\ARM_GCC_541\Debug\Project3!.a(ADC_DelSig.o)
                0x000009f4                ADC_DelSig_Start
 .text.ADC_DelSig_StartConvert
                0x00000a1c       0x10 .\CortexM3\ARM_GCC_541\Debug\Project3!.a(ADC_DelSig.o)
                0x00000a1c                ADC_DelSig_StartConvert
 .text.ADC_DelSig_StopConvert
                0x00000a2c       0x10 .\CortexM3\ARM_GCC_541\Debug\Project3!.a(ADC_DelSig.o)
                0x00000a2c                ADC_DelSig_StopConvert
 .text.ADC_DelSig_IsEndConversion
                0x00000a3c       0x30 .\CortexM3\ARM_GCC_541\Debug\Project3!.a(ADC_DelSig.o)
                0x00000a3c                ADC_DelSig_IsEndConversion
 .text.ADC_DelSig_GetResult32
                0x00000a6c       0x6c .\CortexM3\ARM_GCC_541\Debug\Project3!.a(ADC_DelSig.o)
                0x00000a6c                ADC_DelSig_GetResult32
 .text.ADC_DelSig_Read32
                0x00000ad8       0x28 .\CortexM3\ARM_GCC_541\Debug\Project3!.a(ADC_DelSig.o)
                0x00000ad8                ADC_DelSig_Read32
 .text.ADC_DelSig_ISR1
                0x00000b00        0x4 .\CortexM3\ARM_GCC_541\Debug\Project3!.a(ADC_DelSig_INT.o)
                0x00000b00                ADC_DelSig_ISR1
 .text.Timer_Enable
                0x00000b04       0x28 .\CortexM3\ARM_GCC_541\Debug\Project3!.a(Timer.o)
                0x00000b04                Timer_Enable
 .text.Timer_SetInterruptMode
                0x00000b2c        0xc .\CortexM3\ARM_GCC_541\Debug\Project3!.a(Timer.o)
                0x00000b2c                Timer_SetInterruptMode
 .text.Timer_ReadStatusRegister
                0x00000b38        0xc .\CortexM3\ARM_GCC_541\Debug\Project3!.a(Timer.o)
                0x00000b38                Timer_ReadStatusRegister
 .text.Timer_WritePeriod
                0x00000b44        0xc .\CortexM3\ARM_GCC_541\Debug\Project3!.a(Timer.o)
                0x00000b44                Timer_WritePeriod
 .text.Timer_WriteCounter
                0x00000b50        0xc .\CortexM3\ARM_GCC_541\Debug\Project3!.a(Timer.o)
                0x00000b50                Timer_WriteCounter
 .text.Timer_Init
                0x00000b5c       0x64 .\CortexM3\ARM_GCC_541\Debug\Project3!.a(Timer.o)
                0x00000b5c                Timer_Init
 .text.Timer_Start
                0x00000bc0       0x1c .\CortexM3\ARM_GCC_541\Debug\Project3!.a(Timer.o)
                0x00000bc0                Timer_Start
 .text.isr_ADC_SetVector
                0x00000bdc        0xc .\CortexM3\ARM_GCC_541\Debug\Project3!.a(isr_ADC.o)
                0x00000bdc                isr_ADC_SetVector
 .text.isr_ADC_SetPriority
                0x00000be8       0x10 .\CortexM3\ARM_GCC_541\Debug\Project3!.a(isr_ADC.o)
                0x00000be8                isr_ADC_SetPriority
 .text.isr_ADC_Enable
                0x00000bf8        0xc .\CortexM3\ARM_GCC_541\Debug\Project3!.a(isr_ADC.o)
                0x00000bf8                isr_ADC_Enable
 .text.isr_ADC_Disable
                0x00000c04        0xc .\CortexM3\ARM_GCC_541\Debug\Project3!.a(isr_ADC.o)
                0x00000c04                isr_ADC_Disable
 .text.isr_ADC_StartEx
                0x00000c10       0x1c .\CortexM3\ARM_GCC_541\Debug\Project3!.a(isr_ADC.o)
                0x00000c10                isr_ADC_StartEx
 .text.AMux_Start
                0x00000c2c       0x20 .\CortexM3\ARM_GCC_541\Debug\Project3!.a(AMux.o)
                0x00000c2c                AMux_Start
 .text.AMux_Select
                0x00000c4c       0x18 .\CortexM3\ARM_GCC_541\Debug\Project3!.a(AMux.o)
                0x00000c4c                AMux_Select
 .text.UART_IntClock_Start
                0x00000c64       0x1c .\CortexM3\ARM_GCC_541\Debug\Project3!.a(UART_IntClock.o)
                0x00000c64                UART_IntClock_Start
 .text.ADC_DelSig_AMux_Start
                0x00000c80       0x20 .\CortexM3\ARM_GCC_541\Debug\Project3!.a(ADC_DelSig_AMux.o)
                0x00000c80                ADC_DelSig_AMux_Start
 .text.ADC_DelSig_AMux_Select
                0x00000ca0       0x18 .\CortexM3\ARM_GCC_541\Debug\Project3!.a(ADC_DelSig_AMux.o)
                0x00000ca0                ADC_DelSig_AMux_Select
 .text.ADC_DelSig_Ext_CP_Clk_GetDividerRegister
                0x00000cb8        0xc .\CortexM3\ARM_GCC_541\Debug\Project3!.a(ADC_DelSig_Ext_CP_Clk.o)
                0x00000cb8                ADC_DelSig_Ext_CP_Clk_GetDividerRegister
 .text.ADC_DelSig_Ext_CP_Clk_SetModeRegister
                0x00000cc4       0x14 .\CortexM3\ARM_GCC_541\Debug\Project3!.a(ADC_DelSig_Ext_CP_Clk.o)
                0x00000cc4                ADC_DelSig_Ext_CP_Clk_SetModeRegister
 .text.ADC_DelSig_Ext_CP_Clk_GetSourceRegister
                0x00000cd8       0x10 .\CortexM3\ARM_GCC_541\Debug\Project3!.a(ADC_DelSig_Ext_CP_Clk.o)
                0x00000cd8                ADC_DelSig_Ext_CP_Clk_GetSourceRegister
 .text.ADC_DelSig_Ext_CP_Clk_SetDividerRegister
                0x00000ce8       0xd8 .\CortexM3\ARM_GCC_541\Debug\Project3!.a(ADC_DelSig_Ext_CP_Clk.o)
                0x00000ce8                ADC_DelSig_Ext_CP_Clk_SetDividerRegister
 .text.ADC_DelSig_theACLK_GetDividerRegister
                0x00000dc0        0xc .\CortexM3\ARM_GCC_541\Debug\Project3!.a(ADC_DelSig_theACLK.o)
                0x00000dc0                ADC_DelSig_theACLK_GetDividerRegister
 .text.ADC_DelSig_theACLK_SetModeRegister
                0x00000dcc       0x14 .\CortexM3\ARM_GCC_541\Debug\Project3!.a(ADC_DelSig_theACLK.o)
                0x00000dcc                ADC_DelSig_theACLK_SetModeRegister
 .text.ADC_DelSig_theACLK_GetSourceRegister
                0x00000de0       0x10 .\CortexM3\ARM_GCC_541\Debug\Project3!.a(ADC_DelSig_theACLK.o)
                0x00000de0                ADC_DelSig_theACLK_GetSourceRegister
 .text.ADC_DelSig_theACLK_SetDividerRegister
                0x00000df0       0xd8 .\CortexM3\ARM_GCC_541\Debug\Project3!.a(ADC_DelSig_theACLK.o)
                0x00000df0                ADC_DelSig_theACLK_SetDividerRegister
 .text.CyHalt   0x00000ec8        0x4 .\CortexM3\ARM_GCC_541\Debug\Project3!.a(CyLib.o)
                0x00000ec8                CyHalt
 .text.CyDelayUs
                0x00000ecc       0x14 .\CortexM3\ARM_GCC_541\Debug\Project3!.a(CyLib.o)
                0x00000ecc                CyDelayUs
 .text.CyIntSetVector
                0x00000ee0       0x28 .\CortexM3\ARM_GCC_541\Debug\Project3!.a(CyLib.o)
                0x00000ee0                CyIntSetVector
 .text.CyIntSetPriority
                0x00000f08       0x30 .\CortexM3\ARM_GCC_541\Debug\Project3!.a(CyLib.o)
                0x00000f08                CyIntSetPriority
 .text          0x00000f38       0x20 .\CortexM3\ARM_GCC_541\Debug\Project3!.a(CyBootAsmGnu.o)
                0x00000f38                CyDelayCycles
                0x00000f48                CyEnterCriticalSection
                0x00000f50                CyExitCriticalSection
 .text.__errno  0x00000f58        0xc c:/program files (x86)/cypress/psoc creator/4.4/psoc creator/import/gnu/arm/5.4.1/bin/../lib/gcc/arm-none-eabi/5.4.1/../../../../arm-none-eabi/lib/armv7-m\libg_nano.a(lib_a-errno.o)
                0x00000f58                __errno
 .text.__libc_init_array
                0x00000f64       0x4c c:/program files (x86)/cypress/psoc creator/4.4/psoc creator/import/gnu/arm/5.4.1/bin/../lib/gcc/arm-none-eabi/5.4.1/../../../../arm-none-eabi/lib/armv7-m\libg_nano.a(lib_a-init.o)
                0x00000f64                __libc_init_array
 .text.memcpy   0x00000fb0       0x16 c:/program files (x86)/cypress/psoc creator/4.4/psoc creator/import/gnu/arm/5.4.1/bin/../lib/gcc/arm-none-eabi/5.4.1/../../../../arm-none-eabi/lib/armv7-m\libg_nano.a(lib_a-memcpy-stub.o)
                0x00000fb0                memcpy
 .text.memset   0x00000fc6       0x10 c:/program files (x86)/cypress/psoc creator/4.4/psoc creator/import/gnu/arm/5.4.1/bin/../lib/gcc/arm-none-eabi/5.4.1/../../../../arm-none-eabi/lib/armv7-m\libg_nano.a(lib_a-memset.o)
                0x00000fc6                memset
 *(.plt)
 *(.gnu.warning)
 *(.glue_7t)
 .glue_7t       0x00000fd6        0x0 linker stubs
 *(.glue_7)
 .glue_7        0x00000fd6        0x0 linker stubs
 *(.vfp11_veneer)
 .vfp11_veneer  0x00000fd6        0x0 linker stubs
 *(.bootloader)
 *(.ARM.extab* .gnu.linkonce.armextab.*)
 *(.gcc_except_table)

.v4_bx          0x00000fd8        0x0
 .v4_bx         0x00000fd8        0x0 linker stubs

.iplt           0x00000fd8        0x0
 .iplt          0x00000fd8        0x0 c:/program files (x86)/cypress/psoc creator/4.4/psoc creator/import/gnu/arm/5.4.1/bin/../lib/gcc/arm-none-eabi/5.4.1/armv7-m/crtbegin.o

.eh_frame_hdr
 *(.eh_frame_hdr)

.eh_frame       0x00000fd8        0x4
 *(.eh_frame)
 .eh_frame      0x00000fd8        0x0 c:/program files (x86)/cypress/psoc creator/4.4/psoc creator/import/gnu/arm/5.4.1/bin/../lib/gcc/arm-none-eabi/5.4.1/armv7-m/crtbegin.o
 .eh_frame      0x00000fd8        0x4 c:/program files (x86)/cypress/psoc creator/4.4/psoc creator/import/gnu/arm/5.4.1/bin/../lib/gcc/arm-none-eabi/5.4.1/armv7-m/crtend.o
                [!provide]                PROVIDE (__exidx_start, .)

.ARM.exidx
 *(.ARM.exidx* .gnu.linkonce.armexidx.*)
                0x00000fdc                __exidx_end = .

.rodata         0x00000fdc       0xac
 *(.rodata .rodata.* .gnu.linkonce.r.*)
 .rodata        0x00000fdc       0x76 .\CortexM3\ARM_GCC_541\Debug\cyfitter_cfg.o
                0x00000fdc                AMux__addrTable
                0x00000ffc                AMux__maskTable
                0x00001004                ADC_DelSig_AMux__addrTable
                0x0000100c                ADC_DelSig_AMux__maskTable
 .rodata.str1.1
                0x00001052        0x2 c:/program files (x86)/cypress/psoc creator/4.4/psoc creator/import/gnu/arm/5.4.1/bin/../lib/gcc/arm-none-eabi/5.4.1/../../../../arm-none-eabi/lib/armv7-m\libg_nano.a(lib_a-impure.o)
                0x00001054                . = ALIGN (0x4)
 *(.init)
 .init          0x00001054        0x4 c:/program files (x86)/cypress/psoc creator/4.4/psoc creator/import/gnu/arm/5.4.1/bin/../lib/gcc/arm-none-eabi/5.4.1/armv7-m/crti.o
                0x00001054                _init
 .init          0x00001058        0x8 c:/program files (x86)/cypress/psoc creator/4.4/psoc creator/import/gnu/arm/5.4.1/bin/../lib/gcc/arm-none-eabi/5.4.1/armv7-m/crtn.o
                0x00001060                . = ALIGN (0x4)
                0x00001060                __preinit_array_start = .
 *(.preinit_array)
                0x00001060                __preinit_array_end = .
                0x00001060                . = ALIGN (0x4)
                0x00001060                __init_array_start = .
 *(SORT(.init_array.*))
 *(.init_array)
 .init_array    0x00001060        0x4 c:/program files (x86)/cypress/psoc creator/4.4/psoc creator/import/gnu/arm/5.4.1/bin/../lib/gcc/arm-none-eabi/5.4.1/armv7-m/crtbegin.o
 .init_array    0x00001064        0x4 .\CortexM3\ARM_GCC_541\Debug\Cm3Start.o
                0x00001068                __init_array_end = .
                0x00001068                . = ALIGN (0x4)
 *(.fini)
 .fini          0x00001068        0x4 c:/program files (x86)/cypress/psoc creator/4.4/psoc creator/import/gnu/arm/5.4.1/bin/../lib/gcc/arm-none-eabi/5.4.1/armv7-m/crti.o
                0x00001068                _fini
 .fini          0x0000106c        0x8 c:/program files (x86)/cypress/psoc creator/4.4/psoc creator/import/gnu/arm/5.4.1/bin/../lib/gcc/arm-none-eabi/5.4.1/armv7-m/crtn.o
                0x00001074                . = ALIGN (0x4)
                0x00001074                __fini_array_start = .
 *(.fini_array)
 .fini_array    0x00001074        0x4 c:/program files (x86)/cypress/psoc creator/4.4/psoc creator/import/gnu/arm/5.4.1/bin/../lib/gcc/arm-none-eabi/5.4.1/armv7-m/crtbegin.o
 *(SORT(.fini_array.*))
                0x00001078                __fini_array_end = .
                0x00001078                . = ALIGN (0x4)
 *crtbegin.o(.ctors)
 *(EXCLUDE_FILE(*crtend.o) .ctors)
 *(SORT(.ctors.*))
 *crtend.o(.ctors)
                0x00001078                . = ALIGN (0x4)
 *crtbegin.o(.dtors)
 *(EXCLUDE_FILE(*crtend.o) .dtors)
 *(SORT(.dtors.*))
 *crtend.o(.dtors)
                0x00001078                . = ALIGN (0x4)
                0x00001078                __cy_regions = .
                0x00001078        0x4 LONG 0x1088 __cy_region_init_ram
                0x0000107c        0x4 LONG 0x1fff80c8 __cy_region_start_data
                0x00001080        0x4 LONG 0x80 __cy_region_init_size_ram
                0x00001084        0x4 LONG 0x60 __cy_region_zero_size_ram
                0x00001088                __cy_regions_end = .
                0x00001088                . = ALIGN (0x8)
                0x00001088                _etext = .

.cy_checksum_exclude
                0x00001088        0x0
 *(.cy_checksum_exclude)

.ramvectors     0x1fff8000       0xc0
                0x1fff8000                __cy_region_start_ram = .
 *(.ramvectors)
 .ramvectors    0x1fff8000       0xc0 .\CortexM3\ARM_GCC_541\Debug\Cm3Start.o
                0x1fff8000                CyRamVectors

.noinit         0x1fff80c0        0x1
 *(.noinit)
 .noinit        0x1fff80c0        0x1 .\CortexM3\ARM_GCC_541\Debug\Project3!.a(CyLib.o)
                0x1fff80c0                CyResetStatus

.data           0x1fff80c8       0x80 load address 0x00001088
                0x1fff80c8                __cy_region_start_data = .
 *(.jcr)
 .jcr           0x1fff80c8        0x0 c:/program files (x86)/cypress/psoc creator/4.4/psoc creator/import/gnu/arm/5.4.1/bin/../lib/gcc/arm-none-eabi/5.4.1/armv7-m/crtbegin.o
 .jcr           0x1fff80c8        0x4 c:/program files (x86)/cypress/psoc creator/4.4/psoc creator/import/gnu/arm/5.4.1/bin/../lib/gcc/arm-none-eabi/5.4.1/armv7-m/crtend.o
 *(.got.plt)
 *(.got)
 *(.shdata)
 *(.data .data.* .gnu.linkonce.d.*)
 .data          0x1fff80cc        0x1 .\CortexM3\ARM_GCC_541\Debug\Project3!.a(ADC_DelSig.o)
                0x1fff80cc                ADC_DelSig_Config
 .data          0x1fff80cd        0x1 .\CortexM3\ARM_GCC_541\Debug\Project3!.a(AMux.o)
 .data          0x1fff80ce        0x1 .\CortexM3\ARM_GCC_541\Debug\Project3!.a(ADC_DelSig_AMux.o)
 *fill*         0x1fff80cf        0x1 
 .data          0x1fff80d0       0x10 .\CortexM3\ARM_GCC_541\Debug\Project3!.a(CyLib.o)
                0x1fff80d0                cydelay_32k_ms
                0x1fff80d4                cydelay_freq_khz
                0x1fff80d8                cydelay_freq_mhz
                0x1fff80dc                cydelay_freq_hz
 .data.impure_data
                0x1fff80e0       0x60 c:/program files (x86)/cypress/psoc creator/4.4/psoc creator/import/gnu/arm/5.4.1/bin/../lib/gcc/arm-none-eabi/5.4.1/../../../../arm-none-eabi/lib/armv7-m\libg_nano.a(lib_a-impure.o)
 .data._impure_ptr
                0x1fff8140        0x4 c:/program files (x86)/cypress/psoc creator/4.4/psoc creator/import/gnu/arm/5.4.1/bin/../lib/gcc/arm-none-eabi/5.4.1/../../../../arm-none-eabi/lib/armv7-m\libg_nano.a(lib_a-impure.o)
                0x1fff8140                _impure_ptr
                0x1fff8148                . = ALIGN (0x8)
 *fill*         0x1fff8144        0x4 
 *(.ram)
                0x1fff8148                _edata = .

.igot.plt       0x1fff8148        0x0 load address 0x00001108
 .igot.plt      0x1fff8148        0x0 c:/program files (x86)/cypress/psoc creator/4.4/psoc creator/import/gnu/arm/5.4.1/bin/../lib/gcc/arm-none-eabi/5.4.1/armv7-m/crtbegin.o

.bss            0x1fff8148       0x60 load address 0x00001108
                0x1fff8148                PROVIDE (__bss_start__, .)
 *(.shbss)
 *(.bss .bss.* .gnu.linkonce.b.*)
 .bss           0x1fff8148       0x1c c:/program files (x86)/cypress/psoc creator/4.4/psoc creator/import/gnu/arm/5.4.1/bin/../lib/gcc/arm-none-eabi/5.4.1/armv7-m/crtbegin.o
 .bss           0x1fff8164        0x3 .\CortexM3\ARM_GCC_541\Debug\Interrupt_Routines.o
                0x1fff8164                j
                0x1fff8165                i
                0x1fff8166                k
 .bss           0x1fff8167        0x2 .\CortexM3\ARM_GCC_541\Debug\Project3!.a(UART.o)
                0x1fff8167                UART_initVar
 *fill*         0x1fff8169        0x3 
 .bss           0x1fff816c        0xc .\CortexM3\ARM_GCC_541\Debug\Project3!.a(ADC_DelSig.o)
                0x1fff8170                ADC_DelSig_stopConversion
                0x1fff8171                ADC_DelSig_convDone
                0x1fff8172                ADC_DelSig_initVar
                0x1fff8173                ADC_DelSig_started
                0x1fff8174                ADC_DelSig_Offset
 .bss           0x1fff8178        0x1 .\CortexM3\ARM_GCC_541\Debug\Project3!.a(Timer.o)
                0x1fff8178                Timer_initVar
 *(COMMON)
 *fill*         0x1fff8179        0x3 
 COMMON         0x1fff817c        0xb .\CortexM3\ARM_GCC_541\Debug\main.o
                0x1fff817c                DataBuffer
                0x1fff8186                PacketReadyFlag
 *fill*         0x1fff8187        0x1 
 COMMON         0x1fff8188       0x18 .\CortexM3\ARM_GCC_541\Debug\Interrupt_Routines.o
                0x1fff8188                value_read
                0x1fff8198                value_digit
                0x1fff819c                codifica
 COMMON         0x1fff81a0        0x4 .\CortexM3\ARM_GCC_541\Debug\Project3!.a(ADC_DelSig.o)
                0x1fff81a0                ADC_DelSig_CountsPerVolt
                0x1fff81a8                . = ALIGN (0x8)
 *fill*         0x1fff81a4        0x4 
 *(.ram.b)
                0x1fff81a8                _end = .
                0x1fff81a8                __end = .
                0x1fff81a8                PROVIDE (end, .)
                0x1fff81a8                PROVIDE (__bss_end__, .)
                0x00001088                __cy_region_init_ram = LOADADDR (.data)
                0x00000080                __cy_region_init_size_ram = (_edata - ADDR (.data))
                0x00000060                __cy_region_zero_size_ram = (_end - _edata)

.heap           0x1fff81a8       0x80 load address 0x00001108
                0x1fff81a8                . = _end
                0x1fff8228                . = (. + 0x80)
 *fill*         0x1fff81a8       0x80 
                0x1fff8228                __cy_heap_limit = .

.stack          0x20007800      0x800
                0x20007800                __cy_stack_limit = .
                0x20008000                . = (. + 0x800)
 *fill*         0x20007800      0x800 
                0x00000001                ASSERT ((__cy_stack_limit >= __cy_heap_limit), region RAM overflowed with stack)
                0x00000000                cy_checksum_exclude_size = (CY_APPL_LOADABLE == 0x1)?SIZEOF (.cy_checksum_exclude):0x0
                0x00000001                ASSERT ((cy_checksum_exclude_size <= CY_CHECKSUM_EXCLUDE_SIZE), CY_BOOT: Section .cy_checksum_exclude size exceedes specified limit.)

.cyloadermeta
 *(.cyloadermeta)

.cyloadablemeta
 *(.cyloadablemeta)

.cyconfigecc    0x80000000      0x204
 *(.cyconfigecc)
 .cyconfigecc   0x80000000      0x204 .\CortexM3\ARM_GCC_541\Debug\cymetadata.o
                0x80000000                cy_meta_configecc

.cycustnvl      0x90000000        0x4
 *(.cycustnvl)
 .cycustnvl     0x90000000        0x4 .\CortexM3\ARM_GCC_541\Debug\cymetadata.o
                0x90000000                cy_meta_custnvl

.cywolatch      0x90100000        0x4
 *(.cywolatch)
 .cywolatch     0x90100000        0x4 .\CortexM3\ARM_GCC_541\Debug\cymetadata.o
                0x90100000                cy_meta_wonvl

.cyeeprom       0x90200000        0x0
 *(.cyeeprom)
                0x00000001                ASSERT ((. <= ((0x90200000 + ee_offset) + ee_size)), .cyeeprom data will not fit in EEPROM)

.cyflashprotect
                0x90400000      0x100
 *(.cyflashprotect)
 .cyflashprotect
                0x90400000      0x100 .\CortexM3\ARM_GCC_541\Debug\cymetadata.o
                0x90400000                cy_meta_flashprotect

.cymeta         0x90500000        0xc
 *(.cymeta)
 .cymeta        0x90500000        0xc .\CortexM3\ARM_GCC_541\Debug\cymetadata.o
                0x90500000                cy_metadata

.rel.dyn        0x00001108        0x0 load address 0x9050000c
 .rel.iplt      0x00001108        0x0 c:/program files (x86)/cypress/psoc creator/4.4/psoc creator/import/gnu/arm/5.4.1/bin/../lib/gcc/arm-none-eabi/5.4.1/armv7-m/crtbegin.o

.stab
 *(.stab)

.stabstr
 *(.stabstr)

.debug
 *(.debug)

.line
 *(.line)

.debug_srcinfo
 *(.debug_srcinfo)

.debug_sfnames
 *(.debug_sfnames)

.debug_aranges  0x00000000      0xa00
 *(.debug_aranges)
 .debug_aranges
                0x00000000       0x20 .\CortexM3\ARM_GCC_541\Debug\main.o
 .debug_aranges
                0x00000020       0x20 .\CortexM3\ARM_GCC_541\Debug\Interrupt_Routines.o
 .debug_aranges
                0x00000040       0x78 .\CortexM3\ARM_GCC_541\Debug\cyfitter_cfg.o
 .debug_aranges
                0x000000b8       0x18 .\CortexM3\ARM_GCC_541\Debug\cymetadata.o
 .debug_aranges
                0x000000d0       0x48 .\CortexM3\ARM_GCC_541\Debug\Cm3Start.o
 .debug_aranges
                0x00000118       0xa0 .\CortexM3\ARM_GCC_541\Debug\Project3!.a(UART.o)
 .debug_aranges
                0x000001b8       0xe8 .\CortexM3\ARM_GCC_541\Debug\Project3!.a(ADC_DelSig.o)
 .debug_aranges
                0x000002a0       0x38 .\CortexM3\ARM_GCC_541\Debug\Project3!.a(ADC_DelSig_INT.o)
 .debug_aranges
                0x000002d8       0x88 .\CortexM3\ARM_GCC_541\Debug\Project3!.a(Timer.o)
 .debug_aranges
                0x00000360       0x80 .\CortexM3\ARM_GCC_541\Debug\Project3!.a(isr_ADC.o)
 .debug_aranges
                0x000003e0       0x30 .\CortexM3\ARM_GCC_541\Debug\Project3!.a(AMux.o)
 .debug_aranges
                0x00000410       0x70 .\CortexM3\ARM_GCC_541\Debug\Project3!.a(UART_IntClock.o)
 .debug_aranges
                0x00000480       0x30 .\CortexM3\ARM_GCC_541\Debug\Project3!.a(ADC_DelSig_AMux.o)
 .debug_aranges
                0x000004b0       0x70 .\CortexM3\ARM_GCC_541\Debug\Project3!.a(ADC_DelSig_Ext_CP_Clk.o)
 .debug_aranges
                0x00000520       0x80 .\CortexM3\ARM_GCC_541\Debug\Project3!.a(ADC_DelSig_theACLK.o)
 .debug_aranges
                0x000005a0      0x2a0 .\CortexM3\ARM_GCC_541\Debug\Project3!.a(CyLib.o)
 .debug_aranges
                0x00000840       0x98 .\CortexM3\ARM_GCC_541\Debug\Project3!.a(cyPm.o)
 .debug_aranges
                0x000008d8       0x20 .\CortexM3\ARM_GCC_541\Debug\Project3!.a(CyBootAsmGnu.o)
 .debug_aranges
                0x000008f8       0x88 .\CortexM3\ARM_GCC_541\Debug\Project3!.a(CyFlash.o)
 .debug_aranges
                0x00000980       0x80 .\CortexM3\ARM_GCC_541\Debug\Project3!.a(CySpc.o)

.debug_pubnames
 *(.debug_pubnames)

.debug_info     0x00000000     0x590b
 *(.debug_info .gnu.linkonce.wi.*)
 .debug_info    0x00000000      0x1d1 .\CortexM3\ARM_GCC_541\Debug\main.o
 .debug_info    0x000001d1      0x1f4 .\CortexM3\ARM_GCC_541\Debug\Interrupt_Routines.o
 .debug_info    0x000003c5      0x702 .\CortexM3\ARM_GCC_541\Debug\cyfitter_cfg.o
 .debug_info    0x00000ac7      0x135 .\CortexM3\ARM_GCC_541\Debug\cymetadata.o
 .debug_info    0x00000bfc      0x3bb .\CortexM3\ARM_GCC_541\Debug\Cm3Start.o
 .debug_info    0x00000fb7      0x45c .\CortexM3\ARM_GCC_541\Debug\Project3!.a(UART.o)
 .debug_info    0x00001413      0xa19 .\CortexM3\ARM_GCC_541\Debug\Project3!.a(ADC_DelSig.o)
 .debug_info    0x00001e2c       0xd3 .\CortexM3\ARM_GCC_541\Debug\Project3!.a(ADC_DelSig_INT.o)
 .debug_info    0x00001eff      0x293 .\CortexM3\ARM_GCC_541\Debug\Project3!.a(Timer.o)
 .debug_info    0x00002192      0x2d2 .\CortexM3\ARM_GCC_541\Debug\Project3!.a(isr_ADC.o)
 .debug_info    0x00002464      0x165 .\CortexM3\ARM_GCC_541\Debug\Project3!.a(AMux.o)
 .debug_info    0x000025c9      0x283 .\CortexM3\ARM_GCC_541\Debug\Project3!.a(UART_IntClock.o)
 .debug_info    0x0000284c      0x165 .\CortexM3\ARM_GCC_541\Debug\Project3!.a(ADC_DelSig_AMux.o)
 .debug_info    0x000029b1      0x283 .\CortexM3\ARM_GCC_541\Debug\Project3!.a(ADC_DelSig_Ext_CP_Clk.o)
 .debug_info    0x00002c34      0x2c4 .\CortexM3\ARM_GCC_541\Debug\Project3!.a(ADC_DelSig_theACLK.o)
 .debug_info    0x00002ef8     0x1374 .\CortexM3\ARM_GCC_541\Debug\Project3!.a(CyLib.o)
 .debug_info    0x0000426c      0xa2a .\CortexM3\ARM_GCC_541\Debug\Project3!.a(cyPm.o)
 .debug_info    0x00004c96       0xd8 .\CortexM3\ARM_GCC_541\Debug\Project3!.a(CyBootAsmGnu.o)
 .debug_info    0x00004d6e      0x64d .\CortexM3\ARM_GCC_541\Debug\Project3!.a(CyFlash.o)
 .debug_info    0x000053bb      0x550 .\CortexM3\ARM_GCC_541\Debug\Project3!.a(CySpc.o)

.debug_abbrev   0x00000000     0x189c
 *(.debug_abbrev)
 .debug_abbrev  0x00000000       0xe9 .\CortexM3\ARM_GCC_541\Debug\main.o
 .debug_abbrev  0x000000e9       0xc6 .\CortexM3\ARM_GCC_541\Debug\Interrupt_Routines.o
 .debug_abbrev  0x000001af      0x22d .\CortexM3\ARM_GCC_541\Debug\cyfitter_cfg.o
 .debug_abbrev  0x000003dc       0x66 .\CortexM3\ARM_GCC_541\Debug\cymetadata.o
 .debug_abbrev  0x00000442      0x1e8 .\CortexM3\ARM_GCC_541\Debug\Cm3Start.o
 .debug_abbrev  0x0000062a      0x175 .\CortexM3\ARM_GCC_541\Debug\Project3!.a(UART.o)
 .debug_abbrev  0x0000079f      0x1eb .\CortexM3\ARM_GCC_541\Debug\Project3!.a(ADC_DelSig.o)
 .debug_abbrev  0x0000098a       0x42 .\CortexM3\ARM_GCC_541\Debug\Project3!.a(ADC_DelSig_INT.o)
 .debug_abbrev  0x000009cc      0x11a .\CortexM3\ARM_GCC_541\Debug\Project3!.a(Timer.o)
 .debug_abbrev  0x00000ae6      0x173 .\CortexM3\ARM_GCC_541\Debug\Project3!.a(isr_ADC.o)
 .debug_abbrev  0x00000c59       0xb1 .\CortexM3\ARM_GCC_541\Debug\Project3!.a(AMux.o)
 .debug_abbrev  0x00000d0a      0x139 .\CortexM3\ARM_GCC_541\Debug\Project3!.a(UART_IntClock.o)
 .debug_abbrev  0x00000e43       0xb1 .\CortexM3\ARM_GCC_541\Debug\Project3!.a(ADC_DelSig_AMux.o)
 .debug_abbrev  0x00000ef4      0x139 .\CortexM3\ARM_GCC_541\Debug\Project3!.a(ADC_DelSig_Ext_CP_Clk.o)
 .debug_abbrev  0x0000102d      0x121 .\CortexM3\ARM_GCC_541\Debug\Project3!.a(ADC_DelSig_theACLK.o)
 .debug_abbrev  0x0000114e      0x254 .\CortexM3\ARM_GCC_541\Debug\Project3!.a(CyLib.o)
 .debug_abbrev  0x000013a2      0x1ab .\CortexM3\ARM_GCC_541\Debug\Project3!.a(cyPm.o)
 .debug_abbrev  0x0000154d       0x14 .\CortexM3\ARM_GCC_541\Debug\Project3!.a(CyBootAsmGnu.o)
 .debug_abbrev  0x00001561      0x1a7 .\CortexM3\ARM_GCC_541\Debug\Project3!.a(CyFlash.o)
 .debug_abbrev  0x00001708      0x194 .\CortexM3\ARM_GCC_541\Debug\Project3!.a(CySpc.o)

.debug_line     0x00000000     0x2869
 *(.debug_line)
 .debug_line    0x00000000      0x1d6 .\CortexM3\ARM_GCC_541\Debug\main.o
 .debug_line    0x000001d6      0x203 .\CortexM3\ARM_GCC_541\Debug\Interrupt_Routines.o
 .debug_line    0x000003d9      0x24e .\CortexM3\ARM_GCC_541\Debug\cyfitter_cfg.o
 .debug_line    0x00000627      0x141 .\CortexM3\ARM_GCC_541\Debug\cymetadata.o
 .debug_line    0x00000768      0x234 .\CortexM3\ARM_GCC_541\Debug\Cm3Start.o
 .debug_line    0x0000099c      0x1f0 .\CortexM3\ARM_GCC_541\Debug\Project3!.a(UART.o)
 .debug_line    0x00000b8c      0x373 .\CortexM3\ARM_GCC_541\Debug\Project3!.a(ADC_DelSig.o)
 .debug_line    0x00000eff       0x87 .\CortexM3\ARM_GCC_541\Debug\Project3!.a(ADC_DelSig_INT.o)
 .debug_line    0x00000f86      0x153 .\CortexM3\ARM_GCC_541\Debug\Project3!.a(Timer.o)
 .debug_line    0x000010d9      0x134 .\CortexM3\ARM_GCC_541\Debug\Project3!.a(isr_ADC.o)
 .debug_line    0x0000120d       0xa8 .\CortexM3\ARM_GCC_541\Debug\Project3!.a(AMux.o)
 .debug_line    0x000012b5      0x17c .\CortexM3\ARM_GCC_541\Debug\Project3!.a(UART_IntClock.o)
 .debug_line    0x00001431       0xb3 .\CortexM3\ARM_GCC_541\Debug\Project3!.a(ADC_DelSig_AMux.o)
 .debug_line    0x000014e4      0x184 .\CortexM3\ARM_GCC_541\Debug\Project3!.a(ADC_DelSig_Ext_CP_Clk.o)
 .debug_line    0x00001668      0x1a4 .\CortexM3\ARM_GCC_541\Debug\Project3!.a(ADC_DelSig_theACLK.o)
 .debug_line    0x0000180c      0x816 .\CortexM3\ARM_GCC_541\Debug\Project3!.a(CyLib.o)
 .debug_line    0x00002022      0x367 .\CortexM3\ARM_GCC_541\Debug\Project3!.a(cyPm.o)
 .debug_line    0x00002389       0x66 .\CortexM3\ARM_GCC_541\Debug\Project3!.a(CyBootAsmGnu.o)
 .debug_line    0x000023ef      0x21a .\CortexM3\ARM_GCC_541\Debug\Project3!.a(CyFlash.o)
 .debug_line    0x00002609      0x260 .\CortexM3\ARM_GCC_541\Debug\Project3!.a(CySpc.o)

.debug_frame    0x00000000     0x194c
 *(.debug_frame)
 .debug_frame   0x00000000       0x2c .\CortexM3\ARM_GCC_541\Debug\main.o
 .debug_frame   0x0000002c       0x2c .\CortexM3\ARM_GCC_541\Debug\Interrupt_Routines.o
 .debug_frame   0x00000058      0x13c .\CortexM3\ARM_GCC_541\Debug\cyfitter_cfg.o
 .debug_frame   0x00000194       0xb8 .\CortexM3\ARM_GCC_541\Debug\Cm3Start.o
 .debug_frame   0x0000024c      0x198 .\CortexM3\ARM_GCC_541\Debug\Project3!.a(UART.o)
 .debug_frame   0x000003e4      0x284 .\CortexM3\ARM_GCC_541\Debug\Project3!.a(ADC_DelSig.o)
 .debug_frame   0x00000668       0x50 .\CortexM3\ARM_GCC_541\Debug\Project3!.a(ADC_DelSig_INT.o)
 .debug_frame   0x000006b8      0x108 .\CortexM3\ARM_GCC_541\Debug\Project3!.a(Timer.o)
 .debug_frame   0x000007c0      0x104 .\CortexM3\ARM_GCC_541\Debug\Project3!.a(isr_ADC.o)
 .debug_frame   0x000008c4       0x64 .\CortexM3\ARM_GCC_541\Debug\Project3!.a(AMux.o)
 .debug_frame   0x00000928       0xe0 .\CortexM3\ARM_GCC_541\Debug\Project3!.a(UART_IntClock.o)
 .debug_frame   0x00000a08       0x64 .\CortexM3\ARM_GCC_541\Debug\Project3!.a(ADC_DelSig_AMux.o)
 .debug_frame   0x00000a6c       0xe0 .\CortexM3\ARM_GCC_541\Debug\Project3!.a(ADC_DelSig_Ext_CP_Clk.o)
 .debug_frame   0x00000b4c      0x100 .\CortexM3\ARM_GCC_541\Debug\Project3!.a(ADC_DelSig_theACLK.o)
 .debug_frame   0x00000c4c      0x738 .\CortexM3\ARM_GCC_541\Debug\Project3!.a(CyLib.o)
 .debug_frame   0x00001384      0x1f8 .\CortexM3\ARM_GCC_541\Debug\Project3!.a(cyPm.o)
 .debug_frame   0x0000157c      0x194 .\CortexM3\ARM_GCC_541\Debug\Project3!.a(CyFlash.o)
 .debug_frame   0x00001710      0x180 .\CortexM3\ARM_GCC_541\Debug\Project3!.a(CySpc.o)
 .debug_frame   0x00001890       0x20 c:/program files (x86)/cypress/psoc creator/4.4/psoc creator/import/gnu/arm/5.4.1/bin/../lib/gcc/arm-none-eabi/5.4.1/../../../../arm-none-eabi/lib/armv7-m\libg_nano.a(lib_a-errno.o)
 .debug_frame   0x000018b0       0x28 c:/program files (x86)/cypress/psoc creator/4.4/psoc creator/import/gnu/arm/5.4.1/bin/../lib/gcc/arm-none-eabi/5.4.1/../../../../arm-none-eabi/lib/armv7-m\libg_nano.a(lib_a-exit.o)
 .debug_frame   0x000018d8       0x2c c:/program files (x86)/cypress/psoc creator/4.4/psoc creator/import/gnu/arm/5.4.1/bin/../lib/gcc/arm-none-eabi/5.4.1/../../../../arm-none-eabi/lib/armv7-m\libg_nano.a(lib_a-init.o)
 .debug_frame   0x00001904       0x28 c:/program files (x86)/cypress/psoc creator/4.4/psoc creator/import/gnu/arm/5.4.1/bin/../lib/gcc/arm-none-eabi/5.4.1/../../../../arm-none-eabi/lib/armv7-m\libg_nano.a(lib_a-memcpy-stub.o)
 .debug_frame   0x0000192c       0x20 c:/program files (x86)/cypress/psoc creator/4.4/psoc creator/import/gnu/arm/5.4.1/bin/../lib/gcc/arm-none-eabi/5.4.1/../../../../arm-none-eabi/lib/armv7-m\libg_nano.a(lib_a-memset.o)

.debug_str      0x00000000     0x2262
 *(.debug_str)
 .debug_str     0x00000000      0x225 .\CortexM3\ARM_GCC_541\Debug\main.o
                                0x27d (size before relaxing)
 .debug_str     0x00000225       0x79 .\CortexM3\ARM_GCC_541\Debug\Interrupt_Routines.o
                                0x293 (size before relaxing)
 .debug_str     0x0000029e      0x21e .\CortexM3\ARM_GCC_541\Debug\cyfitter_cfg.o
                                0x428 (size before relaxing)
 .debug_str     0x000004bc       0x7f .\CortexM3\ARM_GCC_541\Debug\cymetadata.o
                                0x22c (size before relaxing)
 .debug_str     0x0000053b      0x144 .\CortexM3\ARM_GCC_541\Debug\Cm3Start.o
                                0x352 (size before relaxing)
 .debug_str     0x0000067f      0x1f3 .\CortexM3\ARM_GCC_541\Debug\Project3!.a(UART.o)
                                0x3e6 (size before relaxing)
 .debug_str     0x00000872      0x47b .\CortexM3\ARM_GCC_541\Debug\Project3!.a(ADC_DelSig.o)
                                0x730 (size before relaxing)
 .debug_str     0x00000ced       0x68 .\CortexM3\ARM_GCC_541\Debug\Project3!.a(ADC_DelSig_INT.o)
                                0x22b (size before relaxing)
 .debug_str     0x00000d55      0x135 .\CortexM3\ARM_GCC_541\Debug\Project3!.a(Timer.o)
                                0x33d (size before relaxing)
 .debug_str     0x00000e8a      0x10a .\CortexM3\ARM_GCC_541\Debug\Project3!.a(isr_ADC.o)
                                0x30a (size before relaxing)
 .debug_str     0x00000f94       0x23 .\CortexM3\ARM_GCC_541\Debug\Project3!.a(AMux.o)
                                0x22b (size before relaxing)
 .debug_str     0x00000fb7      0x181 .\CortexM3\ARM_GCC_541\Debug\Project3!.a(UART_IntClock.o)
                                0x37e (size before relaxing)
 .debug_str     0x00001138       0x76 .\CortexM3\ARM_GCC_541\Debug\Project3!.a(ADC_DelSig_AMux.o)
                                0x278 (size before relaxing)
 .debug_str     0x000011ae      0x170 .\CortexM3\ARM_GCC_541\Debug\Project3!.a(ADC_DelSig_Ext_CP_Clk.o)
                                0x3de (size before relaxing)
 .debug_str     0x0000131e      0x1a3 .\CortexM3\ARM_GCC_541\Debug\Project3!.a(ADC_DelSig_theACLK.o)
                                0x40b (size before relaxing)
 .debug_str     0x000014c1      0x7d5 .\CortexM3\ARM_GCC_541\Debug\Project3!.a(CyLib.o)
                                0xa8f (size before relaxing)
 .debug_str     0x00001c96      0x365 .\CortexM3\ARM_GCC_541\Debug\Project3!.a(cyPm.o)
                                0x77b (size before relaxing)
 .debug_str     0x00001ffb      0x1bb .\CortexM3\ARM_GCC_541\Debug\Project3!.a(CyFlash.o)
                                0x408 (size before relaxing)
 .debug_str     0x000021b6       0xac .\CortexM3\ARM_GCC_541\Debug\Project3!.a(CySpc.o)
                                0x380 (size before relaxing)

.debug_loc      0x00000000     0x28b4
 *(.debug_loc)
 .debug_loc     0x00000000       0x29 .\CortexM3\ARM_GCC_541\Debug\main.o
 .debug_loc     0x00000029      0x349 .\CortexM3\ARM_GCC_541\Debug\cyfitter_cfg.o
 .debug_loc     0x00000372      0x144 .\CortexM3\ARM_GCC_541\Debug\Cm3Start.o
 .debug_loc     0x000004b6      0x1f7 .\CortexM3\ARM_GCC_541\Debug\Project3!.a(UART.o)
 .debug_loc     0x000006ad      0x68c .\CortexM3\ARM_GCC_541\Debug\Project3!.a(ADC_DelSig.o)
 .debug_loc     0x00000d39       0x56 .\CortexM3\ARM_GCC_541\Debug\Project3!.a(isr_ADC.o)
 .debug_loc     0x00000d8f       0x6c .\CortexM3\ARM_GCC_541\Debug\Project3!.a(AMux.o)
 .debug_loc     0x00000dfb      0x128 .\CortexM3\ARM_GCC_541\Debug\Project3!.a(UART_IntClock.o)
 .debug_loc     0x00000f23       0x6c .\CortexM3\ARM_GCC_541\Debug\Project3!.a(ADC_DelSig_AMux.o)
 .debug_loc     0x00000f8f      0x12c .\CortexM3\ARM_GCC_541\Debug\Project3!.a(ADC_DelSig_Ext_CP_Clk.o)
 .debug_loc     0x000010bb      0x14d .\CortexM3\ARM_GCC_541\Debug\Project3!.a(ADC_DelSig_theACLK.o)
 .debug_loc     0x00001208      0xa11 .\CortexM3\ARM_GCC_541\Debug\Project3!.a(CyLib.o)
 .debug_loc     0x00001c19      0x1e4 .\CortexM3\ARM_GCC_541\Debug\Project3!.a(cyPm.o)
 .debug_loc     0x00001dfd      0x3b2 .\CortexM3\ARM_GCC_541\Debug\Project3!.a(CyFlash.o)
 .debug_loc     0x000021af      0x705 .\CortexM3\ARM_GCC_541\Debug\Project3!.a(CySpc.o)

.debug_macinfo
 *(.debug_macinfo)

.debug_ranges   0x00000000      0x8c0
 *(.debug_ranges)
 .debug_ranges  0x00000000       0x28 .\CortexM3\ARM_GCC_541\Debug\main.o
 .debug_ranges  0x00000028       0x10 .\CortexM3\ARM_GCC_541\Debug\Interrupt_Routines.o
 .debug_ranges  0x00000038       0x68 .\CortexM3\ARM_GCC_541\Debug\cyfitter_cfg.o
 .debug_ranges  0x000000a0       0x38 .\CortexM3\ARM_GCC_541\Debug\Cm3Start.o
 .debug_ranges  0x000000d8       0x90 .\CortexM3\ARM_GCC_541\Debug\Project3!.a(UART.o)
 .debug_ranges  0x00000168       0xd8 .\CortexM3\ARM_GCC_541\Debug\Project3!.a(ADC_DelSig.o)
 .debug_ranges  0x00000240       0x28 .\CortexM3\ARM_GCC_541\Debug\Project3!.a(ADC_DelSig_INT.o)
 .debug_ranges  0x00000268       0x78 .\CortexM3\ARM_GCC_541\Debug\Project3!.a(Timer.o)
 .debug_ranges  0x000002e0       0x70 .\CortexM3\ARM_GCC_541\Debug\Project3!.a(isr_ADC.o)
 .debug_ranges  0x00000350       0x20 .\CortexM3\ARM_GCC_541\Debug\Project3!.a(AMux.o)
 .debug_ranges  0x00000370       0x60 .\CortexM3\ARM_GCC_541\Debug\Project3!.a(UART_IntClock.o)
 .debug_ranges  0x000003d0       0x20 .\CortexM3\ARM_GCC_541\Debug\Project3!.a(ADC_DelSig_AMux.o)
 .debug_ranges  0x000003f0       0x60 .\CortexM3\ARM_GCC_541\Debug\Project3!.a(ADC_DelSig_Ext_CP_Clk.o)
 .debug_ranges  0x00000450       0x70 .\CortexM3\ARM_GCC_541\Debug\Project3!.a(ADC_DelSig_theACLK.o)
 .debug_ranges  0x000004c0      0x290 .\CortexM3\ARM_GCC_541\Debug\Project3!.a(CyLib.o)
 .debug_ranges  0x00000750       0x88 .\CortexM3\ARM_GCC_541\Debug\Project3!.a(cyPm.o)
 .debug_ranges  0x000007d8       0x78 .\CortexM3\ARM_GCC_541\Debug\Project3!.a(CyFlash.o)
 .debug_ranges  0x00000850       0x70 .\CortexM3\ARM_GCC_541\Debug\Project3!.a(CySpc.o)

.comment        0x00000000       0x6e
 .comment       0x00000000       0x6e .\CortexM3\ARM_GCC_541\Debug\main.o
                                 0x6f (size before relaxing)
 .comment       0x0000006e       0x6f .\CortexM3\ARM_GCC_541\Debug\Interrupt_Routines.o
 .comment       0x0000006e       0x6f .\CortexM3\ARM_GCC_541\Debug\cyfitter_cfg.o
 .comment       0x0000006e       0x6f .\CortexM3\ARM_GCC_541\Debug\cymetadata.o
 .comment       0x0000006e       0x6f .\CortexM3\ARM_GCC_541\Debug\Cm3Start.o
 .comment       0x0000006e       0x6f .\CortexM3\ARM_GCC_541\Debug\Project3!.a(UART.o)
 .comment       0x0000006e       0x6f .\CortexM3\ARM_GCC_541\Debug\Project3!.a(ADC_DelSig.o)
 .comment       0x0000006e       0x6f .\CortexM3\ARM_GCC_541\Debug\Project3!.a(ADC_DelSig_INT.o)
 .comment       0x0000006e       0x6f .\CortexM3\ARM_GCC_541\Debug\Project3!.a(Timer.o)
 .comment       0x0000006e       0x6f .\CortexM3\ARM_GCC_541\Debug\Project3!.a(isr_ADC.o)
 .comment       0x0000006e       0x6f .\CortexM3\ARM_GCC_541\Debug\Project3!.a(AMux.o)
 .comment       0x0000006e       0x6f .\CortexM3\ARM_GCC_541\Debug\Project3!.a(UART_IntClock.o)
 .comment       0x0000006e       0x6f .\CortexM3\ARM_GCC_541\Debug\Project3!.a(ADC_DelSig_AMux.o)
 .comment       0x0000006e       0x6f .\CortexM3\ARM_GCC_541\Debug\Project3!.a(ADC_DelSig_Ext_CP_Clk.o)
 .comment       0x0000006e       0x6f .\CortexM3\ARM_GCC_541\Debug\Project3!.a(ADC_DelSig_theACLK.o)
 .comment       0x0000006e       0x6f .\CortexM3\ARM_GCC_541\Debug\Project3!.a(CyLib.o)
 .comment       0x0000006e       0x6f .\CortexM3\ARM_GCC_541\Debug\Project3!.a(cyPm.o)
 .comment       0x0000006e       0x6f .\CortexM3\ARM_GCC_541\Debug\Project3!.a(CyFlash.o)
 .comment       0x0000006e       0x6f .\CortexM3\ARM_GCC_541\Debug\Project3!.a(CySpc.o)

.debug_weaknames
 *(.debug_weaknames)

.debug_funcnames
 *(.debug_funcnames)

.debug_typenames
 *(.debug_typenames)

.debug_varnames
 *(.debug_varnames)

.note.gnu.arm.ident
 *(.note.gnu.arm.ident)

.ARM.attributes
                0x00000000       0x29
 *(.ARM.attributes)
 .ARM.attributes
                0x00000000       0x1d c:/program files (x86)/cypress/psoc creator/4.4/psoc creator/import/gnu/arm/5.4.1/bin/../lib/gcc/arm-none-eabi/5.4.1/armv7-m/crti.o
 .ARM.attributes
                0x0000001d       0x2d c:/program files (x86)/cypress/psoc creator/4.4/psoc creator/import/gnu/arm/5.4.1/bin/../lib/gcc/arm-none-eabi/5.4.1/armv7-m/crtbegin.o
 .ARM.attributes
                0x0000004a       0x1b c:/program files (x86)/cypress/psoc creator/4.4/psoc creator/import/gnu/arm/5.4.1/bin/../lib/gcc/arm-none-eabi/5.4.1/../../../../arm-none-eabi/lib/armv7-m/crt0.o
 .ARM.attributes
                0x00000065       0x33 .\CortexM3\ARM_GCC_541\Debug\main.o
 .ARM.attributes
                0x00000098       0x33 .\CortexM3\ARM_GCC_541\Debug\Interrupt_Routines.o
 .ARM.attributes
                0x000000cb       0x33 .\CortexM3\ARM_GCC_541\Debug\cyfitter_cfg.o
 .ARM.attributes
                0x000000fe       0x33 .\CortexM3\ARM_GCC_541\Debug\cymetadata.o
 .ARM.attributes
                0x00000131       0x33 .\CortexM3\ARM_GCC_541\Debug\Cm3Start.o
 .ARM.attributes
                0x00000164       0x33 .\CortexM3\ARM_GCC_541\Debug\Project3!.a(UART.o)
 .ARM.attributes
                0x00000197       0x33 .\CortexM3\ARM_GCC_541\Debug\Project3!.a(ADC_DelSig.o)
 .ARM.attributes
                0x000001ca       0x33 .\CortexM3\ARM_GCC_541\Debug\Project3!.a(ADC_DelSig_INT.o)
 .ARM.attributes
                0x000001fd       0x33 .\CortexM3\ARM_GCC_541\Debug\Project3!.a(Timer.o)
 .ARM.attributes
                0x00000230       0x33 .\CortexM3\ARM_GCC_541\Debug\Project3!.a(isr_ADC.o)
 .ARM.attributes
                0x00000263       0x33 .\CortexM3\ARM_GCC_541\Debug\Project3!.a(AMux.o)
 .ARM.attributes
                0x00000296       0x33 .\CortexM3\ARM_GCC_541\Debug\Project3!.a(UART_IntClock.o)
 .ARM.attributes
                0x000002c9       0x33 .\CortexM3\ARM_GCC_541\Debug\Project3!.a(ADC_DelSig_AMux.o)
 .ARM.attributes
                0x000002fc       0x33 .\CortexM3\ARM_GCC_541\Debug\Project3!.a(ADC_DelSig_Ext_CP_Clk.o)
 .ARM.attributes
                0x0000032f       0x33 .\CortexM3\ARM_GCC_541\Debug\Project3!.a(ADC_DelSig_theACLK.o)
 .ARM.attributes
                0x00000362       0x33 .\CortexM3\ARM_GCC_541\Debug\Project3!.a(CyLib.o)
 .ARM.attributes
                0x00000395       0x33 .\CortexM3\ARM_GCC_541\Debug\Project3!.a(cyPm.o)
 .ARM.attributes
                0x000003c8       0x21 .\CortexM3\ARM_GCC_541\Debug\Project3!.a(CyBootAsmGnu.o)
 .ARM.attributes
                0x000003e9       0x33 .\CortexM3\ARM_GCC_541\Debug\Project3!.a(CyFlash.o)
 .ARM.attributes
                0x0000041c       0x33 .\CortexM3\ARM_GCC_541\Debug\Project3!.a(CySpc.o)
 .ARM.attributes
                0x0000044f       0x1d c:/program files (x86)/cypress/psoc creator/4.4/psoc creator/import/gnu/arm/5.4.1/bin/../lib/gcc/arm-none-eabi/5.4.1/armv7-m\libgcc.a(_arm_addsubdf3.o)
 .ARM.attributes
                0x0000046c       0x1d c:/program files (x86)/cypress/psoc creator/4.4/psoc creator/import/gnu/arm/5.4.1/bin/../lib/gcc/arm-none-eabi/5.4.1/armv7-m\libgcc.a(_arm_cmpdf2.o)
 .ARM.attributes
                0x00000489       0x1d c:/program files (x86)/cypress/psoc creator/4.4/psoc creator/import/gnu/arm/5.4.1/bin/../lib/gcc/arm-none-eabi/5.4.1/armv7-m\libgcc.a(_arm_addsubsf3.o)
 .ARM.attributes
                0x000004a6       0x1d c:/program files (x86)/cypress/psoc creator/4.4/psoc creator/import/gnu/arm/5.4.1/bin/../lib/gcc/arm-none-eabi/5.4.1/armv7-m\libgcc.a(_arm_muldivsf3.o)
 .ARM.attributes
                0x000004c3       0x1d c:/program files (x86)/cypress/psoc creator/4.4/psoc creator/import/gnu/arm/5.4.1/bin/../lib/gcc/arm-none-eabi/5.4.1/armv7-m\libgcc.a(_arm_fixunssfsi.o)
 .ARM.attributes
                0x000004e0       0x2d c:/program files (x86)/cypress/psoc creator/4.4/psoc creator/import/gnu/arm/5.4.1/bin/../lib/gcc/arm-none-eabi/5.4.1/../../../../arm-none-eabi/lib/armv7-m\libg_nano.a(lib_a-errno.o)
 .ARM.attributes
                0x0000050d       0x2d c:/program files (x86)/cypress/psoc creator/4.4/psoc creator/import/gnu/arm/5.4.1/bin/../lib/gcc/arm-none-eabi/5.4.1/../../../../arm-none-eabi/lib/armv7-m\libg_nano.a(lib_a-exit.o)
 .ARM.attributes
                0x0000053a       0x2d c:/program files (x86)/cypress/psoc creator/4.4/psoc creator/import/gnu/arm/5.4.1/bin/../lib/gcc/arm-none-eabi/5.4.1/../../../../arm-none-eabi/lib/armv7-m\libg_nano.a(lib_a-impure.o)
 .ARM.attributes
                0x00000567       0x2d c:/program files (x86)/cypress/psoc creator/4.4/psoc creator/import/gnu/arm/5.4.1/bin/../lib/gcc/arm-none-eabi/5.4.1/../../../../arm-none-eabi/lib/armv7-m\libg_nano.a(lib_a-init.o)
 .ARM.attributes
                0x00000594       0x2d c:/program files (x86)/cypress/psoc creator/4.4/psoc creator/import/gnu/arm/5.4.1/bin/../lib/gcc/arm-none-eabi/5.4.1/../../../../arm-none-eabi/lib/armv7-m\libg_nano.a(lib_a-memcpy-stub.o)
 .ARM.attributes
                0x000005c1       0x2d c:/program files (x86)/cypress/psoc creator/4.4/psoc creator/import/gnu/arm/5.4.1/bin/../lib/gcc/arm-none-eabi/5.4.1/../../../../arm-none-eabi/lib/armv7-m\libg_nano.a(lib_a-memset.o)
 .ARM.attributes
                0x000005ee       0x2d c:/program files (x86)/cypress/psoc creator/4.4/psoc creator/import/gnu/arm/5.4.1/bin/../lib/gcc/arm-none-eabi/5.4.1/armv7-m/crtend.o
 .ARM.attributes
                0x0000061b       0x1d c:/program files (x86)/cypress/psoc creator/4.4/psoc creator/import/gnu/arm/5.4.1/bin/../lib/gcc/arm-none-eabi/5.4.1/armv7-m/crtn.o

/DISCARD/
 *(.note.GNU-stack)
OUTPUT(C:\Users\Virginia\Desktop\UNI\LABORATORIO DI TECNOLOGIE ELETTRONICHE E BIOSENSORI\PROGETTO\CODICE\AY2223_I_Project-3\PSOC\Project3!.cydsn\CortexM3\ARM_GCC_541\Debug\Project3!.elf elf32-littlearm)
